Microchip MPLAB XC8 Compiler V2.30

Linker command line:

-W-3 --edf=/opt/microchip/xc8/v2.30/pic/dat/en_msgs.txt -cn \
  -h+dist/default/production/PicTest1.X.production.sym \
  --cmf=dist/default/production/PicTest1.X.production.cmf -z -Q16F18875 \
  -o/tmp/xcXAcAddD --defsym=__MPLAB_BUILD=1 \
  -Mdist/default/production/PicTest1.X.production.map -E1 -ver=XC8 Compiler \
  --acfsm=1493 -ASTACK=021D0h-022EFh -pstack=STACK -ACODE=00h-07FFhx4 \
  -ASTRCODE=00h-01FFFh -ASTRING=00h-0FFhx32 -ACONST=00h-0FFhx32 \
  -AENTRY=00h-0FFhx32 -ACOMMON=070h-07Fh -ABANK0=020h-06Fh \
  -ABANK1=0A0h-0EFh -ABANK2=0120h-016Fh -ABANK3=01A0h-01EFh \
  -ABANK4=0220h-026Fh -ABANK5=02A0h-02EFh -ABANK6=0320h-036Fh \
  -ABANK7=03A0h-03EFh -ABANK8=0420h-046Fh -ABANK9=04A0h-04EFh \
  -ABANK10=0520h-056Fh -ABANK11=05A0h-05EFh -ABANK12=0620h-064Fh \
  -ABIGRAM=02000h-023EFh \
  -ARAM=020h-06Fh,0A0h-0EFh,0120h-016Fh,01A0h-01EFh,0220h-026Fh,02A0h-02EFh,0320h-036Fh,03A0h-03EFh,0420h-046Fh,04A0h-04EFh,0520h-056Fh,05A0h-05EFh,0620h-064Fh \
  -AABS1=020h-07Fh,0A0h-0EFh,0120h-016Fh,01A0h-01EFh,0220h-026Fh,02A0h-02EFh,0320h-036Fh,03A0h-03EFh,0420h-046Fh,04A0h-04EFh,0520h-056Fh,05A0h-05EFh,0620h-064Fh \
  -ASFR0=00h-01Fh -ASFR1=080h-09Fh -ASFR2=0100h-011Fh -ASFR3=0180h-019Fh \
  -ASFR4=0200h-021Fh -ASFR5=0280h-029Fh -ASFR6=0300h-031Fh \
  -ASFR7=0380h-039Fh -ASFR8=0400h-041Fh -ASFR9=0480h-049Fh \
  -ASFR10=0500h-051Fh -ASFR11=0580h-059Fh -ASFR12=0600h-061Fh \
  -ASFR13=0680h-06EFh -ASFR14=0700h-076Fh -ASFR15=0780h-07EFh \
  -ASFR16=0800h-086Fh -ASFR17=0880h-08EFh -ASFR18=0900h-096Fh \
  -ASFR19=0980h-09EFh -ASFR20=0A00h-0A6Fh -ASFR21=0A80h-0AEFh \
  -ASFR22=0B00h-0B6Fh -ASFR23=0B80h-0BEFh -ASFR24=0C00h-0C6Fh \
  -ASFR25=0C80h-0CEFh -ASFR26=0D00h-0D6Fh -ASFR27=0D80h-0DEFh \
  -ASFR28=0E00h-0E6Fh -ASFR29=0E80h-0EEFh -ASFR30=0F00h-0F6Fh \
  -ASFR31=0F80h-0FEFh -ACONFIG=08007h-0800Bh -DCONFIG=2 \
  -AIDLOC=08000h-08003h -DIDLOC=2 -AEEDATA=00h-0FFh/0F000h \
  -peeprom_data=EEDATA -DEEDATA=2 -DCODE=2 -DSTRCODE=2 -DSTRING=2 -DCONST=2 \
  -DENTRY=2 -preset_vec=00h,intentry=04h,init,end_init -ppowerup=CODE \
  -pcinit=CODE -pfunctab=ENTRY -k /tmp/xcXAoIgdI.o \
  dist/default/production/PicTest1.X.production.o 

Object code version is 3.11

Machine type is 16F18875



                Name                               Link     Load   Length Selector   Space Scale
/tmp/xcXAoIgdI.o
                end_init                            1B1      1B1        2        8       0
                reset_vec                             0        0        2        0       0
                config                             8007     8007        5        0       4
dist/default/production/PicTest1.X.production.o
                cinit                               1B3      1B3       4B        8       0
                intentry                              4        4      1AD        8       0
                config                             8007     8007        5        0       4
                text39                              807      807       4A     100E       0
                text37                             15DD     15DD        E     2BBA       0
                text36                              8FC      8FC       5B     11F8       0
                text35                              E9A      E9A      166     1D34       0
                text34                              7F7      7F7        9        8       0
                text33                             15AF     15AF        B     2B5E       0
                text32                              A66      A66       AC     14CC       0
                text31                              800      800        7        8       0
                text30                             15C5     15C5        C     2B8A       0
                text29                             15EB     15EB       12     2BD6       0
                text28                              957      957       86     12AE       0
                text27                             1660     1660       1A     2CC0       0
                text26                              9DD      9DD       89     13BA       0
                text25                             16D5     16D5       21     2DAA       0
                text24                             15FD     15FD       18     2BFA       0
                text23                             17C0     17C0       40     2F80       0
                text22                              735      735       C2        8       0
                text21                             15BA     15BA        B     2B74       0
                text20                             16B5     16B5       20     2D6A       0
                text19                             1615     1615       19     2C2A       0
                text18                             16F6     16F6       22     2DEC       0
                text17                              B12      B12       AF     1624       0
                text16                              D95      D95      105     1B2A       0
                text15                              CA8      CA8       ED     1950       0
                text14                             167A     167A       1C     2CF4       0
                text13                                3        3        1        6       0
                text12                              851      851       52     10A2       0
                text11                             1762     1762       29     2EC4       0
                text10                              8A3      8A3       59     1146       0
                text9                               5C9      5C9      16C        8       0
                text8                              1696     1696       1F     2D2C       0
                text7                              162E     162E       19     2C5C       0
                text6                              1647     1647       19     2C8E       0
                text5                              173C     173C       26     2E78       0
                text4                               455      455      174        8       0
                text3                               1FE      1FE      257        8       0
                text2                              178B     178B       35     2F16       0
                text1                              1718     1718       24     2E30       0
                maintext                            BC1      BC1       E7     1782       0
                cstackBANK0                          20       20       46       20       1
                cstackCOMMON                         70       70        B       70       1
                cstackBANK1                          A0       A0       4A       A0       1
                cstackBANK2                         120      120       45      120       1
                clrtext                            15D1     15D1        C     2BA2       0
                bssBANK5                            2A0      2A0       40      2A0       1
                bssBANK4                            220      220       40      220       1
                bssBANK3                            1A0      1A0       32      1A0       1
                bssBANK2                            165      165        A      120       1
                bssBANK1                             EA       EA        6       A0       1
                bssBANK0                             66       66        5       20       1
                bssCOMMON                            7B       7B        3       70       1
                stringtext4                        186A     186A        3     3000       0
                stringtext3                        1853     1853       17     3000       0
                stringtext2                        183C     183C       17     3000       0
                stringtext1                        1800     1800       3C     3000       0

TOTAL           Name                               Link     Load   Length     Space
        CLASS   STACK          

        CLASS   CODE           
                end_init                            1B1      1B1        2         0
                cinit                               1B3      1B3       4B         0
                intentry                              4        4      1AD         0
                reset_vec                             0        0        2         0
                text39                              807      807       4A         0
                text37                             15DD     15DD        E         0
                text36                              8FC      8FC       5B         0
                text35                              E9A      E9A      166         0
                text34                              7F7      7F7        9         0
                text33                             15AF     15AF        B         0
                text32                              A66      A66       AC         0
                text31                              800      800        7         0
                text30                             15C5     15C5        C         0
                text29                             15EB     15EB       12         0
                text28                              957      957       86         0
                text27                             1660     1660       1A         0
                text26                              9DD      9DD       89         0
                text25                             16D5     16D5       21         0
                text24                             15FD     15FD       18         0
                text23                             17C0     17C0       40         0
                text22                              735      735       C2         0
                text21                             15BA     15BA        B         0
                text20                             16B5     16B5       20         0
                text19                             1615     1615       19         0
                text18                             16F6     16F6       22         0
                text17                              B12      B12       AF         0
                text16                              D95      D95      105         0
                text15                              CA8      CA8       ED         0
                text14                             167A     167A       1C         0
                text13                                3        3        1         0
                text12                              851      851       52         0
                text11                             1762     1762       29         0
                text10                              8A3      8A3       59         0
                text9                               5C9      5C9      16C         0
                text8                              1696     1696       1F         0
                text7                              162E     162E       19         0
                text6                              1647     1647       19         0
                text5                              173C     173C       26         0
                text4                               455      455      174         0
                text3                               1FE      1FE      257         0
                text2                              178B     178B       35         0
                text1                              1718     1718       24         0
                maintext                            BC1      BC1       E7         0
                clrtext                            15D1     15D1        C         0

        CLASS   STRCODE        
                stringtext4                        186A     186A        3         0
                stringtext3                        1853     1853       17         0
                stringtext2                        183C     183C       17         0
                stringtext1                        1800     1800       3C         0

        CLASS   STRING         

        CLASS   CONST          

        CLASS   ENTRY          

        CLASS   COMMON         
                cstackCOMMON                         70       70        B         1
                bssCOMMON                            7B       7B        3         1

        CLASS   BANK0          
                cstackBANK0                          20       20       46         1
                bssBANK0                             66       66        5         1

        CLASS   BANK1          
                cstackBANK1                          A0       A0       4A         1
                bssBANK1                             EA       EA        6         1

        CLASS   BANK2          
                cstackBANK2                         120      120       45         1
                bssBANK2                            165      165        A         1

        CLASS   BANK3          
                bssBANK3                            1A0      1A0       32         1

        CLASS   BANK4          
                bssBANK4                            220      220       40         1

        CLASS   BANK5          
                bssBANK5                            2A0      2A0       40         1

        CLASS   BANK6          

        CLASS   BANK7          

        CLASS   BANK8          

        CLASS   BANK9          

        CLASS   BANK10         

        CLASS   BANK11         

        CLASS   BANK12         

        CLASS   BIGRAM         

        CLASS   RAM            

        CLASS   ABS1           
                abs_s1                               7E       7E        2         1
                abs_s1                              4C0      4C0       30         1
                abs_s1                              520      520       50         1
                abs_s1                              5A0      5A0       50         1
                abs_s1                              620      620       30         1
                abs_s1                             22F0     22F0        0         1

        CLASS   SFR0           

        CLASS   SFR1           

        CLASS   SFR2           

        CLASS   SFR3           

        CLASS   SFR4           

        CLASS   SFR5           

        CLASS   SFR6           

        CLASS   SFR7           

        CLASS   SFR8           

        CLASS   SFR9           

        CLASS   SFR10          

        CLASS   SFR11          

        CLASS   SFR12          

        CLASS   SFR13          

        CLASS   SFR14          

        CLASS   SFR15          

        CLASS   SFR16          

        CLASS   SFR17          

        CLASS   SFR18          

        CLASS   SFR19          

        CLASS   SFR20          

        CLASS   SFR21          

        CLASS   SFR22          

        CLASS   SFR23          

        CLASS   SFR24          

        CLASS   SFR25          

        CLASS   SFR26          

        CLASS   SFR27          

        CLASS   SFR28          

        CLASS   SFR29          

        CLASS   SFR30          

        CLASS   SFR31          

        CLASS   CONFIG         
                config                             8007     8007        5         4

        CLASS   IDLOC          

        CLASS   EEDATA         

        CLASS   BANK31         

        CLASS   BANK30         

        CLASS   BANK29         

        CLASS   BANK28         

        CLASS   BANK27         

        CLASS   BANK26         

        CLASS   BANK25         

        CLASS   BANK24         

        CLASS   BANK23         

        CLASS   BANK22         

        CLASS   BANK21         

        CLASS   BANK20         

        CLASS   BANK19         

        CLASS   BANK18         

        CLASS   BANK17         

        CLASS   BANK16         

        CLASS   BANK15         

        CLASS   BANK14         

        CLASS   BANK13         



SEGMENTS        Name                           Load    Length   Top    Selector   Space  Class     Delta

                text2                          00178B  000035  0017C0      2F16       0  CODE        2
                text11                         001762  000029  00178B      2EC4       0  CODE        2
                stringtext1                    001800  00006D  00186D      3000       0  STRCODE     2
                text12                         000851  000052  0008A3      10A2       0  CODE        2
                text23                         0017C0  000040  001800      2F80       0  CODE        2
                text39                         000807  00004A  000851      100E       0  CODE        2
                text27                         001660  00001A  00167A      2CC0       0  CODE        2
                text14                         00167A  00001C  001696      2CF4       0  CODE        2
                text6                          001647  000019  001660      2C8E       0  CODE        2
                text19                         001615  000019  00162E      2C2A       0  CODE        2
                text7                          00162E  000019  001647      2C5C       0  CODE        2
                text8                          001696  00001F  0016B5      2D2C       0  CODE        2
                text1                          001718  000024  00173C      2E30       0  CODE        2
                text5                          00173C  000026  001762      2E78       0  CODE        2
                text18                         0016F6  000022  001718      2DEC       0  CODE        2
                text20                         0016B5  000020  0016D5      2D6A       0  CODE        2
                text25                         0016D5  000021  0016F6      2DAA       0  CODE        2
                text10                         0008A3  000059  0008FC      1146       0  CODE        2
                text36                         0008FC  00005B  000957      11F8       0  CODE        2
                reset_vec                      000000  000002  000002         0       0  CODE        2
                text28                         000957  000086  0009DD      12AE       0  CODE        2
                text24                         0015FD  000018  001615      2BFA       0  CODE        2
                text29                         0015EB  000012  0015FD      2BD6       0  CODE        2
                text37                         0015DD  00000E  0015EB      2BBA       0  CODE        2
                text33                         0015AF  00000B  0015BA      2B5E       0  CODE        2
                text13                         000003  000001  000004         6       0  CODE        2
                text21                         0015BA  00000B  0015C5      2B74       0  CODE        2
                clrtext                        0015D1  00000C  0015DD      2BA2       0  CODE        2
                text30                         0015C5  00000C  0015D1      2B8A       0  CODE        2
                text26                         0009DD  000089  000A66      13BA       0  CODE        2
                bssBANK3                       0001A0  000032  0001D2       1A0       1  BANK3       1
                cstackBANK1                    0000A0  000050  0000F0        A0       1  BANK1       1
                cstackCOMMON                   000070  00000E  00007E        70       1  COMMON      1
                intentry                       000004  000803  000807         8       0  CODE        2
                cstackBANK0                    000020  00004B  00006B        20       1  BANK0       1
                bssBANK5                       0002A0  000040  0002E0       2A0       1  BANK5       1
                bssBANK4                       000220  000040  000260       220       1  BANK4       1
                cstackBANK2                    000120  00004F  00016F       120       1  BANK2       1
                text17                         000B12  0000AF  000BC1      1624       0  CODE        2
                text32                         000A66  0000AC  000B12      14CC       0  CODE        2
                maintext                       000BC1  0000E7  000CA8      1782       0  CODE        2
                text15                         000CA8  0000ED  000D95      1950       0  CODE        2
                text16                         000D95  000105  000E9A      1B2A       0  CODE        2
                text35                         000E9A  000166  001000      1D34       0  CODE        2


UNUSED ADDRESS RANGES

        Name                Unused          Largest block    Delta
        BANK0            0006B-0006F               5           1
        BANK2            0016F-0016F               1           1
        BANK3            001D2-001EF              1E           1
        BANK4            00260-0026F              10           1
        BANK5            002E0-002EF              10           1
        BANK6            00320-0036F              50           1
        BANK7            003A0-003EF              50           1
        BANK8            00420-0046F              50           1
        BANK9            004A0-004BF              20           1
        BIGRAM           02000-023EF             3F0           1
        CODE             00002-00002               1           2
                         01000-015AE             5AF
                         0186D-01FFF             793
        CONST            00002-00002               1           2
                         01000-015AE             100
                         0186D-01FFF             100
        EEDATA           0F000-0F0FF             100           2
        ENTRY            00002-00002               1           2
                         01000-015AE             100
                         0186D-01FFF             100
        IDLOC            08000-08003               4           2
        RAM              0006B-0006F               5           1
                         0016F-0016F               1
                         001D2-001EF              1E
                         00260-0026F              10
                         002E0-002EF              10
                         00320-0036F              50
                         003A0-003EF              50
                         00420-0046F              50
                         004A0-004BF              20
        SFR0             00000-0001F              20           1
        SFR1             00080-0009F              20           1
        SFR10            00500-0051F              20           1
        SFR11            00580-0059F              20           1
        SFR12            00600-0061F              20           1
        SFR13            00680-006EF              70           1
        SFR14            00700-0076F              70           1
        SFR15            00780-007EF              70           1
        SFR16            00800-0086F              70           1
        SFR17            00880-008EF              70           1
        SFR18            00900-0096F              70           1
        SFR19            00980-009EF              70           1
        SFR2             00100-0011F              20           1
        SFR20            00A00-00A6F              70           1
        SFR21            00A80-00AEF              70           1
        SFR22            00B00-00B6F              70           1
        SFR23            00B80-00BEF              70           1
        SFR24            00C00-00C6F              70           1
        SFR25            00C80-00CEF              70           1
        SFR26            00D00-00D6F              70           1
        SFR27            00D80-00DEF              70           1
        SFR28            00E00-00E6F              70           1
        SFR29            00E80-00EEF              70           1
        SFR3             00180-0019F              20           1
        SFR30            00F00-00F6F              70           1
        SFR31            00F80-00FEF              70           1
        SFR4             00200-0021F              20           1
        SFR5             00280-0029F              20           1
        SFR6             00300-0031F              20           1
        SFR7             00380-0039F              20           1
        SFR8             00400-0041F              20           1
        SFR9             00480-0049F              20           1
        STACK            021D0-022EF             120           1
        STRCODE          00002-00002               1           2
                         01000-015AE             5AF
                         0186D-01FFF             793
        STRING           00002-00002               1           2
                         01000-015AE             100
                         0186D-01FFF             100

                                  Symbol Table

?___aodiv                      cstackBANK0  00025
?___aomod                      cstackBANK0  00025
?___lldiv                      cstackBANK0  00025
?___llmod                      cstackCOMMON 00070
?___wmul                       cstackBANK0  00025
?_abs                          cstackBANK0  00038
?_atoi                         cstackBANK0  0002B
?_dtoa                         cstackBANK0  00040
?_isalpha                      cstackBANK0  00025
?_isdigit                      cstackBANK0  00025
?_islower                      cstackBANK0  00025
?_isspace                      cstackBANK0  00025
?_isupper                      cstackBANK0  00025
?_pad                          cstackBANK0  00035
?_sprintf                      cstackBANK1  000C4
?_strlen                       cstackBANK0  00025
?_toupper                      cstackBANK0  0002B
?_vfpfcnvrt                    cstackBANK0  00064
?_vfprintf                     cstackBANK1  000BC
?_xtoa                         cstackBANK0  0003E
EUSARTSetup@i                  cstackBANK0  0003D
EUSARTSetup@i_239              cstackBANK0  0003F
EUSARTSetup@regVal             cstackBANK0  00040
EUSARTSetup@set_baud           cstackBANK0  00033
EUSARTSetup@use_rx             cstackBANK0  00038
EUSARTSetup@use_tx             cstackBANK0  00037
Isr@i                          cstackBANK0  00023
Isr@i_885                      cstackBANK0  00024
Isr@rx_frm_error               cstackBANK0  00020
Isr@rx_or_error                cstackBANK0  00021
Isr@rx_val                     cstackBANK0  00022
TmrDisable@Mod                 cstackBANK0  00025
TmrEnable@Mod                  cstackBANK0  00025
TmrSetup@Mod                   cstackBANK0  00033
TmrSetup@prescalarVal          cstackBANK0  00047
TmrSetup@regVal                cstackBANK0  00048
TmrSetup@tmr_freq              cstackBANK0  00040
TmrSetup@use_int               cstackBANK0  00042
_ANSELA                        (abs)        00F38
_ANSELB                        (abs)        00F43
_ANSELC                        (abs)        00F4E
_ANSELD                        (abs)        00F59
_ANSELE                        (abs)        00F64
_BAUD1CONbits                  (abs)        0011F
_EUSARTSetup                   text35       00E9A
_GIE                           (abs)        0005F
_INTCONbits                    (abs)        0000B
_INTF                          (abs)        03860
_INTPPS                        (abs)        00E90
_Isr                           intentry     00004
_LATAbits                      (abs)        00016
_LATBbits                      (abs)        00017
_LATCbits                      (abs)        00018
_LATDbits                      (abs)        00019
_OSCCON1                       (abs)        0088D
_OSCFRQ                        (abs)        00893
_OSCSTATbits                   (abs)        00890
_PEIE                          (abs)        0005E
_PIE0bits                      (abs)        00716
_PIE4                          (abs)        0071A
_PIR4                          (abs)        00710
_PORTBbits                     (abs)        0000D
_PORTDbits                     (abs)        0000F
_RC1REG                        (abs)        00119
_RC1STA                        (abs)        0011D
_RC1STAbits                    (abs)        0011D
_RC6PPS                        (abs)        00F26
_RCIE                          (abs)        038CD
_RCIF                          (abs)        0387D
_RXPPS                         (abs)        00ECB
_SP1BRGH                       (abs)        0011C
_SP1BRGL                       (abs)        0011B
_SetupClk                      text37       015DD
_SysInit                       text28       00957
_T4CLKCON                      (abs)        00296
_T4CON                         (abs)        00294
_T4HLT                         (abs)        00295
_T4PR                          (abs)        00293
_TRISAbits                     (abs)        00011
_TRISBbits                     (abs)        00012
_TRISCbits                     (abs)        00013
_TRISDbits                     (abs)        00014
_TX1REG                        (abs)        0011A
_TX1STAbits                    (abs)        0011E
_TXEN                          (abs)        008F5
_TXIE                          (abs)        038CC
_TXIF                          (abs)        0387C
_TmrDisable                    text33       015AF
_TmrEnable                     text34       007F7
_TmrSetup                      text32       00A66
__Habs1                        abs1         00000
__Hbank0                       bank0        00000
__Hbank1                       bank1        00000
__Hbank10                      bank10       00000
__Hbank11                      bank11       00000
__Hbank12                      bank12       00000
__Hbank13                      bank13       00000
__Hbank14                      bank14       00000
__Hbank15                      bank15       00000
__Hbank16                      bank16       00000
__Hbank17                      bank17       00000
__Hbank18                      bank18       00000
__Hbank19                      bank19       00000
__Hbank2                       bank2        00000
__Hbank20                      bank20       00000
__Hbank21                      bank21       00000
__Hbank22                      bank22       00000
__Hbank23                      bank23       00000
__Hbank24                      bank24       00000
__Hbank25                      bank25       00000
__Hbank26                      bank26       00000
__Hbank27                      bank27       00000
__Hbank28                      bank28       00000
__Hbank29                      bank29       00000
__Hbank3                       bank3        00000
__Hbank30                      bank30       00000
__Hbank31                      bank31       00000
__Hbank4                       bank4        00000
__Hbank5                       bank5        00000
__Hbank6                       bank6        00000
__Hbank7                       bank7        00000
__Hbank8                       bank8        00000
__Hbank9                       bank9        00000
__Hbigram                      bigram       00000
__HbssBANK0                    bssBANK0     00000
__HbssBANK1                    bssBANK1     00000
__HbssBANK2                    bssBANK2     00000
__HbssBANK3                    bssBANK3     00000
__HbssBANK4                    bssBANK4     00000
__HbssBANK5                    bssBANK5     00000
__HbssCOMMON                   bssCOMMON    00000
__Hcinit                       cinit        001FE
__Hclrtext                     clrtext      00000
__Hcode                        code         00000
__Hcommon                      common       00000
__Hconfig                      config       0800C
__HcstackBANK0                 cstackBANK0  00000
__HcstackBANK1                 cstackBANK1  00000
__HcstackBANK2                 cstackBANK2  00000
__HcstackCOMMON                cstackCOMMON 00000
__Heeprom_data                 eeprom_data  00000
__Hend_init                    end_init     001B3
__Hfunctab                     functab      00000
__Hinit                        init         001B1
__Hintentry                    intentry     001B1
__Hmaintext                    maintext     00000
__Hpowerup                     powerup      00000
__Hram                         ram          00000
__Hreset_vec                   reset_vec    00002
__Hsfr0                        sfr0         00000
__Hsfr1                        sfr1         00000
__Hsfr10                       sfr10        00000
__Hsfr11                       sfr11        00000
__Hsfr12                       sfr12        00000
__Hsfr13                       sfr13        00000
__Hsfr14                       sfr14        00000
__Hsfr15                       sfr15        00000
__Hsfr16                       sfr16        00000
__Hsfr17                       sfr17        00000
__Hsfr18                       sfr18        00000
__Hsfr19                       sfr19        00000
__Hsfr2                        sfr2         00000
__Hsfr20                       sfr20        00000
__Hsfr21                       sfr21        00000
__Hsfr22                       sfr22        00000
__Hsfr23                       sfr23        00000
__Hsfr24                       sfr24        00000
__Hsfr25                       sfr25        00000
__Hsfr26                       sfr26        00000
__Hsfr27                       sfr27        00000
__Hsfr28                       sfr28        00000
__Hsfr29                       sfr29        00000
__Hsfr3                        sfr3         00000
__Hsfr30                       sfr30        00000
__Hsfr31                       sfr31        00000
__Hsfr4                        sfr4         00000
__Hsfr5                        sfr5         00000
__Hsfr6                        sfr6         00000
__Hsfr7                        sfr7         00000
__Hsfr8                        sfr8         00000
__Hsfr9                        sfr9         00000
__Hspace_0                     (abs)        0186D
__Hspace_1                     (abs)        002E0
__Hspace_2                     (abs)        00000
__Hspace_3                     (abs)        00000
__Hspace_4                     (abs)        10013
__Hstack                       stack        00000
__Hstrings                     strings      00000
__Hstringtext1                 stringtext1  00000
__Hstringtext2                 stringtext2  00000
__Hstringtext3                 stringtext3  00000
__Hstringtext4                 stringtext4  00000
__Hstringtext5                 stringtext5  00000
__Htext                        text         00000
__Labs1                        abs1         00000
__Lbank0                       bank0        00000
__Lbank1                       bank1        00000
__Lbank10                      bank10       00000
__Lbank11                      bank11       00000
__Lbank12                      bank12       00000
__Lbank13                      bank13       00000
__Lbank14                      bank14       00000
__Lbank15                      bank15       00000
__Lbank16                      bank16       00000
__Lbank17                      bank17       00000
__Lbank18                      bank18       00000
__Lbank19                      bank19       00000
__Lbank2                       bank2        00000
__Lbank20                      bank20       00000
__Lbank21                      bank21       00000
__Lbank22                      bank22       00000
__Lbank23                      bank23       00000
__Lbank24                      bank24       00000
__Lbank25                      bank25       00000
__Lbank26                      bank26       00000
__Lbank27                      bank27       00000
__Lbank28                      bank28       00000
__Lbank29                      bank29       00000
__Lbank3                       bank3        00000
__Lbank30                      bank30       00000
__Lbank31                      bank31       00000
__Lbank4                       bank4        00000
__Lbank5                       bank5        00000
__Lbank6                       bank6        00000
__Lbank7                       bank7        00000
__Lbank8                       bank8        00000
__Lbank9                       bank9        00000
__Lbigram                      bigram       00000
__LbssBANK0                    bssBANK0     00000
__LbssBANK1                    bssBANK1     00000
__LbssBANK2                    bssBANK2     00000
__LbssBANK3                    bssBANK3     00000
__LbssBANK4                    bssBANK4     00000
__LbssBANK5                    bssBANK5     00000
__LbssCOMMON                   bssCOMMON    00000
__Lcinit                       cinit        001B3
__Lclrtext                     clrtext      00000
__Lcode                        code         00000
__Lcommon                      common       00000
__Lconfig                      config       00000
__LcstackBANK0                 cstackBANK0  00000
__LcstackBANK1                 cstackBANK1  00000
__LcstackBANK2                 cstackBANK2  00000
__LcstackCOMMON                cstackCOMMON 00000
__Leeprom_data                 eeprom_data  00000
__Lend_init                    end_init     001B1
__Lfunctab                     functab      00000
__Linit                        init         001B1
__Lintentry                    intentry     00004
__Lmaintext                    maintext     00000
__Lpowerup                     powerup      00000
__Lram                         ram          00000
__Lreset_vec                   reset_vec    00000
__Lsfr0                        sfr0         00000
__Lsfr1                        sfr1         00000
__Lsfr10                       sfr10        00000
__Lsfr11                       sfr11        00000
__Lsfr12                       sfr12        00000
__Lsfr13                       sfr13        00000
__Lsfr14                       sfr14        00000
__Lsfr15                       sfr15        00000
__Lsfr16                       sfr16        00000
__Lsfr17                       sfr17        00000
__Lsfr18                       sfr18        00000
__Lsfr19                       sfr19        00000
__Lsfr2                        sfr2         00000
__Lsfr20                       sfr20        00000
__Lsfr21                       sfr21        00000
__Lsfr22                       sfr22        00000
__Lsfr23                       sfr23        00000
__Lsfr24                       sfr24        00000
__Lsfr25                       sfr25        00000
__Lsfr26                       sfr26        00000
__Lsfr27                       sfr27        00000
__Lsfr28                       sfr28        00000
__Lsfr29                       sfr29        00000
__Lsfr3                        sfr3         00000
__Lsfr30                       sfr30        00000
__Lsfr31                       sfr31        00000
__Lsfr4                        sfr4         00000
__Lsfr5                        sfr5         00000
__Lsfr6                        sfr6         00000
__Lsfr7                        sfr7         00000
__Lsfr8                        sfr8         00000
__Lsfr9                        sfr9         00000
__Lspace_0                     (abs)        00000
__Lspace_1                     (abs)        00000
__Lspace_2                     (abs)        00000
__Lspace_3                     (abs)        00000
__Lspace_4                     (abs)        00000
__Lstack                       stack        00000
__Lstrings                     strings      00000
__Lstringtext1                 stringtext1  00000
__Lstringtext2                 stringtext2  00000
__Lstringtext3                 stringtext3  00000
__Lstringtext4                 stringtext4  00000
__Lstringtext5                 stringtext5  00000
__Ltext                        text         00000
__S0                           (abs)        0186D
__S1                           (abs)        002E0
__S2                           (abs)        00000
__S3                           (abs)        00000
___aodiv                       text16       00D95
___aodiv@counter               cstackBANK0  00036
___aodiv@dividend              cstackBANK0  0002D
___aodiv@divisor               cstackBANK0  00025
___aodiv@quotient              cstackBANK0  00038
___aodiv@sign                  cstackBANK0  00037
___aomod                       text15       00CA8
___aomod@counter               cstackBANK0  00036
___aomod@dividend              cstackBANK0  0002D
___aomod@divisor               cstackBANK0  00025
___aomod@sign                  cstackBANK0  00037
___int_sp                      stack        00000
___latbits                     (abs)        00002
___lldiv                       text36       008FC
___lldiv@counter               cstackBANK0  00032
___lldiv@dividend              cstackBANK0  00029
___lldiv@divisor               cstackBANK0  00025
___lldiv@quotient              cstackBANK0  0002E
___llmod                       text39       00807
___llmod@counter               cstackCOMMON 00079
___llmod@dividend              cstackCOMMON 00074
___llmod@divisor               cstackCOMMON 00070
___sp                          stack        00000
___stackhi                     (abs)        022EF
___stacklo                     (abs)        021D0
___wmul                        text20       016B5
___wmul@multiplicand           cstackBANK0  00027
___wmul@multiplier             cstackBANK0  00025
___wmul@product                cstackBANK0  00029
__end_of_EUSARTSetup           text35       01000
__end_of_Isr                   intentry     001B1
__end_of_SetupClk              text37       015EB
__end_of_SysInit               text28       009DD
__end_of_TmrDisable            text33       015BA
__end_of_TmrEnable             text34       00800
__end_of_TmrSetup              text32       00B12
__end_of___aodiv               text16       00E9A
__end_of___aomod               text15       00D95
__end_of___lldiv               text36       00957
__end_of___llmod               text39       00851
__end_of___wmul                text20       016D5
__end_of__initialization       cinit        001FA
__end_of_abs                   text14       01696
__end_of_atoi                  text17       00BC1
__end_of_dtoa                  text9        00735
__end_of_fputc                 text12       008A3
__end_of_fputs                 text11       0178B
__end_of_isalpha               text8        016B5
__end_of_isdigit               text19       0162E
__end_of_islower               text6        01660
__end_of_isspace               text18       01718
__end_of_isupper               text7        01647
__end_of_load_tx_msg_str       text26       00A66
__end_of_load_tx_msg_str_crlf  text23       01800
__end_of_main                  maintext     00CA8
__end_of_make_all_digital      text31       00807
__end_of_pad                   text10       008FC
__end_of_putch                 text13       00004
__end_of_read_dht11_dat        text22       007F7
__end_of_read_irdist_dat       text21       015C5
__end_of_setup_dht11_snsr      text30       015D1
__end_of_setup_irdist_snsr     text29       015FD
__end_of_sprintf               text1        0173C
__end_of_strcat                text24       01615
__end_of_strcpy                text25       016F6
__end_of_strlen                text27       0167A
__end_of_toupper               text5        01762
__end_of_vfpfcnvrt             text3        00455
__end_of_vfprintf              text2        017C0
__end_of_xtoa                  text4        005C9
__initialization               cinit        001B3
__pbssBANK0                    bssBANK0     00066
__pbssBANK1                    bssBANK1     000EA
__pbssBANK2                    bssBANK2     00165
__pbssBANK3                    bssBANK3     001A0
__pbssBANK4                    bssBANK4     00220
__pbssBANK5                    bssBANK5     002A0
__pbssBIGRAM                   (abs)        022F0
__pbssCOMMON                   bssCOMMON    0007B
__pcstackBANK0                 cstackBANK0  00020
__pcstackBANK1                 cstackBANK1  000A0
__pcstackBANK2                 cstackBANK2  00120
__pcstackCOMMON                cstackCOMMON 00070
__pintentry                    intentry     00004
__pmaintext                    maintext     00BC1
__pstringtext1                 stringtext1  01800
__pstringtext2                 stringtext2  0183C
__pstringtext3                 stringtext3  01853
__pstringtext4                 stringtext4  0186A
__pstringtext5                 stringtext5  00000
__ptext1                       text1        01718
__ptext10                      text10       008A3
__ptext11                      text11       01762
__ptext12                      text12       00851
__ptext13                      text13       00003
__ptext14                      text14       0167A
__ptext15                      text15       00CA8
__ptext16                      text16       00D95
__ptext17                      text17       00B12
__ptext18                      text18       016F6
__ptext19                      text19       01615
__ptext2                       text2        0178B
__ptext20                      text20       016B5
__ptext21                      text21       015BA
__ptext22                      text22       00735
__ptext23                      text23       017C0
__ptext24                      text24       015FD
__ptext25                      text25       016D5
__ptext26                      text26       009DD
__ptext27                      text27       01660
__ptext28                      text28       00957
__ptext29                      text29       015EB
__ptext3                       text3        001FE
__ptext30                      text30       015C5
__ptext31                      text31       00800
__ptext32                      text32       00A66
__ptext33                      text33       015AF
__ptext34                      text34       007F7
__ptext35                      text35       00E9A
__ptext36                      text36       008FC
__ptext37                      text37       015DD
__ptext39                      text39       00807
__ptext4                       text4        00455
__ptext5                       text5        0173C
__ptext6                       text6        01647
__ptext7                       text7        0162E
__ptext8                       text8        01696
__ptext9                       text9        005C9
__size_of_EUSARTSetup          (abs)        00000
__size_of_Isr                  (abs)        00000
__size_of_SetupClk             (abs)        00000
__size_of_SysInit              (abs)        00000
__size_of_TmrDisable           (abs)        00000
__size_of_TmrEnable            (abs)        00000
__size_of_TmrSetup             (abs)        00000
__size_of___aodiv              (abs)        00000
__size_of___aomod              (abs)        00000
__size_of___lldiv              (abs)        00000
__size_of___llmod              (abs)        00000
__size_of___wmul               (abs)        00000
__size_of_abs                  (abs)        00000
__size_of_atoi                 (abs)        00000
__size_of_dtoa                 (abs)        00000
__size_of_fputc                (abs)        00000
__size_of_fputs                (abs)        00000
__size_of_isalpha              (abs)        00000
__size_of_isdigit              (abs)        00000
__size_of_islower              (abs)        00000
__size_of_isspace              (abs)        00000
__size_of_isupper              (abs)        00000
__size_of_load_tx_msg_str      (abs)        00000
__size_of_load_tx_msg_str_crlf (abs)        00000
__size_of_main                 (abs)        00000
__size_of_make_all_digital     (abs)        00000
__size_of_pad                  (abs)        00000
__size_of_putch                (abs)        00000
__size_of_read_dht11_dat       (abs)        00000
__size_of_read_irdist_dat      (abs)        00000
__size_of_setup_dht11_snsr     (abs)        00000
__size_of_setup_irdist_snsr    (abs)        00000
__size_of_sprintf              (abs)        00000
__size_of_strcat               (abs)        00000
__size_of_strcpy               (abs)        00000
__size_of_strlen               (abs)        00000
__size_of_toupper              (abs)        00000
__size_of_vfpfcnvrt            (abs)        00000
__size_of_vfprintf             (abs)        00000
__size_of_xtoa                 (abs)        00000
_abs                           text14       0167A
_atoi                          text17       00B12
_atoi$1459                     cstackBANK0  00033
_atoi$1460                     cstackBANK0  00037
_atoi$1461                     cstackBANK0  00035
_dbuf                          bssBANK3     001B2
_dht11_dat_arr                 bssBANK3     001AD
_do_dht11_snsr_read            bssBANK2     0016E
_do_irdist_snsr_read           bssBANK2     0016D
_dtoa                          text9        005C9
_dtoa$1412                     cstackBANK0  0004C
_eusart_rx_buff_idx            bssBANK0     00068
_eusart_rx_buff_isr            bssBANK4     00220
_eusart_rx_buff_load_cnt       bssCOMMON    0007B
_eusart_rx_buff_use            bssBANK5     002A0
_eusart_rx_msg_present         bssBANK1     000EF
_eusart_rx_sys_active          bssBANK1     000EE
_eusart_tx_buff                (abs)        022F0
_eusart_tx_buff_full           bssCOMMON    0007D
_eusart_tx_buff_head           bssBANK0     00069
_eusart_tx_buff_tail           bssBANK0     0006A
_eusart_tx_sys_active          bssCOMMON    0007C
_flags                         bssBANK0     00066
_fputc                         text12       00851
_fputs                         text11       01762
_irdist_result                 bssBANK2     0016C
_isalpha                       text8        01696
_isdigit                       text19       01615
_islower                       text6        01647
_isspace                       text18       016F6
_isspace$1486                  cstackBANK0  00029
_isupper                       text7        0162E
_load_tx_msg_str               text26       009DD
_load_tx_msg_str_crlf          text23       017C0
_main                          maintext     00BC1
_make_all_digital              text31       00800
_nout                          bssBANK2     00169
_pad                           text10       008A3
_prec                          bssBANK1     000EC
_putch                         text13       00003
_read_dht11_dat                text22       00735
_read_irdist_dat               text21       015BA
_setup_dht11_snsr              text30       015C5
_setup_irdist_snsr             text29       015EB
_sprintf                       text1        01718
_strcat                        text24       015FD
_strcpy                        text25       016D5
_strlen                        text27       01660
_sys_stat                      bssBANK2     0016B
_sys_time                      bssBANK2     00165
_tmr4                          bssBANK3     001A0
_toupper                       text5        0173C
_toupper$1555                  cstackBANK0  00031
_vfpfcnvrt                     text3        001FE
_vfpfcnvrt$1438                cstackBANK1  000B9
_vfprintf                      text2        0178B
_width                         bssBANK1     000EA
_xtoa                          text4        00455
_xtoa$1423                     cstackBANK0  00050
_xtoa$1424                     cstackBANK0  00052
abs@a                          cstackBANK0  00038
atoi@n                         cstackBANK0  00038
atoi@neg                       cstackBANK0  00031
atoi@s                         cstackBANK0  0002B
btemp                          (abs)        0007E
clear_ram0                     clrtext      015D1
dtoa@d                         cstackBANK0  00040
dtoa@fp                        cstackBANK0  0004B
dtoa@i                         cstackBANK0  0005C
dtoa@n                         cstackBANK0  00054
dtoa@p                         cstackBANK0  0004E
dtoa@s                         cstackBANK0  00052
dtoa@w                         cstackBANK0  00050
end_of_initialization          cinit        001FA
fputc@c                        cstackBANK0  00025
fputc@fp                       cstackBANK0  00027
fputs@c                        cstackBANK0  00031
fputs@fp                       cstackBANK0  0002D
fputs@i                        cstackBANK0  00032
fputs@s                        cstackBANK0  00034
int$flags                      (abs)        0007E
intlevel0                      functab      00000
intlevel1                      functab      00000
intlevel2                      functab      00000
intlevel3                      functab      00000
intlevel4                      functab      00000
intlevel5                      functab      00000
isalpha@c                      cstackBANK0  00025
isdigit@c                      cstackBANK0  00025
islower@c                      cstackBANK0  00025
isspace@c                      cstackBANK0  00025
isupper@c                      cstackBANK0  00025
load_tx_msg_str@i              cstackBANK0  00030
load_tx_msg_str@in_bytes       cstackBANK0  00029
load_tx_msg_str_crlf@in_bytes  cstackBANK1  000E1
load_tx_msg_str_crlf@new_buff  cstackBANK1  000A0
main@msg_buff                  cstackBANK2  00120
main@sys_time_act              cstackBANK2  00161
pad@buf                        cstackBANK0  00035
pad@fp                         cstackBANK0  0003D
pad@i                          cstackBANK0  00039
pad@p                          cstackBANK0  00036
pad@w                          cstackBANK0  0003B
read_dht11_dat@counter         cstackBANK0  00036
read_dht11_dat@i               cstackBANK0  00037
read_dht11_dat@j               cstackBANK0  00035
read_dht11_dat@laststate       cstackBANK0  00033
read_dht11_dat@run_stat        cstackBANK0  00034
reset_vec                      reset_vec    00000
setup_irdist_snsr@use_extint   cstackBANK0  00025
sprintf@ap                     cstackBANK1  000D2
sprintf@f                      cstackBANK1  000D3
sprintf@fmt                    cstackBANK1  000C4
sprintf@s                      cstackBANK1  000D1
start                          init         001B1
start_initialization           cinit        001B3
strcat@dest                    cstackBANK0  00035
strcat@src                     cstackBANK0  00031
strcpy@d                       cstackBANK0  0002F
strcpy@dest                    cstackBANK0  00030
strcpy@s                       cstackBANK0  0002D
strcpy@src                     cstackBANK0  00029
strlen@a                       cstackBANK0  00027
strlen@s                       cstackBANK0  00025
toupper@c                      cstackBANK0  0002B
vfpfcnvrt@ap                   cstackBANK0  00065
vfpfcnvrt@c                    cstackBANK1  000B6
vfpfcnvrt@done                 cstackBANK1  000B7
vfpfcnvrt@fmt                  cstackBANK0  00064
vfpfcnvrt@fp                   cstackBANK1  000BB
vfpfcnvrt@ll                   cstackBANK1  000A6
vfpfcnvrt@llu                  cstackBANK1  000AE
vfprintf@ap                    cstackBANK1  000BE
vfprintf@cfmt                  cstackBANK1  000C2
vfprintf@fmt                   cstackBANK1  000BC
vfprintf@fp                    cstackBANK1  000C1
wtemp0                         (abs)        0007E
xtoa@c                         cstackBANK0  00062
xtoa@d                         cstackBANK0  0003E
xtoa@fp                        cstackBANK0  0004F
xtoa@i                         cstackBANK0  00060
xtoa@n                         cstackBANK0  00058
xtoa@p                         cstackBANK0  00054
xtoa@w                         cstackBANK0  00056
xtoa@x                         cstackBANK0  00046


FUNCTION INFORMATION:

 *************** function _main *****************
 Defined at:
		line 13 in file "main.c"
 Parameters:    Size  Location     Type
		None
 Auto vars:     Size  Location     Type
  msg_buff       64    0[BANK2 ] unsigned char [64]
  sys_time_act    4   65[BANK2 ] unsigned long 
  byte_acc        1    0        unsigned char 
 Return value:  Size  Location     Type
                  1    wreg      void 
 Registers used:
		wreg, fsr0l, fsr0h, fsr1l, fsr1h, status,2, status,0, pclath, cstack
 Tracked objects:
		On entry : 
		On exit  : 
		Unchanged: 
 Data sizes:     COMMON   BANK0   BANK1   BANK2   BANK3   BANK4   BANK5   BANK6   BANK7   BANK8   BANK9  BANK10  BANK11  BANK12
      Params:         0       0       0       0       0       0       0       0       0       0       0       0       0       0
      Locals:         0       0       0      69       0       0       0       0       0       0       0       0       0       0
      Temps:          0       0       8       0       0       0       0       0       0       0       0       0       0       0
      Totals:         0       0       8      69       0       0       0       0       0       0       0       0       0       0
Total ram usage:       77 bytes
 Hardware stack levels required when called:   10
 This function calls:
		_SetupClk
		_SysInit
		___lldiv
		_load_tx_msg_str_crlf
		_read_dht11_dat
		_read_irdist_dat
		_sprintf
 This function is called by:
		Startup code after reset
 This function uses a non-reentrant model


 *************** function _sprintf *****************
 Defined at:
		line 9 in file "/opt/microchip/xc8/v2.30/pic/sources/c99/common/nf_sprintf.c"
 Parameters:    Size  Location     Type
  s               1    wreg     PTR unsigned char 
		 -> main@msg_buff(64), 
  fmt             2   36[BANK1 ] PTR const unsigned char 
		 -> STR_4(23), STR_3(23), STR_2(60), 
 Auto vars:     Size  Location     Type
  s               1   49[BANK1 ] PTR unsigned char 
		 -> main@msg_buff(64), 
  f               5   51[BANK1 ] struct _IO_FILE
  ret             2    0        int 
  ap              1   50[BANK1 ] PTR void [1]
		 -> ?_sprintf(2), 
 Return value:  Size  Location     Type
                  2   36[BANK1 ] int 
 Registers used:
		wreg, fsr0l, fsr0h, fsr1l, fsr1h, status,2, status,0, pclath, cstack
 Tracked objects:
		On entry : 
		On exit  : 
		Unchanged: 
 Data sizes:     COMMON   BANK0   BANK1   BANK2   BANK3   BANK4   BANK5   BANK6   BANK7   BANK8   BANK9  BANK10  BANK11  BANK12
      Params:         0       0      10       0       0       0       0       0       0       0       0       0       0       0
      Locals:         0       0       9       0       0       0       0       0       0       0       0       0       0       0
      Temps:          0       0       1       0       0       0       0       0       0       0       0       0       0       0
      Totals:         0       0      20       0       0       0       0       0       0       0       0       0       0       0
Total ram usage:       20 bytes
 Hardware stack levels used:    1
 Hardware stack levels required when called:    9
 This function calls:
		_vfprintf
 This function is called by:
		_main
 This function uses a non-reentrant model


 *************** function _vfprintf *****************
 Defined at:
		line 1390 in file "/opt/microchip/xc8/v2.30/pic/sources/c99/common/doprnt.c"
 Parameters:    Size  Location     Type
  fp              1    wreg     PTR struct _IO_FILE
		 -> sprintf@f(5), 
  fmt             2   28[BANK1 ] PTR const unsigned char 
		 -> STR_4(23), STR_3(23), STR_2(60), 
  ap              1   30[BANK1 ] PTR PTR void 
		 -> sprintf@ap(1), 
 Auto vars:     Size  Location     Type
  fp              1   33[BANK1 ] PTR struct _IO_FILE
		 -> sprintf@f(5), 
  cfmt            2   34[BANK1 ] PTR unsigned char 
		 -> STR_4(23), STR_3(23), STR_2(60), 
 Return value:  Size  Location     Type
                  2   28[BANK1 ] int 
 Registers used:
		wreg, fsr0l, fsr0h, fsr1l, fsr1h, status,2, status,0, pclath, cstack
 Tracked objects:
		On entry : 
		On exit  : 
		Unchanged: 
 Data sizes:     COMMON   BANK0   BANK1   BANK2   BANK3   BANK4   BANK5   BANK6   BANK7   BANK8   BANK9  BANK10  BANK11  BANK12
      Params:         0       0       3       0       0       0       0       0       0       0       0       0       0       0
      Locals:         0       0       3       0       0       0       0       0       0       0       0       0       0       0
      Temps:          0       0       2       0       0       0       0       0       0       0       0       0       0       0
      Totals:         0       0       8       0       0       0       0       0       0       0       0       0       0       0
Total ram usage:        8 bytes
 Hardware stack levels used:    1
 Hardware stack levels required when called:    8
 This function calls:
		_vfpfcnvrt
 This function is called by:
		_sprintf
 This function uses a non-reentrant model


 *************** function _vfpfcnvrt *****************
 Defined at:
		line 692 in file "/opt/microchip/xc8/v2.30/pic/sources/c99/common/doprnt.c"
 Parameters:    Size  Location     Type
  fp              1    wreg     PTR struct _IO_FILE
		 -> sprintf@f(5), 
  fmt             1   68[BANK0 ] PTR PTR unsigned char 
		 -> vfprintf@cfmt(2), 
  ap              1   69[BANK0 ] PTR PTR void 
		 -> sprintf@ap(1), 
 Auto vars:     Size  Location     Type
  fp              1   27[BANK1 ] PTR struct _IO_FILE
		 -> sprintf@f(5), 
  llu             8   14[BANK1 ] unsigned long long 
  ll              8    6[BANK1 ] long long 
  f               4    0        long long 
  ct              3    0        unsigned char [3]
  done            2   23[BANK1 ] int 
  vp              2    0        PTR void 
  i               2    0        int 
  cp              2    0        PTR unsigned char 
  c               1   22[BANK1 ] unsigned char 
 Return value:  Size  Location     Type
                  2   68[BANK0 ] int 
 Registers used:
		wreg, fsr0l, fsr0h, fsr1l, fsr1h, status,2, status,0, pclath, cstack
 Tracked objects:
		On entry : 
		On exit  : 
		Unchanged: 
 Data sizes:     COMMON   BANK0   BANK1   BANK2   BANK3   BANK4   BANK5   BANK6   BANK7   BANK8   BANK9  BANK10  BANK11  BANK12
      Params:         0       2       0       0       0       0       0       0       0       0       0       0       0       0
      Locals:         0       0      22       0       0       0       0       0       0       0       0       0       0       0
      Temps:          0       0       6       0       0       0       0       0       0       0       0       0       0       0
      Totals:         0       2      28       0       0       0       0       0       0       0       0       0       0       0
Total ram usage:       30 bytes
 Hardware stack levels used:    1
 Hardware stack levels required when called:    7
 This function calls:
		_atoi
		_dtoa
		_fputc
		_isdigit
		_xtoa
 This function is called by:
		_vfprintf
 This function uses a non-reentrant model


 *************** function _xtoa *****************
 Defined at:
		line 645 in file "/opt/microchip/xc8/v2.30/pic/sources/c99/common/doprnt.c"
 Parameters:    Size  Location     Type
  fp              1    wreg     PTR struct _IO_FILE
		 -> sprintf@f(5), 
  d               8   30[BANK0 ] unsigned long long 
  x               1   38[BANK0 ] unsigned char 
 Auto vars:     Size  Location     Type
  fp              1   47[BANK0 ] PTR struct _IO_FILE
		 -> sprintf@f(5), 
  n               8   56[BANK0 ] unsigned long long 
  c               2   66[BANK0 ] int 
  i               2   64[BANK0 ] int 
  w               2   54[BANK0 ] int 
  p               2   52[BANK0 ] int 
 Return value:  Size  Location     Type
                  2   30[BANK0 ] int 
 Registers used:
		wreg, fsr0l, fsr0h, fsr1l, fsr1h, status,2, status,0, pclath, cstack
 Tracked objects:
		On entry : 
		On exit  : 
		Unchanged: 
 Data sizes:     COMMON   BANK0   BANK1   BANK2   BANK3   BANK4   BANK5   BANK6   BANK7   BANK8   BANK9  BANK10  BANK11  BANK12
      Params:         0       9       0       0       0       0       0       0       0       0       0       0       0       0
      Locals:         0      21       0       0       0       0       0       0       0       0       0       0       0       0
      Temps:          0       8       0       0       0       0       0       0       0       0       0       0       0       0
      Totals:         0      38       0       0       0       0       0       0       0       0       0       0       0       0
Total ram usage:       38 bytes
 Hardware stack levels used:    1
 Hardware stack levels required when called:    6
 This function calls:
		_isalpha
		_isupper
		_pad
		_toupper
 This function is called by:
		_vfpfcnvrt
 This function uses a non-reentrant model


 *************** function _toupper *****************
 Defined at:
		line 4 in file "/opt/microchip/xc8/v2.30/pic/sources/c99/common/toupper.c"
 Parameters:    Size  Location     Type
  c               2   11[BANK0 ] int 
 Auto vars:     Size  Location     Type
		None
 Return value:  Size  Location     Type
                  2   11[BANK0 ] int 
 Registers used:
		wreg, status,2, status,0
 Tracked objects:
		On entry : 
		On exit  : 
		Unchanged: 
 Data sizes:     COMMON   BANK0   BANK1   BANK2   BANK3   BANK4   BANK5   BANK6   BANK7   BANK8   BANK9  BANK10  BANK11  BANK12
      Params:         0       2       0       0       0       0       0       0       0       0       0       0       0       0
      Locals:         0       2       0       0       0       0       0       0       0       0       0       0       0       0
      Temps:          0       4       0       0       0       0       0       0       0       0       0       0       0       0
      Totals:         0       8       0       0       0       0       0       0       0       0       0       0       0       0
Total ram usage:        8 bytes
 Hardware stack levels used:    1
 Hardware stack levels required when called:    3
 This function calls:
		_islower
 This function is called by:
		_xtoa
 This function uses a non-reentrant model


 *************** function _islower *****************
 Defined at:
		line 5 in file "/opt/microchip/xc8/v2.30/pic/sources/c99/common/islower.c"
 Parameters:    Size  Location     Type
  c               2    5[BANK0 ] int 
 Auto vars:     Size  Location     Type
		None
 Return value:  Size  Location     Type
                  2    5[BANK0 ] int 
 Registers used:
		wreg, status,2, status,0
 Tracked objects:
		On entry : 
		On exit  : 
		Unchanged: 
 Data sizes:     COMMON   BANK0   BANK1   BANK2   BANK3   BANK4   BANK5   BANK6   BANK7   BANK8   BANK9  BANK10  BANK11  BANK12
      Params:         0       2       0       0       0       0       0       0       0       0       0       0       0       0
      Locals:         0       0       0       0       0       0       0       0       0       0       0       0       0       0
      Temps:          0       4       0       0       0       0       0       0       0       0       0       0       0       0
      Totals:         0       6       0       0       0       0       0       0       0       0       0       0       0       0
Total ram usage:        6 bytes
 Hardware stack levels used:    1
 Hardware stack levels required when called:    2
 This function calls:
		Nothing
 This function is called by:
		_toupper
 This function uses a non-reentrant model


 *************** function _isupper *****************
 Defined at:
		line 5 in file "/opt/microchip/xc8/v2.30/pic/sources/c99/common/isupper.c"
 Parameters:    Size  Location     Type
  c               2    5[BANK0 ] int 
 Auto vars:     Size  Location     Type
		None
 Return value:  Size  Location     Type
                  2    5[BANK0 ] int 
 Registers used:
		wreg, status,2, status,0
 Tracked objects:
		On entry : 
		On exit  : 
		Unchanged: 
 Data sizes:     COMMON   BANK0   BANK1   BANK2   BANK3   BANK4   BANK5   BANK6   BANK7   BANK8   BANK9  BANK10  BANK11  BANK12
      Params:         0       2       0       0       0       0       0       0       0       0       0       0       0       0
      Locals:         0       0       0       0       0       0       0       0       0       0       0       0       0       0
      Temps:          0       4       0       0       0       0       0       0       0       0       0       0       0       0
      Totals:         0       6       0       0       0       0       0       0       0       0       0       0       0       0
Total ram usage:        6 bytes
 Hardware stack levels used:    1
 Hardware stack levels required when called:    2
 This function calls:
		Nothing
 This function is called by:
		_xtoa
 This function uses a non-reentrant model


 *************** function _isalpha *****************
 Defined at:
		line 5 in file "/opt/microchip/xc8/v2.30/pic/sources/c99/common/isalpha.c"
 Parameters:    Size  Location     Type
  c               2    5[BANK0 ] int 
 Auto vars:     Size  Location     Type
		None
 Return value:  Size  Location     Type
                  2    5[BANK0 ] int 
 Registers used:
		wreg, status,2, status,0
 Tracked objects:
		On entry : 
		On exit  : 
		Unchanged: 
 Data sizes:     COMMON   BANK0   BANK1   BANK2   BANK3   BANK4   BANK5   BANK6   BANK7   BANK8   BANK9  BANK10  BANK11  BANK12
      Params:         0       2       0       0       0       0       0       0       0       0       0       0       0       0
      Locals:         0       0       0       0       0       0       0       0       0       0       0       0       0       0
      Temps:          0       6       0       0       0       0       0       0       0       0       0       0       0       0
      Totals:         0       8       0       0       0       0       0       0       0       0       0       0       0       0
Total ram usage:        8 bytes
 Hardware stack levels used:    1
 Hardware stack levels required when called:    2
 This function calls:
		Nothing
 This function is called by:
		_xtoa
 This function uses a non-reentrant model


 *************** function _dtoa *****************
 Defined at:
		line 287 in file "/opt/microchip/xc8/v2.30/pic/sources/c99/common/doprnt.c"
 Parameters:    Size  Location     Type
  fp              1    wreg     PTR struct _IO_FILE
		 -> sprintf@f(5), 
  d               8   32[BANK0 ] long long 
 Auto vars:     Size  Location     Type
  fp              1   43[BANK0 ] PTR struct _IO_FILE
		 -> sprintf@f(5), 
  n               8   52[BANK0 ] long long 
  i               2   60[BANK0 ] int 
  s               2   50[BANK0 ] int 
  w               2   48[BANK0 ] int 
  p               2   46[BANK0 ] int 
 Return value:  Size  Location     Type
                  2   32[BANK0 ] int 
 Registers used:
		wreg, fsr0l, fsr0h, fsr1l, fsr1h, status,2, status,0, pclath, cstack
 Tracked objects:
		On entry : 
		On exit  : 
		Unchanged: 
 Data sizes:     COMMON   BANK0   BANK1   BANK2   BANK3   BANK4   BANK5   BANK6   BANK7   BANK8   BANK9  BANK10  BANK11  BANK12
      Params:         0       8       0       0       0       0       0       0       0       0       0       0       0       0
      Locals:         0      19       0       0       0       0       0       0       0       0       0       0       0       0
      Temps:          0       3       0       0       0       0       0       0       0       0       0       0       0       0
      Totals:         0      30       0       0       0       0       0       0       0       0       0       0       0       0
Total ram usage:       30 bytes
 Hardware stack levels used:    1
 Hardware stack levels required when called:    6
 This function calls:
		___aodiv
		___aomod
		_abs
		_pad
 This function is called by:
		_vfpfcnvrt
 This function uses a non-reentrant model


 *************** function _pad *****************
 Defined at:
		line 72 in file "/opt/microchip/xc8/v2.30/pic/sources/c99/common/doprnt.c"
 Parameters:    Size  Location     Type
  fp              1    wreg     PTR struct _IO_FILE
		 -> sprintf@f(5), 
  buf             1   21[BANK0 ] PTR unsigned char 
		 -> dbuf(32), 
  p               2   22[BANK0 ] int 
 Auto vars:     Size  Location     Type
  fp              1   29[BANK0 ] PTR struct _IO_FILE
		 -> sprintf@f(5), 
  w               2   27[BANK0 ] int 
  i               2   25[BANK0 ] int 
 Return value:  Size  Location     Type
                  2   21[BANK0 ] int 
 Registers used:
		wreg, fsr0l, fsr0h, fsr1l, fsr1h, status,2, status,0, pclath, cstack
 Tracked objects:
		On entry : 
		On exit  : 
		Unchanged: 
 Data sizes:     COMMON   BANK0   BANK1   BANK2   BANK3   BANK4   BANK5   BANK6   BANK7   BANK8   BANK9  BANK10  BANK11  BANK12
      Params:         0       3       0       0       0       0       0       0       0       0       0       0       0       0
      Locals:         0       5       0       0       0       0       0       0       0       0       0       0       0       0
      Temps:          0       1       0       0       0       0       0       0       0       0       0       0       0       0
      Totals:         0       9       0       0       0       0       0       0       0       0       0       0       0       0
Total ram usage:        9 bytes
 Hardware stack levels used:    1
 Hardware stack levels required when called:    5
 This function calls:
		_fputc
		_fputs
		_strlen
 This function is called by:
		_dtoa
		_xtoa
 This function uses a non-reentrant model


 *************** function _fputs *****************
 Defined at:
		line 8 in file "/opt/microchip/xc8/v2.30/pic/sources/c99/common/nf_fputs.c"
 Parameters:    Size  Location     Type
  s               1    wreg     PTR const unsigned char 
		 -> dbuf(32), 
  fp              1   13[BANK0 ] PTR struct _IO_FILE
		 -> sprintf@f(5), 
 Auto vars:     Size  Location     Type
  s               1   20[BANK0 ] PTR const unsigned char 
		 -> dbuf(32), 
  i               2   18[BANK0 ] int 
  c               1   17[BANK0 ] unsigned char 
 Return value:  Size  Location     Type
                  2   13[BANK0 ] int 
 Registers used:
		wreg, fsr0l, fsr0h, fsr1l, fsr1h, status,2, status,0, pclath, cstack
 Tracked objects:
		On entry : 
		On exit  : 
		Unchanged: 
 Data sizes:     COMMON   BANK0   BANK1   BANK2   BANK3   BANK4   BANK5   BANK6   BANK7   BANK8   BANK9  BANK10  BANK11  BANK12
      Params:         0       1       0       0       0       0       0       0       0       0       0       0       0       0
      Locals:         0       4       0       0       0       0       0       0       0       0       0       0       0       0
      Temps:          0       3       0       0       0       0       0       0       0       0       0       0       0       0
      Totals:         0       8       0       0       0       0       0       0       0       0       0       0       0       0
Total ram usage:        8 bytes
 Hardware stack levels used:    1
 Hardware stack levels required when called:    4
 This function calls:
		_fputc
 This function is called by:
		_pad
 This function uses a non-reentrant model


 *************** function _fputc *****************
 Defined at:
		line 8 in file "/opt/microchip/xc8/v2.30/pic/sources/c99/common/nf_fputc.c"
 Parameters:    Size  Location     Type
  c               2    5[BANK0 ] int 
  fp              1    7[BANK0 ] PTR struct _IO_FILE
		 -> sprintf@f(5), 
 Auto vars:     Size  Location     Type
		None
 Return value:  Size  Location     Type
                  2    5[BANK0 ] int 
 Registers used:
		wreg, fsr0l, fsr0h, fsr1l, fsr1h, status,2, status,0, pclath, cstack
 Tracked objects:
		On entry : 
		On exit  : 
		Unchanged: 
 Data sizes:     COMMON   BANK0   BANK1   BANK2   BANK3   BANK4   BANK5   BANK6   BANK7   BANK8   BANK9  BANK10  BANK11  BANK12
      Params:         0       3       0       0       0       0       0       0       0       0       0       0       0       0
      Locals:         0       0       0       0       0       0       0       0       0       0       0       0       0       0
      Temps:          0       5       0       0       0       0       0       0       0       0       0       0       0       0
      Totals:         0       8       0       0       0       0       0       0       0       0       0       0       0       0
Total ram usage:        8 bytes
 Hardware stack levels used:    1
 Hardware stack levels required when called:    3
 This function calls:
		_putch
 This function is called by:
		_pad
		_vfpfcnvrt
		_fputs
 This function uses a non-reentrant model


 *************** function _putch *****************
 Defined at:
		line 7 in file "/opt/microchip/xc8/v2.30/pic/sources/c99/common/putch.c"
 Parameters:    Size  Location     Type
  c               1    wreg     unsigned char 
 Auto vars:     Size  Location     Type
  c               1    0[COMMON] unsigned char 
 Return value:  Size  Location     Type
                  1    wreg      void 
 Registers used:
		wreg
 Tracked objects:
		On entry : 
		On exit  : 
		Unchanged: 
 Data sizes:     COMMON   BANK0   BANK1   BANK2   BANK3   BANK4   BANK5   BANK6   BANK7   BANK8   BANK9  BANK10  BANK11  BANK12
      Params:         0       0       0       0       0       0       0       0       0       0       0       0       0       0
      Locals:         0       0       0       0       0       0       0       0       0       0       0       0       0       0
      Temps:          0       0       0       0       0       0       0       0       0       0       0       0       0       0
      Totals:         0       0       0       0       0       0       0       0       0       0       0       0       0       0
Total ram usage:        0 bytes
 Hardware stack levels used:    1
 Hardware stack levels required when called:    2
 This function calls:
		Nothing
 This function is called by:
		_fputc
 This function uses a non-reentrant model


 *************** function _abs *****************
 Defined at:
		line 1 in file "/opt/microchip/xc8/v2.30/pic/sources/c99/common/abs.c"
 Parameters:    Size  Location     Type
  a               2   24[BANK0 ] int 
 Auto vars:     Size  Location     Type
		None
 Return value:  Size  Location     Type
                  2   24[BANK0 ] int 
 Registers used:
		wreg, status,2, status,0
 Tracked objects:
		On entry : 
		On exit  : 
		Unchanged: 
 Data sizes:     COMMON   BANK0   BANK1   BANK2   BANK3   BANK4   BANK5   BANK6   BANK7   BANK8   BANK9  BANK10  BANK11  BANK12
      Params:         0       2       0       0       0       0       0       0       0       0       0       0       0       0
      Locals:         0       0       0       0       0       0       0       0       0       0       0       0       0       0
      Temps:          0       2       0       0       0       0       0       0       0       0       0       0       0       0
      Totals:         0       4       0       0       0       0       0       0       0       0       0       0       0       0
Total ram usage:        4 bytes
 Hardware stack levels used:    1
 Hardware stack levels required when called:    2
 This function calls:
		Nothing
 This function is called by:
		_dtoa
 This function uses a non-reentrant model


 *************** function ___aomod *****************
 Defined at:
		line 7 in file "/opt/microchip/xc8/v2.30/pic/sources/c99/common/aomod.c"
 Parameters:    Size  Location     Type
  divisor         8    5[BANK0 ] long long 
  dividend        8   13[BANK0 ] long long 
 Auto vars:     Size  Location     Type
  sign            1   23[BANK0 ] unsigned char 
  counter         1   22[BANK0 ] unsigned char 
 Return value:  Size  Location     Type
                  8    5[BANK0 ] long long 
 Registers used:
		wreg, fsr1l, fsr1h, status,2, status,0
 Tracked objects:
		On entry : 
		On exit  : 
		Unchanged: 
 Data sizes:     COMMON   BANK0   BANK1   BANK2   BANK3   BANK4   BANK5   BANK6   BANK7   BANK8   BANK9  BANK10  BANK11  BANK12
[...]
		_SysInit
 This function uses a non-reentrant model


 *************** function _setup_dht11_snsr *****************
 Defined at:
		line 3 in file "/home/dev-user/Projects/Personal/PIC/PicTest1.X/dht11.c"
 Parameters:    Size  Location     Type
		None
 Auto vars:     Size  Location     Type
		None
 Return value:  Size  Location     Type
                  1    wreg      enum E2
 Registers used:
		status,2
 Tracked objects:
		On entry : 
		On exit  : 
		Unchanged: 
 Data sizes:     COMMON   BANK0   BANK1   BANK2   BANK3   BANK4   BANK5   BANK6   BANK7   BANK8   BANK9  BANK10  BANK11  BANK12
      Params:         0       0       0       0       0       0       0       0       0       0       0       0       0       0
      Locals:         0       0       0       0       0       0       0       0       0       0       0       0       0       0
      Temps:          0       0       0       0       0       0       0       0       0       0       0       0       0       0
      Totals:         0       0       0       0       0       0       0       0       0       0       0       0       0       0
Total ram usage:        0 bytes
 Hardware stack levels used:    1
 Hardware stack levels required when called:    2
 This function calls:
		Nothing
 This function is called by:
		_SysInit
 This function uses a non-reentrant model


 *************** function _make_all_digital *****************
 Defined at:
		line 93 in file "/home/dev-user/Projects/Personal/PIC/PicTest1.X/System.c"
 Parameters:    Size  Location     Type
		None
 Auto vars:     Size  Location     Type
		None
 Return value:  Size  Location     Type
                  1    wreg      enum E12715
 Registers used:
		status,2
 Tracked objects:
		On entry : 
		On exit  : 
		Unchanged: 
 Data sizes:     COMMON   BANK0   BANK1   BANK2   BANK3   BANK4   BANK5   BANK6   BANK7   BANK8   BANK9  BANK10  BANK11  BANK12
      Params:         0       0       0       0       0       0       0       0       0       0       0       0       0       0
      Locals:         0       0       0       0       0       0       0       0       0       0       0       0       0       0
      Temps:          0       0       0       0       0       0       0       0       0       0       0       0       0       0
      Totals:         0       0       0       0       0       0       0       0       0       0       0       0       0       0
Total ram usage:        0 bytes
 Hardware stack levels used:    1
 Hardware stack levels required when called:    2
 This function calls:
		Nothing
 This function is called by:
		_SysInit
 This function uses a non-reentrant model


 *************** function _TmrSetup *****************
 Defined at:
		line 312 in file "/home/dev-user/Projects/Personal/PIC/PicTest1.X/timers.c"
 Parameters:    Size  Location     Type
  Mod            13   19[BANK0 ] struct TimerEven
  tmr_freq        2   32[BANK0 ] unsigned short 
  use_int         1   34[BANK0 ] _Bool 
 Auto vars:     Size  Location     Type
  regVal          4   40[BANK0 ] unsigned long 
  prescalarVal    1   39[BANK0 ] unsigned char 
 Return value:  Size  Location     Type
                  1    wreg      enum E12715
 Registers used:
		wreg, fsr0l, fsr0h, fsr1l, fsr1h, status,2, status,0, pclath, cstack
 Tracked objects:
		On entry : 
		On exit  : 
		Unchanged: 
 Data sizes:     COMMON   BANK0   BANK1   BANK2   BANK3   BANK4   BANK5   BANK6   BANK7   BANK8   BANK9  BANK10  BANK11  BANK12
      Params:         0      16       0       0       0       0       0       0       0       0       0       0       0       0
      Locals:         0       5       0       0       0       0       0       0       0       0       0       0       0       0
      Temps:          0       4       0       0       0       0       0       0       0       0       0       0       0       0
      Totals:         0      25       0       0       0       0       0       0       0       0       0       0       0       0
Total ram usage:       25 bytes
 Hardware stack levels used:    1
 Hardware stack levels required when called:    3
 This function calls:
		_TmrDisable
		___lldiv
 This function is called by:
		_SysInit
 This function uses a non-reentrant model


 *************** function _TmrDisable *****************
 Defined at:
		line 352 in file "/home/dev-user/Projects/Personal/PIC/PicTest1.X/timers.c"
 Parameters:    Size  Location     Type
  Mod            13    5[BANK0 ] struct TimerEven
 Auto vars:     Size  Location     Type
		None
 Return value:  Size  Location     Type
                  1    wreg      void 
 Registers used:
		wreg, fsr1l, fsr1h, status,2, status,0
 Tracked objects:
		On entry : 
		On exit  : 
		Unchanged: 
 Data sizes:     COMMON   BANK0   BANK1   BANK2   BANK3   BANK4   BANK5   BANK6   BANK7   BANK8   BANK9  BANK10  BANK11  BANK12
      Params:         0      13       0       0       0       0       0       0       0       0       0       0       0       0
      Locals:         0       0       0       0       0       0       0       0       0       0       0       0       0       0
      Temps:          0       1       0       0       0       0       0       0       0       0       0       0       0       0
      Totals:         0      14       0       0       0       0       0       0       0       0       0       0       0       0
Total ram usage:       14 bytes
 Hardware stack levels used:    1
 Hardware stack levels required when called:    2
 This function calls:
		Nothing
 This function is called by:
		_TmrSetup
 This function uses a non-reentrant model


 *************** function _TmrEnable *****************
 Defined at:
		line 346 in file "/home/dev-user/Projects/Personal/PIC/PicTest1.X/timers.c"
 Parameters:    Size  Location     Type
  Mod            13    5[BANK0 ] struct TimerEven
 Auto vars:     Size  Location     Type
		None
 Return value:  Size  Location     Type
                  1    wreg      void 
 Registers used:
		wreg, fsr1l, fsr1h
 Tracked objects:
		On entry : 
		On exit  : 
		Unchanged: 
 Data sizes:     COMMON   BANK0   BANK1   BANK2   BANK3   BANK4   BANK5   BANK6   BANK7   BANK8   BANK9  BANK10  BANK11  BANK12
      Params:         0      13       0       0       0       0       0       0       0       0       0       0       0       0
      Locals:         0       0       0       0       0       0       0       0       0       0       0       0       0       0
      Temps:          0       0       0       0       0       0       0       0       0       0       0       0       0       0
      Totals:         0      13       0       0       0       0       0       0       0       0       0       0       0       0
Total ram usage:       13 bytes
 Hardware stack levels used:    1
 Hardware stack levels required when called:    2
 This function calls:
		Nothing
 This function is called by:
		_SysInit
 This function uses a non-reentrant model


 *************** function _EUSARTSetup *****************
 Defined at:
		line 3 in file "/home/dev-user/Projects/Personal/PIC/PicTest1.X/eusart.c"
 Parameters:    Size  Location     Type
  set_baud        4   19[BANK0 ] unsigned long 
  use_tx          1   23[BANK0 ] _Bool 
  use_rx          1   24[BANK0 ] _Bool 
 Auto vars:     Size  Location     Type
  i               1   31[BANK0 ] unsigned char 
  i               2   29[BANK0 ] unsigned short 
  regVal          4   32[BANK0 ] unsigned long 
 Return value:  Size  Location     Type
                  1    wreg      enum E12715
 Registers used:
		wreg, fsr1l, fsr1h, status,2, status,0, pclath, cstack
 Tracked objects:
		On entry : 
		On exit  : 
		Unchanged: 
 Data sizes:     COMMON   BANK0   BANK1   BANK2   BANK3   BANK4   BANK5   BANK6   BANK7   BANK8   BANK9  BANK10  BANK11  BANK12
      Params:         0       6       0       0       0       0       0       0       0       0       0       0       0       0
      Locals:         0       7       0       0       0       0       0       0       0       0       0       0       0       0
      Temps:          0       4       0       0       0       0       0       0       0       0       0       0       0       0
      Totals:         0      17       0       0       0       0       0       0       0       0       0       0       0       0
Total ram usage:       17 bytes
 Hardware stack levels used:    1
 Hardware stack levels required when called:    3
 This function calls:
		___lldiv
 This function is called by:
		_SysInit
 This function uses a non-reentrant model


 *************** function ___lldiv *****************
 Defined at:
		line 5 in file "/opt/microchip/xc8/v2.30/pic/sources/c99/common/__lldiv.c"
 Parameters:    Size  Location     Type
  divisor         4    5[BANK0 ] unsigned long 
  dividend        4    9[BANK0 ] unsigned long 
 Auto vars:     Size  Location     Type
  quotient        4   14[BANK0 ] unsigned long 
  counter         1   18[BANK0 ] unsigned char 
 Return value:  Size  Location     Type
                  4    5[BANK0 ] unsigned long 
 Registers used:
		wreg, status,2, status,0
 Tracked objects:
		On entry : 
		On exit  : 
		Unchanged: 
 Data sizes:     COMMON   BANK0   BANK1   BANK2   BANK3   BANK4   BANK5   BANK6   BANK7   BANK8   BANK9  BANK10  BANK11  BANK12
      Params:         0       8       0       0       0       0       0       0       0       0       0       0       0       0
      Locals:         0       5       0       0       0       0       0       0       0       0       0       0       0       0
      Temps:          0       1       0       0       0       0       0       0       0       0       0       0       0       0
      Totals:         0      14       0       0       0       0       0       0       0       0       0       0       0       0
Total ram usage:       14 bytes
 Hardware stack levels used:    1
 Hardware stack levels required when called:    2
 This function calls:
		Nothing
 This function is called by:
		_TmrSetup
		_EUSARTSetup
		_main
 This function uses a non-reentrant model


 *************** function _SetupClk *****************
 Defined at:
		line 4 in file "/home/dev-user/Projects/Personal/PIC/PicTest1.X/System.c"
 Parameters:    Size  Location     Type
		None
 Auto vars:     Size  Location     Type
		None
 Return value:  Size  Location     Type
                  1    wreg      void 
 Registers used:
		wreg
 Tracked objects:
		On entry : 
		On exit  : 
		Unchanged: 
 Data sizes:     COMMON   BANK0   BANK1   BANK2   BANK3   BANK4   BANK5   BANK6   BANK7   BANK8   BANK9  BANK10  BANK11  BANK12
      Params:         0       0       0       0       0       0       0       0       0       0       0       0       0       0
      Locals:         0       0       0       0       0       0       0       0       0       0       0       0       0       0
      Temps:          0       0       0       0       0       0       0       0       0       0       0       0       0       0
      Totals:         0       0       0       0       0       0       0       0       0       0       0       0       0       0
Total ram usage:        0 bytes
 Hardware stack levels used:    1
 Hardware stack levels required when called:    2
 This function calls:
		Nothing
 This function is called by:
		_main
 This function uses a non-reentrant model


 *************** function _Isr *****************
 Defined at:
		line 12 in file "/home/dev-user/Projects/Personal/PIC/PicTest1.X/interrupts.c"
 Parameters:    Size  Location     Type
		None
 Auto vars:     Size  Location     Type
  i               1    3[BANK0 ] unsigned char 
  i               1    4[BANK0 ] unsigned char 
  rx_val          1    2[BANK0 ] unsigned char 
  rx_or_error     1    1[BANK0 ] _Bool 
  rx_frm_error    1    0[BANK0 ] _Bool 
 Return value:  Size  Location     Type
                  1    wreg      void 
 Registers used:
		wreg, fsr1l, fsr1h, status,2, status,0, pclath, cstack
 Tracked objects:
		On entry : 
		On exit  : 
		Unchanged: 
 Data sizes:     COMMON   BANK0   BANK1   BANK2   BANK3   BANK4   BANK5   BANK6   BANK7   BANK8   BANK9  BANK10  BANK11  BANK12
      Params:         0       0       0       0       0       0       0       0       0       0       0       0       0       0
      Locals:         0       5       0       0       0       0       0       0       0       0       0       0       0       0
      Temps:          1       0       0       0       0       0       0       0       0       0       0       0       0       0
      Totals:         1       5       0       0       0       0       0       0       0       0       0       0       0       0
Total ram usage:        6 bytes
 Hardware stack levels used:    1
 Hardware stack levels required when called:    1
 This function calls:
		___llmod
 This function is called by:
		Interrupt level 1
 This function uses a non-reentrant model


 *************** function ___llmod *****************
 Defined at:
		line 5 in file "/opt/microchip/xc8/v2.30/pic/sources/c99/common/llmod.c"
 Parameters:    Size  Location     Type
  divisor         4    0[COMMON] unsigned long 
  dividend        4    4[COMMON] unsigned long 
 Auto vars:     Size  Location     Type
  counter         1    9[COMMON] unsigned char 
 Return value:  Size  Location     Type
                  4    0[COMMON] unsigned long 
 Registers used:
		wreg, status,2, status,0
 Tracked objects:
		On entry : 
		On exit  : 
		Unchanged: 
 Data sizes:     COMMON   BANK0   BANK1   BANK2   BANK3   BANK4   BANK5   BANK6   BANK7   BANK8   BANK9  BANK10  BANK11  BANK12
      Params:         8       0       0       0       0       0       0       0       0       0       0       0       0       0
      Locals:         1       0       0       0       0       0       0       0       0       0       0       0       0       0
      Temps:          1       0       0       0       0       0       0       0       0       0       0       0       0       0
      Totals:        10       0       0       0       0       0       0       0       0       0       0       0       0       0
Total ram usage:       10 bytes
 Hardware stack levels used:    1
 This function calls:
		Nothing
 This function is called by:
		_Isr
 This function uses a non-reentrant model



MODULE INFORMATION

Module		Function		Class		Link	Load	Size
/opt/microchip/xc8/v2.30/pic/sources/c99/common/nf_fputc.c
		_fputc         		CODE           	0851	0000	82

/opt/microchip/xc8/v2.30/pic/sources/c99/common/nf_fputc.c estimated size: 82

/opt/microchip/xc8/v2.30/pic/sources/c99/common/strcat.c
		_strcat        		CODE           	15FD	0000	24

/opt/microchip/xc8/v2.30/pic/sources/c99/common/strcat.c estimated size: 24

/opt/microchip/xc8/v2.30/pic/sources/c99/common/atoi.c
		_atoi          		CODE           	0B12	0000	175

/opt/microchip/xc8/v2.30/pic/sources/c99/common/atoi.c estimated size: 175

/opt/microchip/xc8/v2.30/pic/sources/c99/common/isalpha.c
		_isalpha       		CODE           	1696	0000	31

/opt/microchip/xc8/v2.30/pic/sources/c99/common/isalpha.c estimated size: 31

/home/dev-user/Projects/Personal/PIC/PicTest1.X/dht11.c
		_setup_dht11_snsr		CODE           	15C5	0000	12
		_read_dht11_dat		CODE           	0735	0000	194

/home/dev-user/Projects/Personal/PIC/PicTest1.X/dht11.c estimated size: 206

/opt/microchip/xc8/v2.30/pic/sources/c99/common/aomod.c
		___aomod       		CODE           	0CA8	0000	237

/opt/microchip/xc8/v2.30/pic/sources/c99/common/aomod.c estimated size: 237

/opt/microchip/xc8/v2.30/pic/sources/c99/common/strlen.c
		_strlen        		CODE           	1660	0000	26

/opt/microchip/xc8/v2.30/pic/sources/c99/common/strlen.c estimated size: 26

/opt/microchip/xc8/v2.30/pic/sources/c99/common/strcpy.c
		_strcpy        		CODE           	16D5	0000	33

/opt/microchip/xc8/v2.30/pic/sources/c99/common/strcpy.c estimated size: 33

/home/dev-user/Projects/Personal/PIC/PicTest1.X/interrupts.c
		_Isr           		CODE           	0004	0000	429

/home/dev-user/Projects/Personal/PIC/PicTest1.X/interrupts.c estimated size: 429

/opt/microchip/xc8/v2.30/pic/sources/c99/common/__lldiv.c
		___lldiv       		CODE           	08FC	0000	91

/opt/microchip/xc8/v2.30/pic/sources/c99/common/__lldiv.c estimated size: 91

/opt/microchip/xc8/v2.30/pic/sources/c99/common/putch.c
		_putch         		CODE           	0003	0000	1

/opt/microchip/xc8/v2.30/pic/sources/c99/common/putch.c estimated size: 1

/opt/microchip/xc8/v2.30/pic/sources/c99/common/llmod.c
		___llmod       		CODE           	0807	0000	74

/opt/microchip/xc8/v2.30/pic/sources/c99/common/llmod.c estimated size: 74

/opt/microchip/xc8/v2.30/pic/sources/c99/common/isdigit.c
		_isdigit       		CODE           	1615	0000	25

/opt/microchip/xc8/v2.30/pic/sources/c99/common/isdigit.c estimated size: 25

/opt/microchip/xc8/v2.30/pic/sources/c99/common/doprnt.c
		_vfpfcnvrt     		CODE           	01FE	0000	599
		_pad           		CODE           	08A3	0000	89
		_dtoa          		CODE           	05C9	0000	364
		_vfprintf      		CODE           	178B	0000	53
		_xtoa          		CODE           	0455	0000	372

/opt/microchip/xc8/v2.30/pic/sources/c99/common/doprnt.c estimated size: 1477

/opt/microchip/xc8/v2.30/pic/sources/c99/common/nf_sprintf.c
		_sprintf       		CODE           	1718	0000	36

/opt/microchip/xc8/v2.30/pic/sources/c99/common/nf_sprintf.c estimated size: 36

/opt/microchip/xc8/v2.30/pic/sources/c99/common/aodiv.c
		___aodiv       		CODE           	0D95	0000	261

/opt/microchip/xc8/v2.30/pic/sources/c99/common/aodiv.c estimated size: 261

/home/dev-user/Projects/Personal/PIC/PicTest1.X/ir_dist.c
		_setup_irdist_snsr		CODE           	15EB	0000	18
		_read_irdist_dat		CODE           	15BA	0000	11

/home/dev-user/Projects/Personal/PIC/PicTest1.X/ir_dist.c estimated size: 29

/opt/microchip/xc8/v2.30/pic/sources/c99/common/nf_fputs.c
		_fputs         		CODE           	1762	0000	41

/opt/microchip/xc8/v2.30/pic/sources/c99/common/nf_fputs.c estimated size: 41

shared
		__initialization		CODE           	01B3	0000	71

shared estimated size: 71

/home/dev-user/Projects/Personal/PIC/PicTest1.X/eusart.c
		_load_tx_msg_str_crlf		CODE           	17C0	0000	64
		_load_tx_msg_str		CODE           	09DD	0000	137
		_EUSARTSetup   		CODE           	0E9A	0000	358

/home/dev-user/Projects/Personal/PIC/PicTest1.X/eusart.c estimated size: 559

/opt/microchip/xc8/v2.30/pic/sources/c99/common/Umul16.c
		___wmul        		CODE           	16B5	0000	32

/opt/microchip/xc8/v2.30/pic/sources/c99/common/Umul16.c estimated size: 32

/opt/microchip/xc8/v2.30/pic/sources/c99/common/islower.c
		_islower       		CODE           	1647	0000	25

/opt/microchip/xc8/v2.30/pic/sources/c99/common/islower.c estimated size: 25

/home/dev-user/Projects/Personal/PIC/PicTest1.X/timers.c
		_TmrSetup      		CODE           	0A66	0000	172
		_TmrDisable    		CODE           	15AF	0000	11
		_TmrEnable     		CODE           	07F7	0000	9

/home/dev-user/Projects/Personal/PIC/PicTest1.X/timers.c estimated size: 192

/home/dev-user/Projects/Personal/PIC/PicTest1.X/System.c
		_SysInit       		CODE           	0957	0000	134
		_make_all_digital		CODE           	0800	0000	7
		_SetupClk      		CODE           	15DD	0000	14

/home/dev-user/Projects/Personal/PIC/PicTest1.X/System.c estimated size: 155

/opt/microchip/xc8/v2.30/pic/sources/c99/common/isupper.c
		_isupper       		CODE           	162E	0000	25

/opt/microchip/xc8/v2.30/pic/sources/c99/common/isupper.c estimated size: 25

/opt/microchip/xc8/v2.30/pic/sources/c99/common/toupper.c
		_toupper       		CODE           	173C	0000	38

/opt/microchip/xc8/v2.30/pic/sources/c99/common/toupper.c estimated size: 38

main.c
		_main          		CODE           	0BC1	0000	231

main.c estimated size: 231

/opt/microchip/xc8/v2.30/pic/sources/c99/common/isspace.c
		_isspace       		CODE           	16F6	0000	34

/opt/microchip/xc8/v2.30/pic/sources/c99/common/isspace.c estimated size: 34

/opt/microchip/xc8/v2.30/pic/sources/c99/common/abs.c
		_abs           		CODE           	167A	0000	28

/opt/microchip/xc8/v2.30/pic/sources/c99/common/abs.c estimated size: 28

