Microchip MPLAB XC8 Compiler V2.30

Linker command line:

-W-3 --edf=/opt/microchip/xc8/v2.30/pic/dat/en_msgs.txt -pivt0x8=08h -cn \
  -h+dist/default/production/StepperSystem_v2.X.production.sym \
  --cmf=dist/default/production/StepperSystem_v2.X.production.cmf -z \
  -Q18F47K42 -o/tmp/xcXEnPOIP --defsym=__MPLAB_BUILD=1 \
  -Mdist/default/production/StepperSystem_v2.X.production.map -E1 \
  -ver=XC8 Compiler --acfsm=1493 -ASTACK=0600h-01FFFh -pstack=STACK \
  -ACODE=00h-01FFFFh -ACONST=00h-01FFFFh -ASMALLCONST=02000h-020FFhx480 \
  -AMEDIUMCONST=02000h-0FFFFh,012000h-01FFFFh -ACOMRAM=01h-05Fh \
  -AABS1=00h-01FFFh -ABIGRAM=01h-01FFFh -ARAM=060h-0FFh,0100h-01FFhx31 \
  -ABANK0=060h-0FFh -ABANK1=0100h-01FFh -ABANK2=0200h-02FFh \
  -ABANK3=0300h-03FFh -ABANK4=0400h-04FFh -ABANK5=0500h-05FFh \
  -ABANK6=0600h-06FFh -ABANK7=0700h-07FFh -ABANK8=0800h-08FFh \
  -ABANK9=0900h-09FFh -ABANK10=0A00h-0AFFh -ABANK11=0B00h-0BFFh \
  -ABANK12=0C00h-0CFFh -ABANK13=0D00h-0DFFh -ABANK14=0E00h-0EFFh \
  -ABANK15=0F00h-0FFFh -ABANK16=01000h-010FFh -ABANK17=01100h-011FFh \
  -ABANK18=01200h-012FFh -ABANK19=01300h-013FFh -ABANK20=01400h-014FFh \
  -ABANK21=01500h-015FFh -ABANK22=01600h-016FFh -ABANK23=01700h-017FFh \
  -ABANK24=01800h-018FFh -ABANK25=01900h-019FFh -ABANK26=01A00h-01AFFh \
  -ABANK27=01B00h-01BFFh -ABANK28=01C00h-01CFFh -ABANK29=01D00h-01DFFh \
  -ABANK30=01E00h-01EFFh -ABANK31=01F00h-01FFFh \
  -ASFR=03800h-038FFhx7,03F00h-03F5Fh,03F60h-03FFFh \
  -ACONFIG=0300000h-0300009h -AIDLOC=0200000h-020000Fh \
  -AEEDATA=0310000h-03103FFh -peeprom_data=EEDATA -preset_vec=00h \
  -ppowerup=CODE,init -pramtop=02000h -psmallconst=SMALLCONST \
  -pmediumconst=MEDIUMCONST -pconst=CONST -AFARRAM=00h-00h \
  -prdata=COMRAM,nvrram=COMRAM,nvbit=COMRAM,rbss=COMRAM,rbit=COMRAM \
  -pfarbss=FARRAM,fardata=FARRAM,nvFARRAM=FARRAM \
  -pintsave_regs=BIGRAM,bigbss=BIGRAM,bigdata=BIGRAM -pbss=RAM \
  -pidata=CODE,irdata=CODE,ibigdata=CODE,ifardata=CODE -prparam=COMRAM \
  /tmp/xcXnLiiGn.o dist/default/production/StepperSystem_v2.X.production.o 

Object code version is 3.11

Machine type is 18F47K42



                Name                               Link     Load   Length Selector   Space Scale
/tmp/xcXnLiiGn.o
                idloc                            200000   200000       10        0       5
                config                           300000   300000        A        0       4
                init                                 AE       AE        4        4       0
                reset_vec                             0        0        4        0       0
dist/default/production/StepperSystem_v2.X.production.o
                idloc                            200000   200000       10        0       5
                config                           300000   300000        A        0       4
                mediumconst                        FE8A     FE8A      176     7F45       0
                ivt0x8                                8        8       A6        4       0
                text104                           14ACC    14ACC       36     52B3       0
                text103                           14A94    14A94       36     52A5       0
                text102                           14526    14526       62     8000       0
                text101                           13932    13932       B6     8000       0
                text100                           142BA    142BA       6C     8000       0
                text99                            146F2    146F2       54     8000       0
                text98                            14A5C    14A5C       36     5297       0
                text97                            13E9E    13E9E       88     8000       0
                text96                            147E0    147E0       48     8000       0
                text95                            13BDC    13BDC       96     8000       0
                text94                            14D2C    14D2C        2     534B       0
                text93                            12184    12184      194     8000       0
                text92                            14644    14644       5A     8000       0
                text91                            14C9E    14C9E       28     52B3       0
                text90                            14CFA    14CFA        6     A678       0
                text89                            14D24    14D24        4     A678       0
                text88                            14CF0    14CF0        A     A678       0
                text87                            14D20    14D20        4     A678       0
                text86                            13A98    13A98       A6     8000       0
                text85                            130D6    130D6       DC     8000       0
                text84                            139E8    139E8       B0     8000       0
                text83                            12FFA    12FFA       DC     8000       0
                text82                            1297C    1297C       FC     8000       0
                text81                            14390    14390       6A     8000       0
                text80                            13658    13658       B8     8000       0
                text79                            135A0    135A0       B8     8000       0
                text78                            134E8    134E8       B8     8000       0
                text77                            13B3E    13B3E       9E     8000       0
                text76                            13428    13428       C0     8000       0
                text75                            14D1C    14D1C        4     A678       0
                text74                            14D18    14D18        4     A678       0
                text73                            12F1E    12F1E       DC     8000       0
                text72                            1181E    1181E      20A     8000       0
                text71                            14CC6    14CC6       18     52B3       0
                text70                            1401C    1401C       76     8000       0
                text69                            143FA    143FA       66     8000       0
                text68                            112DC    112DC      2C2     8000       0
                text67                            14B02    14B02       34     52B3       0
                text66                            14B9A    14B9A       32     52B3       0
                text65                            14B68    14B68       32     52B3       0
                text64                            14B36    14B36       32     52B3       0
                text63                            12608    12608      13E     8000       0
                text62                            1424E    1424E       6C     8000       0
                text61                            14A20    14A20       3A     8000       0
                text60                            1469E    1469E       54     8000       0
                text59                            11C2E    11C2E      1F0     8000       0
                text58                            14BCC    14BCC       2C     52B3       0
                text57                            11E1E    11E1E      1BC     8000       0
                text56                            12318    12318      18A     8000       0
                text55                            124A2    124A2      166     8000       0
                text54                            148EE    148EE       42     8000       0
                text53                            14D28    14D28        2     A678       0
                text52                            131B2    131B2       DA     8000       0
                text51                            14798    14798       48     8000       0
                text50                            1496E    1496E       3E     8000       0
                text49                            1335E    1335E       CA     8000       0
                text48                            10D18    10D18      2E6     8000       0
                text47                            12868    12868      114     8000       0
                text46                            12A78    12A78       F2     8000       0
                text45                            1328C    1328C       D2     8000       0
                text44                            11A28    11A28      206     8000       0
                text43                            14930    14930       3E     8000       0
                text42                            149E6    149E6       3A     8000       0
                text41                            149AC    149AC       3A     8000       0
                text40                            14588    14588       60     8000       0
                text39                            10FFE    10FFE      2DE     8000       0
                text38                            10000    10000      92A     8000       0
                text37                            14326    14326       6A     8000       0
                text36                            14746    14746       52     8000       0
                text35                            13C72    13C72       8E     8000       0
                text34                            14460    14460       64     8000       0
                text33                            14104    14104       72     8000       0
                text32                            14092    14092       72     8000       0
                text31                            12B6A    12B6A       F0     8000       0
                text30                            144C4    144C4       62     8000       0
                text29                            141E2    141E2       6C     8000       0
                text28                            14C76    14C76       28     52B3       0
                text27                            12746    12746      122     8000       0
                text26                            13FA6    13FA6       76     8000       0
                text25                            1092A    1092A      3EE     8000       0
                text24                            14176    14176       6C     8000       0
                text23                            145E8    145E8       5C     8000       0
                text22                            14D14    14D14        4     A678       0
                text21                            14D10    14D10        4     A678       0
                text20                            12E32    12E32       EC     8000       0
                text19                            13E14    13E14       8A     8000       0
                text18                            1387C    1387C       B6     8000       0
                text17                            148AC    148AC       42     8000       0
                text16                            14C4C    14C4C       2A     52B3       0
                text15                            14D0C    14D0C        4     A678       0
                text14                            14D08    14D08        4     A678       0
                text13                            12D46    12D46       EC     8000       0
                text12                            13D8A    13D8A       8A     8000       0
                text11                            137C6    137C6       B6     8000       0
                text10                            1486A    1486A       42     8000       0
                text9                             14C22    14C22       2A     52B3       0
                text8                             14D04    14D04        4     A678       0
                text7                             14D00    14D00        4     A678       0
                text6                             12C5A    12C5A       EC     8000       0
                text5                             13D00    13D00       8A     8000       0
                text4                             13710    13710       B6     8000       0
                text3                             14828    14828       42     8000       0
                text2                             14BF8    14BF8       2A     52B3       0
                text1                             1159E    1159E      280     8000       0
                text0                             11FDA    11FDA      1AA     8000       0
                cstackCOMRAM                         2A       2A       1E        1       1
                cstackBANK0                          60       60       7A       60       1
                cstackBANK1                         100      100       77      100       1
                cstackBANK2                         200      200       5A      200       1
                cstackBANK5                         500      500      100      500       1
                bssBANK4                            400      400      100      400       1
                bssBANK3                            300      300      100      300       1
                dataBANK2                           29C      29C       11      200       1
                bssBANK2                            25A      25A       42      200       1
                bssBANK0                             DA       DA        7       60       1
                bssCOMRAM                             1        1       29        1       1
                cinit                             13F26    13F26       80     8000       0
                idataBANK2                        14CDE    14CDE       11     52B3       0

TOTAL           Name                               Link     Load   Length     Space
        CLASS   STACK          

        CLASS   CODE           
                init                                 AE       AE        4         0
                reset_vec                             0        0        4         0
                ivt0x8                                8        8       A6         0
                text104                           14ACC    14ACC       36         0
                text103                           14A94    14A94       36         0
                text102                           14526    14526       62         0
                text101                           13932    13932       B6         0
                text100                           142BA    142BA       6C         0
                text99                            146F2    146F2       54         0
                text98                            14A5C    14A5C       36         0
                text97                            13E9E    13E9E       88         0
                text96                            147E0    147E0       48         0
                text95                            13BDC    13BDC       96         0
                text94                            14D2C    14D2C        2         0
                text93                            12184    12184      194         0
                text92                            14644    14644       5A         0
                text91                            14C9E    14C9E       28         0
                text90                            14CFA    14CFA        6         0
                text89                            14D24    14D24        4         0
                text88                            14CF0    14CF0        A         0
                text87                            14D20    14D20        4         0
                text86                            13A98    13A98       A6         0
                text85                            130D6    130D6       DC         0
                text84                            139E8    139E8       B0         0
                text83                            12FFA    12FFA       DC         0
                text82                            1297C    1297C       FC         0
                text81                            14390    14390       6A         0
                text80                            13658    13658       B8         0
                text79                            135A0    135A0       B8         0
                text78                            134E8    134E8       B8         0
                text77                            13B3E    13B3E       9E         0
                text76                            13428    13428       C0         0
                text75                            14D1C    14D1C        4         0
                text74                            14D18    14D18        4         0
                text73                            12F1E    12F1E       DC         0
                text72                            1181E    1181E      20A         0
                text71                            14CC6    14CC6       18         0
                text70                            1401C    1401C       76         0
                text69                            143FA    143FA       66         0
                text68                            112DC    112DC      2C2         0
                text67                            14B02    14B02       34         0
                text66                            14B9A    14B9A       32         0
                text65                            14B68    14B68       32         0
                text64                            14B36    14B36       32         0
                text63                            12608    12608      13E         0
                text62                            1424E    1424E       6C         0
                text61                            14A20    14A20       3A         0
                text60                            1469E    1469E       54         0
                text59                            11C2E    11C2E      1F0         0
                text58                            14BCC    14BCC       2C         0
                text57                            11E1E    11E1E      1BC         0
                text56                            12318    12318      18A         0
                text55                            124A2    124A2      166         0
                text54                            148EE    148EE       42         0
                text53                            14D28    14D28        2         0
                text52                            131B2    131B2       DA         0
                text51                            14798    14798       48         0
                text50                            1496E    1496E       3E         0
                text49                            1335E    1335E       CA         0
                text48                            10D18    10D18      2E6         0
                text47                            12868    12868      114         0
                text46                            12A78    12A78       F2         0
                text45                            1328C    1328C       D2         0
                text44                            11A28    11A28      206         0
                text43                            14930    14930       3E         0
                text42                            149E6    149E6       3A         0
                text41                            149AC    149AC       3A         0
                text40                            14588    14588       60         0
                text39                            10FFE    10FFE      2DE         0
                text38                            10000    10000      92A         0
                text37                            14326    14326       6A         0
                text36                            14746    14746       52         0
                text35                            13C72    13C72       8E         0
                text34                            14460    14460       64         0
                text33                            14104    14104       72         0
                text32                            14092    14092       72         0
                text31                            12B6A    12B6A       F0         0
                text30                            144C4    144C4       62         0
                text29                            141E2    141E2       6C         0
                text28                            14C76    14C76       28         0
                text27                            12746    12746      122         0
                text26                            13FA6    13FA6       76         0
                text25                            1092A    1092A      3EE         0
                text24                            14176    14176       6C         0
                text23                            145E8    145E8       5C         0
                text22                            14D14    14D14        4         0
                text21                            14D10    14D10        4         0
                text20                            12E32    12E32       EC         0
                text19                            13E14    13E14       8A         0
                text18                            1387C    1387C       B6         0
                text17                            148AC    148AC       42         0
                text16                            14C4C    14C4C       2A         0
                text15                            14D0C    14D0C        4         0
                text14                            14D08    14D08        4         0
                text13                            12D46    12D46       EC         0
                text12                            13D8A    13D8A       8A         0
                text11                            137C6    137C6       B6         0
                text10                            1486A    1486A       42         0
                text9                             14C22    14C22       2A         0
                text8                             14D04    14D04        4         0
                text7                             14D00    14D00        4         0
                text6                             12C5A    12C5A       EC         0
                text5                             13D00    13D00       8A         0
                text4                             13710    13710       B6         0
                text3                             14828    14828       42         0
                text2                             14BF8    14BF8       2A         0
                text1                             1159E    1159E      280         0
                text0                             11FDA    11FDA      1AA         0
                cinit                             13F26    13F26       80         0
                idataBANK2                        14CDE    14CDE       11         0

        CLASS   CONST          

        CLASS   SMALLCONST     

        CLASS   MEDIUMCONST    
                mediumconst                        FE8A     FE8A      176         0

        CLASS   COMRAM         
                cstackCOMRAM                         2A       2A       1E         1
                bssCOMRAM                             1        1       29         1

        CLASS   ABS1           

        CLASS   BIGRAM         

        CLASS   RAM            

        CLASS   BANK0          
                cstackBANK0                          60       60       7A         1
                bssBANK0                             DA       DA        7         1

        CLASS   BANK1          
                cstackBANK1                         100      100       77         1

        CLASS   BANK2          
                cstackBANK2                         200      200       5A         1
                dataBANK2                           29C      29C       11         1
                bssBANK2                            25A      25A       42         1

        CLASS   BANK3          
                bssBANK3                            300      300      100         1

        CLASS   BANK4          
                bssBANK4                            400      400      100         1

        CLASS   BANK5          
                cstackBANK5                         500      500      100         1

        CLASS   BANK6          

        CLASS   BANK7          

        CLASS   BANK8          

        CLASS   BANK9          

        CLASS   BANK10         

        CLASS   BANK11         

        CLASS   BANK12         

        CLASS   BANK13         

        CLASS   BANK14         

        CLASS   BANK15         

        CLASS   BANK16         

        CLASS   BANK17         

        CLASS   BANK18         

        CLASS   BANK19         

        CLASS   BANK20         

        CLASS   BANK21         

        CLASS   BANK22         

        CLASS   BANK23         

        CLASS   BANK24         

        CLASS   BANK25         

        CLASS   BANK26         

        CLASS   BANK27         

        CLASS   BANK28         

        CLASS   BANK29         

        CLASS   BANK30         

        CLASS   BANK31         

        CLASS   SFR            

        CLASS   CONFIG         
                config                           300000   300000        A         4

        CLASS   IDLOC          
                idloc                            200000   200000       10         5

        CLASS   EEDATA         

        CLASS   FARRAM         



SEGMENTS        Name                           Load    Length   Top    Selector   Space  Class

                reset_vec                      000000  000004  000004         0       0  CODE    
                text103                        014A94  000036  014ACA      52A5       0  CODE    
                text98                         014A5C  000036  014A92      5297       0  CODE    
                text38                         010000  004A5A  014A5A      8000       0  CODE    
                text88                         014CF0  00003A  014D2A      A678       0  CODE    
                text104                        014ACC  000223  014CEF      52B3       0  CODE    
                text94                         014D2C  000002  014D2E      534B       0  CODE    
                bssBANK3                       000300  000100  000400       300       1  BANK3   
                cstackBANK0                    000060  000081  0000E1        60       1  BANK0   
                ivt0x8                         000008  0000AA  0000B2         4       0  CODE    
                bssCOMRAM                      000001  000047  000048         1       1  COMRAM  
                mediumconst                    00FE8A  000176  010000      7F45       0  MEDIUMCO
                cstackBANK5                    000500  000100  000600       500       1  BANK5   
                cstackBANK1                    000100  000077  000177       100       1  BANK1   
                cstackBANK2                    000200  0000AD  0002AD       200       1  BANK2   
                bssBANK4                       000400  000100  000500       400       1  BANK4   


UNUSED ADDRESS RANGES

        Name                Unused          Largest block    Delta
        BANK0            0000E1-0000FF               1F
        BANK1            000177-0001FF               89
        BANK10           000A00-000AFF              100
        BANK11           000B00-000BFF              100
        BANK12           000C00-000CFF              100
        BANK13           000D00-000DFF              100
        BANK14           000E00-000EFF              100
        BANK15           000F00-000FFF              100
        BANK16           001000-0010FF              100
        BANK17           001100-0011FF              100
        BANK18           001200-0012FF              100
        BANK19           001300-0013FF              100
        BANK2            0002AD-0002FF               53
        BANK20           001400-0014FF              100
        BANK21           001500-0015FF              100
        BANK22           001600-0016FF              100
        BANK23           001700-0017FF              100
        BANK24           001800-0018FF              100
        BANK25           001900-0019FF              100
        BANK26           001A00-001AFF              100
        BANK27           001B00-001BFF              100
        BANK28           001C00-001CFF              100
        BANK29           001D00-001DFF              100
        BANK30           001E00-001EFF              100
        BANK31           001F00-001FFF              100
        BANK6            000600-0006FF              100
        BANK7            000700-0007FF              100
        BANK8            000800-0008FF              100
        BANK9            000900-0009FF              100
        BIGRAM           000048-00005F               18
                         0000E1-0000FF               1F
                         000177-0001FF               89
                         0002AD-0002FF               53
                         000600-001FFF             1A00
        CODE             000004-000007                4
                         0000B2-00FE89             FDD8
                         014A5A-014A5B                2
                         014A92-014A93                2
                         014ACA-014ACB                2
                         014CEF-014CEF                1
                         014D2A-014D2B                2
                         014D2E-01FFFF             B2D2
        COMRAM           000048-00005F               18
        CONST            000004-000007                4
                         0000B2-00FE89             FDD8
                         014A5A-014A5B                2
                         014A92-014A93                2
                         014ACA-014ACB                2
                         014CEF-014CEF                1
                         014D2A-014D2B                2
                         014D2E-01FFFF             B2D2
        EEDATA           310000-3103FF              400
        MEDIUMCONST      002000-00FE89             DE8A
                         014A5A-014A5B                2
                         014A92-014A93                2
                         014ACA-014ACB                2
                         014CEF-014CEF                1
                         014D2A-014D2B                2
                         014D2E-01FFFF             B2D2
        RAM              0000E1-0000FF               1F
                         000177-0001FF               89
                         0002AD-0002FF               53
                         000600-001FFF              100
        SFR              003800-003FFF              100
        SMALLCONST       002000-00FE89              100
                         014A5A-014A5B                2
                         014A92-014A93                2
                         014ACA-014ACB                2
                         014CEF-014CEF                1
                         014D2A-014D2B                2
                         014D2E-01FFFF              100
        STACK            000600-001FFF             1A00

                                  Symbol Table

?___aodiv                       cstackBANK0  00007F
?___aomod                       cstackBANK0  00007F
?___lldiv                       cstackBANK0  00007F
?___llmod                       cstackCOMRAM 00002A
?___lmul                        cstackBANK0  00007F
?___lodiv                       cstackBANK0  00007F
?___lomod                       cstackBANK0  00007F
?___lwdiv                       cstackBANK0  00007F
?___lwmod                       cstackBANK0  00007F
?___wmul                        cstackBANK0  00007F
?_abs                           cstackBANK0  000091
?_atoi                          cstackBANK0  000086
?_atol                          cstackBANK0  00008B
?_dtoa                          cstackBANK0  00009A
?_isalpha                       cstackBANK0  00007F
?_isdigit                       cstackBANK0  00007F
?_islower                       cstackBANK0  00007F
?_isspace                       cstackBANK0  00007F
?_isupper                       cstackBANK0  00007F
?_pad                           cstackBANK0  00008F
?_sprintf                       cstackBANK1  00011B
?_strchr                        cstackBANK0  00007F
?_strcmp                        cstackBANK0  00007F
?_strcspn                       cstackBANK0  000083
?_strlen                        cstackBANK0  00007F
?_strncmp                       cstackBANK0  00007F
?_strspn                        cstackBANK0  000083
?_strtok                        cstackBANK0  00008A
?_tolower                       cstackBANK0  000085
?_toupper                       cstackBANK0  000085
?_utoa                          cstackBANK0  00009A
?_vfpfcnvrt                     cstackBANK0  0000C1
?_vfprintf                      cstackBANK1  000115
?_xtoa                          cstackBANK0  00009A
I2C1Setup@high_speed            cstackBANK0  00009A
I2C1WrRd@devAddr                cstackBANK0  000080
I2C1WrRd@rdCnt                  cstackBANK0  00007F
I2C1WrRd@read_count             cstackBANK0  000083
I2C1WrRd@wrCnt                  cstackBANK0  000081
I2C1WrRd@write_count            cstackBANK0  000082
I2C1Write@byteCnt               cstackBANK0  000080
I2C1Write@devAddr               cstackBANK0  00007F
I2C1Write@write_count           cstackBANK0  000081
IOExpReadIVal@intAddr           cstackBANK0  000087
IOExpReadIVal@ioexp_inst        cstackBANK0  000084
IOExpReadIVal@outVals           cstackBANK0  000089
IOExpReadIVal@portSel           cstackBANK0  000086
IOExpReadIVal@rdCnt             cstackBANK0  000088
IOExpSetup@ioexp_inst           cstackBANK0  00009B
IOExpSetup@set_addr             cstackBANK0  00009D
IOExpSetup@set_dir              cstackBANK0  00009E
IOExpSetup@set_inv              cstackBANK0  0000A0
IOExpSetup@set_oval             cstackBANK0  0000A2
IOExpUpdateAll@ioexp_inst       cstackBANK0  00008B
IOExpUpdateOutPart@ioexp_inst   cstackBANK0  000089
IOExpUpdateOutPart@port_num     cstackBANK0  00008C
IOExpUpdateOutPart@set_oval     cstackBANK0  00008B
IOExpWriteDir@datVals           cstackBANK0  000086
IOExpWriteDir@intAddr           cstackBANK0  000085
IOExpWriteDir@ioexp_inst        cstackBANK0  000082
IOExpWriteDir@portSel           cstackBANK0  000084
IOExpWriteDir@wrtCnt            cstackBANK0  000088
IOExpWriteInv@datVals           cstackBANK0  000086
IOExpWriteInv@intAddr           cstackBANK0  000085
IOExpWriteInv@ioexp_inst        cstackBANK0  000082
IOExpWriteInv@portSel           cstackBANK0  000084
IOExpWriteInv@wrtCnt            cstackBANK0  000088
IOExpWriteVal@datVals           cstackBANK0  000086
IOExpWriteVal@intAddr           cstackBANK0  000085
IOExpWriteVal@ioexp_inst        cstackBANK0  000082
IOExpWriteVal@portSel           cstackBANK0  000084
IOExpWriteVal@wrtCnt            cstackBANK0  000088
IVTBASEH                        (abs)        003FD6
IVTBASEL                        (abs)        003FD5
IVTBASEU                        (abs)        003FD7
RX_ISR@i                        cstackBANK0  00007D
RX_ISR@i_652                    cstackBANK0  00007E
RX_ISR@rx_frm_error             cstackBANK0  00007A
RX_ISR@rx_or_error              cstackBANK0  00007B
RX_ISR@rx_val                   cstackBANK0  00007C
Tmr1Setup@prescalarVal          cstackBANK0  000093
Tmr1Setup@regVal                cstackBANK0  000094
Tmr1Setup@tmr_freq              cstackBANK0  00008C
Tmr1Setup@use_int               cstackBANK0  00008E
Tmr3Setup@prescalarVal          cstackBANK0  000093
Tmr3Setup@regVal                cstackBANK0  000094
Tmr3Setup@tmr_freq              cstackBANK0  00008C
Tmr3Setup@use_int               cstackBANK0  00008E
Tmr4Setup@prescalarVal          cstackBANK0  000095
Tmr4Setup@regVal                cstackBANK0  000096
Tmr4Setup@tmr_freq              cstackBANK0  00008C
Tmr4Setup@use_int               cstackBANK0  000090
Tmr5Setup@prescalarVal          cstackBANK0  000093
Tmr5Setup@regVal                cstackBANK0  000094
Tmr5Setup@tmr_freq              cstackBANK0  00008C
Tmr5Setup@use_int               cstackBANK0  00008E
Tmr6Setup@prescalarVal          cstackBANK0  000095
Tmr6Setup@regVal                cstackBANK0  000096
Tmr6Setup@tmr_freq              cstackBANK0  00008C
Tmr6Setup@use_int               cstackBANK0  000090
UART1Setup@i                    cstackBANK0  000096
UART1Setup@i_1474               cstackBANK0  000098
UART1Setup@regVal               cstackBANK0  000099
UART1Setup@set_baud             cstackBANK0  00008C
UART1Setup@use_rx               cstackBANK0  000091
UART1Setup@use_tx               cstackBANK0  000090
_ANSELA                         (abs)        003A40
_ANSELB                         (abs)        003A50
_ANSELC                         (abs)        003A60
_ANSELD                         (abs)        003A70
_ANSELE                         (abs)        003A80
_DEFAULT_ISR                    text94       014D2C
_GIE                            (abs)        01FE97
_I2C1ADB1                       (abs)        003D6E
_I2C1CLK                        (abs)        003D7B
_I2C1CNT                        (abs)        003D6C
_I2C1CON0                       (abs)        003D73
_I2C1CON0bits                   (abs)        003D73
_I2C1CON1                       (abs)        003D74
_I2C1CON2                       (abs)        003D75
_I2C1Disable                    text88       014CF0
_I2C1Enable                     text90       014CFA
_I2C1RXB                        (abs)        003D6A
_I2C1SCLPPS                     (abs)        003AE1
_I2C1SDAPPS                     (abs)        003AE2
_I2C1STAT0bits                  (abs)        003D77
_I2C1STAT1bits                  (abs)        003D78
_I2C1Setup                      text84       0139E8
_I2C1TXB                        (abs)        003D6B
_I2C1WrRd                       text83       012FFA
_I2C1Write                      text81       014390
_I2C1_buff_idx                  bssBANK2     00026C
_I2C1_buff_in                   bssBANK3     000340
_I2C1_buff_out                  bssBANK3     000300
_I2C1_use_highspeed             bssCOMRAM    000024
_INTCON0bits                    (abs)        003FD2
_IOExpReadIVal                  text82       01297C
_IOExpSetup                     text76       013428
_IOExpUpdateAll                 text77       013B3E
_IOExpUpdateOutPart             text24       014176
_IOExpWriteDir                  text80       013658
_IOExpWriteInv                  text79       0135A0
_IOExpWriteVal                  text78       0134E8
_LATBbits                       (abs)        003FBB
_LATC                           (abs)        003FBC
_LATCbits                       (abs)        003FBC
_LATD                           (abs)        003FBD
_ODCONBbits                     (abs)        003A52
_OSCCON1                        (abs)        0039D9
_OSCFRQ                         (abs)        0039DF
_OSCSTATbits                    (abs)        0039DC
_RB4PPS                         (abs)        003A0C
_RB5PPS                         (abs)        003A0D
_RC6PPS                         (abs)        003A16
_RX_ISR                         text93       012184
_SetupClk                       text91       014C9E
_SysInit                        text63       012608
_T1CLK                          (abs)        003FB5
_T1CON                          (abs)        003FB2
_T1GCON                         (abs)        003FB3
_T3CLK                          (abs)        003FA9
_T3CON                          (abs)        003FA6
_T3GCON                         (abs)        003FA7
_T4CLKCON                       (abs)        003FA2
_T4CON                          (abs)        003FA0
_T4CONbits                      (abs)        003FA0
_T4HLT                          (abs)        003FA1
_T4PR                           (abs)        003F9F
_T5CLK                          (abs)        003F9D
_T5CON                          (abs)        003F9A
_T5GCON                         (abs)        003F9B
_T6CLKCON                       (abs)        003F96
_T6CON                          (abs)        003F94
_T6CONbits                      (abs)        003F94
_T6HLT                          (abs)        003F95
_T6PR                           (abs)        003F93
_TMR1H                          (abs)        003FB1
_TMR1IE                         (abs)        01CCA0
_TMR1IF                         (abs)        01CD20
_TMR1L                          (abs)        003FB0
_TMR1ON                         (abs)        01FD90
_TMR1Val                        bssCOMRAM    000013
_TMR3H                          (abs)        003FA5
_TMR3IE                         (abs)        01CCB6
_TMR3IF                         (abs)        01CD36
_TMR3L                          (abs)        003FA4
_TMR3ON                         (abs)        01FD30
_TMR3Val                        bssCOMRAM    000011
_TMR4IE                         (abs)        01CCB8
_TMR4IF                         (abs)        01CD38
_TMR4IP                         (abs)        01CC38
_TMR4_ISR                       text95       013BDC
_TMR5H                          (abs)        003F99
_TMR5IE                         (abs)        01CCC6
_TMR5IF                         (abs)        01CD46
_TMR5L                          (abs)        003F98
_TMR5ON                         (abs)        01FCD0
_TMR5Val                        bssCOMRAM    00000F
_TMR6IE                         (abs)        01CCC8
_TMR6IF                         (abs)        01CD48
_TRISBbits                      (abs)        003FC3
_TRISCbits                      (abs)        003FC4
_TRISD                          (abs)        003FC5
_TX_ISR                         text92       014644
_Tmr1Disable                    text21       014D10
_Tmr1Enable                     text22       014D14
_Tmr1Setup                      text20       012E32
_Tmr3Disable                    text14       014D08
_Tmr3Enable                     text15       014D0C
_Tmr3Setup                      text13       012D46
_Tmr4Disable                    text74       014D18
_Tmr4Enable                     text75       014D1C
_Tmr4Setup                      text73       012F1E
_Tmr5Disable                    text7        014D00
_Tmr5Enable                     text8        014D04
_Tmr5Setup                      text6        012C5A
_Tmr6Disable                    text89       014D24
_Tmr6Enable                     text87       014D20
_Tmr6Setup                      text85       0130D6
_U1BRGH                         (abs)        003DF6
_U1BRGL                         (abs)        003DF5
_U1CON0bits                     (abs)        003DF2
_U1CON1bits                     (abs)        003DF3
_U1CON2                         (abs)        003DF4
_U1ERRIRbits                    (abs)        003DF9
_U1RXB                          (abs)        003DE8
_U1RXIE                         (abs)        01CC9B
_U1RXIF                         (abs)        01CD1B
_U1RXPPS                        (abs)        003AE5
_U1TXB                          (abs)        003DEA
_U1TXEN                         (abs)        01EF95
_U1TXIE                         (abs)        01CC9C
_U1TXIF                         (abs)        01CD1C
_UART1Setup                     text72       01181E
__HRAM                          (abs)        000000
__Habs1                         abs1         000000
__Hbank0                        bank0        000000
__Hbank1                        bank1        000000
__Hbank10                       bank10       000000
__Hbank11                       bank11       000000
__Hbank12                       bank12       000000
__Hbank13                       bank13       000000
__Hbank14                       bank14       000000
__Hbank15                       bank15       000000
__Hbank16                       bank16       000000
__Hbank17                       bank17       000000
__Hbank18                       bank18       000000
__Hbank19                       bank19       000000
__Hbank2                        bank2        000000
__Hbank20                       bank20       000000
__Hbank21                       bank21       000000
__Hbank22                       bank22       000000
__Hbank23                       bank23       000000
__Hbank24                       bank24       000000
__Hbank25                       bank25       000000
__Hbank26                       bank26       000000
__Hbank27                       bank27       000000
__Hbank28                       bank28       000000
__Hbank29                       bank29       000000
__Hbank3                        bank3        000000
__Hbank30                       bank30       000000
__Hbank31                       bank31       000000
__Hbank4                        bank4        000000
__Hbank5                        bank5        000000
__Hbank6                        bank6        000000
__Hbank7                        bank7        000000
__Hbank8                        bank8        000000
__Hbank9                        bank9        000000
__Hbigbss                       bigbss       000000
__Hbigdata                      bigdata      000000
__Hbigram                       bigram       000000
__Hbss                          bss          000000
__HbssBANK0                     bssBANK0     000000
__HbssBANK2                     bssBANK2     000000
__HbssBANK3                     bssBANK3     000000
__HbssBANK4                     bssBANK4     000000
__HbssCOMRAM                    bssCOMRAM    000000
__Hcinit                        cinit        000000
__Hclrtext                      clrtext      000000
__Hcomram                       comram       000000
__Hconfig                       config       30000A
__Hconst                        const        000000
__HcstackBANK0                  cstackBANK0  000000
__HcstackBANK1                  cstackBANK1  000000
__HcstackBANK2                  cstackBANK2  000000
__HcstackBANK5                  cstackBANK5  000000
__HcstackCOMRAM                 cstackCOMRAM 000000
__Hdata                         data         000000
__HdataBANK2                    dataBANK2    000000
__Heeprom_data                  eeprom_data  000000
__Hfarbss                       farbss       000000
__Hfardata                      fardata      000000
__Hibigdata                     ibigdata     000000
__Hidata                        idata        000000
__HidataBANK2                   idataBANK2   000000
__Hidloc                        idloc        200010
__Hifardata                     ifardata     000000
__Hinit                         init         0000B2
__Hintsave_regs                 intsave_regs 000000
__Hirdata                       irdata       000000
__Hivt0x8                       ivt0x8       0000AE
__Hmediumconst                  mediumconst  010000
__HnvFARRAM                     nvFARRAM     000000
__Hnvbit                        nvbit        000000
__Hnvrram                       nvrram       000000
__Hparam                        rparam       000000
__Hpowerup                      powerup      000000
__Hram                          ram          000000
__Hramtop                       ramtop       002000
__Hrbit                         rbit         000000
__Hrbss                         rbss         000000
__Hrdata                        rdata        000000
__Hreset_vec                    reset_vec    000004
__Hrparam                       rparam       000000
__Hsfr                          sfr          000000
__Hsmallconst                   smallconst   000000
__Hspace_0                      (abs)        014D2E
__Hspace_1                      (abs)        000600
__Hspace_2                      (abs)        000000
__Hspace_4                      (abs)        60000A
__Hstack                        stack        000000
__Hstruct                       struct       000000
__Htemp                         temp         000000
__Htext                         text         000000
__Htext0                        text0        000000
__Htext1                        text1        000000
__Htext10                       text10       000000
__Htext100                      text100      000000
__Htext101                      text101      000000
__Htext102                      text102      000000
__Htext103                      text103      000000
__Htext104                      text104      000000
__Htext11                       text11       000000
__Htext12                       text12       000000
__Htext13                       text13       000000
__Htext14                       text14       000000
__Htext15                       text15       000000
__Htext16                       text16       000000
__Htext17                       text17       000000
__Htext18                       text18       000000
__Htext19                       text19       000000
__Htext2                        text2        000000
__Htext20                       text20       000000
__Htext21                       text21       000000
__Htext22                       text22       000000
__Htext23                       text23       000000
__Htext24                       text24       000000
__Htext25                       text25       000000
__Htext26                       text26       000000
__Htext27                       text27       000000
__Htext28                       text28       000000
__Htext29                       text29       000000
__Htext3                        text3        000000
__Htext30                       text30       000000
__Htext31                       text31       000000
__Htext32                       text32       000000
__Htext33                       text33       000000
__Htext34                       text34       000000
__Htext35                       text35       000000
__Htext36                       text36       000000
__Htext37                       text37       000000
__Htext38                       text38       000000
__Htext39                       text39       000000
__Htext4                        text4        000000
__Htext40                       text40       000000
__Htext41                       text41       000000
__Htext42                       text42       000000
__Htext43                       text43       000000
__Htext44                       text44       000000
__Htext45                       text45       000000
__Htext46                       text46       000000
__Htext47                       text47       000000
__Htext48                       text48       000000
__Htext49                       text49       000000
__Htext5                        text5        000000
__Htext50                       text50       000000
__Htext51                       text51       000000
__Htext52                       text52       000000
__Htext53                       text53       000000
__Htext54                       text54       000000
__Htext55                       text55       000000
__Htext56                       text56       000000
__Htext57                       text57       000000
__Htext58                       text58       000000
__Htext59                       text59       000000
__Htext6                        text6        000000
__Htext60                       text60       000000
__Htext61                       text61       000000
__Htext62                       text62       000000
__Htext63                       text63       000000
__Htext64                       text64       000000
__Htext65                       text65       000000
__Htext66                       text66       000000
__Htext67                       text67       000000
__Htext68                       text68       000000
__Htext69                       text69       000000
__Htext7                        text7        000000
__Htext70                       text70       000000
__Htext71                       text71       000000
__Htext72                       text72       000000
__Htext73                       text73       000000
__Htext74                       text74       000000
__Htext75                       text75       000000
__Htext76                       text76       000000
__Htext77                       text77       000000
__Htext78                       text78       000000
__Htext79                       text79       000000
__Htext8                        text8        000000
__Htext80                       text80       000000
__Htext81                       text81       000000
__Htext82                       text82       000000
__Htext83                       text83       000000
__Htext84                       text84       000000
__Htext85                       text85       000000
__Htext86                       text86       000000
__Htext87                       text87       000000
__Htext88                       text88       000000
__Htext89                       text89       000000
__Htext9                        text9        000000
__Htext90                       text90       000000
__Htext91                       text91       000000
__Htext92                       text92       000000
__Htext93                       text93       000000
__Htext94                       text94       000000
__Htext95                       text95       000000
__Htext96                       text96       000000
__Htext97                       text97       000000
__Htext98                       text98       000000
__Htext99                       text99       000000
__LRAM                          (abs)        000001
__Labs1                         abs1         000000
__Lbank0                        bank0        000000
__Lbank1                        bank1        000000
__Lbank10                       bank10       000000
__Lbank11                       bank11       000000
__Lbank12                       bank12       000000
__Lbank13                       bank13       000000
__Lbank14                       bank14       000000
__Lbank15                       bank15       000000
__Lbank16                       bank16       000000
__Lbank17                       bank17       000000
__Lbank18                       bank18       000000
__Lbank19                       bank19       000000
__Lbank2                        bank2        000000
__Lbank20                       bank20       000000
__Lbank21                       bank21       000000
__Lbank22                       bank22       000000
__Lbank23                       bank23       000000
__Lbank24                       bank24       000000
__Lbank25                       bank25       000000
__Lbank26                       bank26       000000
__Lbank27                       bank27       000000
__Lbank28                       bank28       000000
__Lbank29                       bank29       000000
__Lbank3                        bank3        000000
__Lbank30                       bank30       000000
__Lbank31                       bank31       000000
__Lbank4                        bank4        000000
__Lbank5                        bank5        000000
__Lbank6                        bank6        000000
__Lbank7                        bank7        000000
__Lbank8                        bank8        000000
__Lbank9                        bank9        000000
__Lbigbss                       bigbss       000000
__Lbigdata                      bigdata      000000
__Lbigram                       bigram       000000
__Lbss                          bss          000000
__LbssBANK0                     bssBANK0     000000
__LbssBANK2                     bssBANK2     000000
__LbssBANK3                     bssBANK3     000000
__LbssBANK4                     bssBANK4     000000
__LbssCOMRAM                    bssCOMRAM    000000
__Lcinit                        cinit        000000
__Lclrtext                      clrtext      000000
__Lcomram                       comram       000000
__Lconfig                       config       000000
__Lconst                        const        000000
__LcstackBANK0                  cstackBANK0  000000
__LcstackBANK1                  cstackBANK1  000000
__LcstackBANK2                  cstackBANK2  000000
__LcstackBANK5                  cstackBANK5  000000
__LcstackCOMRAM                 cstackCOMRAM 000000
__Ldata                         data         000000
__LdataBANK2                    dataBANK2    000000
__Leeprom_data                  eeprom_data  000000
__Lfarbss                       farbss       000000
__Lfardata                      fardata      000000
__Libigdata                     ibigdata     000000
__Lidata                        idata        000000
__LidataBANK2                   idataBANK2   000000
__Lidloc                        idloc        000000
__Lifardata                     ifardata     000000
__Linit                         init         0000AE
__Lintsave_regs                 intsave_regs 000000
__Lirdata                       irdata       000000
__Livt0x8                       ivt0x8       000008
__Lmediumconst                  mediumconst  00FE8A
__LnvFARRAM                     nvFARRAM     000000
__Lnvbit                        nvbit        000000
__Lnvrram                       nvrram       000000
__Lparam                        rparam       000000
__Lpowerup                      powerup      000000
__Lram                          ram          000000
__Lramtop                       ramtop       002000
__Lrbit                         rbit         000000
__Lrbss                         rbss         000000
__Lrdata                        rdata        000000
__Lreset_vec                    reset_vec    000000
__Lrparam                       rparam       000000
__Lsfr                          sfr          000000
__Lsmallconst                   smallconst   000000
__Lspace_0                      (abs)        000000
__Lspace_1                      (abs)        000000
__Lspace_2                      (abs)        000000
__Lspace_4                      (abs)        000000
__Lstack                        stack        000000
__Lstruct                       struct       000000
__Ltemp                         temp         000000
__Ltext                         text         000000
__Ltext0                        text0        000000
__Ltext1                        text1        000000
__Ltext10                       text10       000000
__Ltext100                      text100      000000
__Ltext101                      text101      000000
__Ltext102                      text102      000000
__Ltext103                      text103      000000
__Ltext104                      text104      000000
__Ltext11                       text11       000000
__Ltext12                       text12       000000
__Ltext13                       text13       000000
__Ltext14                       text14       000000
__Ltext15                       text15       000000
__Ltext16                       text16       000000
__Ltext17                       text17       000000
__Ltext18                       text18       000000
__Ltext19                       text19       000000
__Ltext2                        text2        000000
__Ltext20                       text20       000000
__Ltext21                       text21       000000
__Ltext22                       text22       000000
__Ltext23                       text23       000000
__Ltext24                       text24       000000
__Ltext25                       text25       000000
__Ltext26                       text26       000000
__Ltext27                       text27       000000
__Ltext28                       text28       000000
__Ltext29                       text29       000000
__Ltext3                        text3        000000
__Ltext30                       text30       000000
__Ltext31                       text31       000000
__Ltext32                       text32       000000
__Ltext33                       text33       000000
__Ltext34                       text34       000000
__Ltext35                       text35       000000
__Ltext36                       text36       000000
__Ltext37                       text37       000000
__Ltext38                       text38       000000
__Ltext39                       text39       000000
__Ltext4                        text4        000000
__Ltext40                       text40       000000
__Ltext41                       text41       000000
__Ltext42                       text42       000000
__Ltext43                       text43       000000
__Ltext44                       text44       000000
__Ltext45                       text45       000000
__Ltext46                       text46       000000
__Ltext47                       text47       000000
__Ltext48                       text48       000000
__Ltext49                       text49       000000
__Ltext5                        text5        000000
__Ltext50                       text50       000000
__Ltext51                       text51       000000
__Ltext52                       text52       000000
__Ltext53                       text53       000000
__Ltext54                       text54       000000
__Ltext55                       text55       000000
__Ltext56                       text56       000000
__Ltext57                       text57       000000
__Ltext58                       text58       000000
__Ltext59                       text59       000000
__Ltext6                        text6        000000
__Ltext60                       text60       000000
__Ltext61                       text61       000000
__Ltext62                       text62       000000
__Ltext63                       text63       000000
__Ltext64                       text64       000000
__Ltext65                       text65       000000
__Ltext66                       text66       000000
__Ltext67                       text67       000000
__Ltext68                       text68       000000
__Ltext69                       text69       000000
__Ltext7                        text7        000000
__Ltext70                       text70       000000
__Ltext71                       text71       000000
__Ltext72                       text72       000000
__Ltext73                       text73       000000
__Ltext74                       text74       000000
__Ltext75                       text75       000000
__Ltext76                       text76       000000
__Ltext77                       text77       000000
__Ltext78                       text78       000000
__Ltext79                       text79       000000
__Ltext8                        text8        000000
__Ltext80                       text80       000000
__Ltext81                       text81       000000
__Ltext82                       text82       000000
__Ltext83                       text83       000000
__Ltext84                       text84       000000
__Ltext85                       text85       000000
__Ltext86                       text86       000000
__Ltext87                       text87       000000
__Ltext88                       text88       000000
__Ltext89                       text89       000000
__Ltext9                        text9        000000
__Ltext90                       text90       000000
__Ltext91                       text91       000000
__Ltext92                       text92       000000
__Ltext93                       text93       000000
__Ltext94                       text94       000000
__Ltext95                       text95       000000
__Ltext96                       text96       000000
__Ltext97                       text97       000000
__Ltext98                       text98       000000
__Ltext99                       text99       000000
__S0                            (abs)        014D2E
__S1                            (abs)        000600
__S2                            (abs)        000000
__S4                            (abs)        000000
__S5                            (abs)        000000
___aodiv                        text56       012318
___aodiv@counter                cstackBANK0  00008F
___aodiv@dividend               cstackBANK0  00007F
___aodiv@divisor                cstackBANK0  000087
___aodiv@quotient               cstackBANK0  000091
___aodiv@sign                   cstackBANK0  000090
___aomod                        text55       0124A2
___aomod@counter                cstackBANK0  00008F
___aomod@dividend               cstackBANK0  00007F
___aomod@divisor                cstackBANK0  000087
___aomod@sign                   cstackBANK0  000090
___inthi_sp                     stack        000000
___intlo_sp                     stack        000000
___lldiv                        text86       013A98
___lldiv@counter                cstackBANK0  00008B
___lldiv@dividend               cstackBANK0  00007F
___lldiv@divisor                cstackBANK0  000083
___lldiv@quotient               cstackBANK0  000087
___llmod                        text97       013E9E
___llmod@counter                cstackCOMRAM 000032
___llmod@dividend               cstackCOMRAM 00002A
___llmod@divisor                cstackCOMRAM 00002E
___lmul                         text62       01424E
___lmul@multiplicand            cstackBANK0  000083
___lmul@multiplier              cstackBANK0  00007F
___lmul@product                 cstackBANK0  000087
___lodiv                        text46       012A78
___lodiv@counter                cstackBANK0  000097
___lodiv@dividend               cstackBANK0  00007F
___lodiv@divisor                cstackBANK0  000087
___lodiv@quotient               cstackBANK0  00008F
___lomod                        text45       01328C
___lomod@counter                cstackBANK0  00008F
___lomod@dividend               cstackBANK0  00007F
___lomod@divisor                cstackBANK0  000087
___lwdiv                        text70       01401C
___lwdiv@counter                cstackBANK0  000083
___lwdiv@dividend               cstackBANK0  00007F
___lwdiv@divisor                cstackBANK0  000081
___lwdiv@quotient               cstackBANK0  000084
___lwmod                        text69       0143FA
___lwmod@counter                cstackBANK0  000083
___lwmod@dividend               cstackBANK0  00007F
___lwmod@divisor                cstackBANK0  000081
___param_bank                   (abs)        000000
___rparam_used                  (abs)        000001
___sp                           stack        000000
___wmul                         text58       014BCC
___wmul@multiplicand            cstackBANK0  000081
___wmul@multiplier              cstackBANK0  00007F
___wmul@product                 cstackBANK0  000083
__accesstop                     (abs)        000060
__activetblptr                  (abs)        000003
__end_of_DEFAULT_ISR            text94       014D2E
__end_of_I2C1Disable            text88       014CFA
__end_of_I2C1Enable             text90       014D00
__end_of_I2C1Setup              text84       013A98
__end_of_I2C1WrRd               text83       0130D6
__end_of_I2C1Write              text81       0143FA
__end_of_IOExpReadIVal          text82       012A78
__end_of_IOExpSetup             text76       0134E8
__end_of_IOExpUpdateAll         text77       013BDC
__end_of_IOExpUpdateOutPart     text24       0141E2
__end_of_IOExpWriteDir          text80       013710
__end_of_IOExpWriteInv          text79       013658
__end_of_IOExpWriteVal          text78       0135A0
__end_of_RX_ISR                 text93       012318
__end_of_SetupClk               text91       014CC6
__end_of_SysInit                text63       012746
__end_of_TMR4_ISR               text95       013C72
__end_of_TX_ISR                 text92       01469E
__end_of_Tmr1Disable            text21       014D14
__end_of_Tmr1Enable             text22       014D18
__end_of_Tmr1Setup              text20       012F1E
__end_of_Tmr3Disable            text14       014D0C
__end_of_Tmr3Enable             text15       014D10
__end_of_Tmr3Setup              text13       012E32
__end_of_Tmr4Disable            text74       014D1C
__end_of_Tmr4Enable             text75       014D20
__end_of_Tmr4Setup              text73       012FFA
__end_of_Tmr5Disable            text7        014D04
__end_of_Tmr5Enable             text8        014D08
__end_of_Tmr5Setup              text6        012D46
__end_of_Tmr6Disable            text89       014D28
__end_of_Tmr6Enable             text87       014D24
__end_of_Tmr6Setup              text85       0131B2
__end_of_UART1Setup             text72       011A28
__end_of___aodiv                text56       0124A2
__end_of___aomod                text55       012608
__end_of___lldiv                text86       013B3E
__end_of___llmod                text97       013F26
__end_of___lmul                 text62       0142BA
__end_of___lodiv                text46       012B6A
__end_of___lomod                text45       01335E
__end_of___lwdiv                text70       014092
__end_of___lwmod                text69       014460
__end_of___wmul                 text58       014BF8
__end_of__initialization        cinit        013FA0
__end_of_abs                    text54       014930
__end_of_atoi                   text57       011FDA
__end_of_atol                   text59       011E1E
__end_of_dtoa                   text48       010FFE
__end_of_fputc                  text52       01328C
__end_of_fputs                  text51       0147E0
__end_of_interpretRX            text25       010D18
__end_of_isalpha                text43       01496E
__end_of_isdigit                text61       014A5A
__end_of_islower                text41       0149E6
__end_of_isspace                text60       0146F2
__end_of_isupper                text42       014A20
__end_of_main                   text0        012184
__end_of_make_all_digital       text71       014CDE
__end_of_outputUpdate           text23       014644
__end_of_pad                    text49       013428
__end_of_putch                  text53       014D2A
__end_of_setupDisp              text67       014B36
__end_of_setupStepper0          text66       014BCC
__end_of_setupStepper1          text65       014B9A
__end_of_setupStepper2          text64       014B68
__end_of_sprintf                text36       014798
__end_of_stepMotor0             text17       0148EE
__end_of_stepMotor1             text10       0148AC
__end_of_stepMotor2             text3        01486A
__end_of_stepMotorSM0           text18       013932
__end_of_stepMotorSM1           text11       01387C
__end_of_stepMotorSM2           text4        0137C6
__end_of_stepSMachine0          text16       014C76
__end_of_stepSMachine1          text9        014C4C
__end_of_stepSMachine2          text2        014C22
__end_of_stepper0ISR            text98       014A92
__end_of_stepper1ISR            text103      014ACA
__end_of_stepper2ISR            text104      014B02
__end_of_strcat                 text28       014C9E
__end_of_strchr                 text34       0144C4
__end_of_strcmp                 text35       013D00
__end_of_strcpy                 text29       01424E
__end_of_strcspn                text33       014176
__end_of_strlen                 text50       0149AC
__end_of_strncmp                text47       01297C
__end_of_strspn                 text32       014104
__end_of_strtok                 text31       012C5A
__end_of_tolower                text30       014526
__end_of_toupper                text40       0145E8
__end_of_uart1_tx_str           text27       012868
__end_of_uart1_tx_str_crlf      text26       01401C
__end_of_updateDisp             text96       014828
__end_of_updateDispVal          text68       01159E
__end_of_updateDispValHex       text1        01181E
__end_of_updateStepState0       text19       013E9E
__end_of_updateStepState1       text12       013E14
__end_of_updateStepState2       text5        013D8A
__end_of_utoa                   text44       011C2E
__end_of_vfpfcnvrt              text38       01092A
__end_of_vfprintf               text37       014390
__end_of_xtoa                   text39       0112DC
__end_ofi2_I2C1Write            text102      014588
__end_ofi2_IOExpUpdateOutPart   text100      014326
__end_ofi2_IOExpWriteVal        text101      0139E8
__end_ofi2_outputUpdate         text99       014746
__initialization                cinit        013F26
__mediumconst                   mediumconst  00FE8A
__pbssBANK0                     bssBANK0     0000DA
__pbssBANK2                     bssBANK2     00025A
__pbssBANK3                     bssBANK3     000300
__pbssBANK4                     bssBANK4     000400
__pbssCOMRAM                    bssCOMRAM    000001
__pcinit                        cinit        013F26
__pcstackBANK0                  cstackBANK0  000060
__pcstackBANK1                  cstackBANK1  000100
__pcstackBANK2                  cstackBANK2  000200
__pcstackBANK5                  cstackBANK5  000500
__pcstackCOMRAM                 cstackCOMRAM 00002A
__pdataBANK2                    dataBANK2    00029C
__pidataBANK2                   idataBANK2   014CDE
__pivt0x8                       ivt0x8       000008
__pmediumconst                  mediumconst  00FE8A
__ptext0                        text0        011FDA
__ptext1                        text1        01159E
__ptext10                       text10       01486A
__ptext100                      text100      0142BA
__ptext101                      text101      013932
__ptext102                      text102      014526
__ptext103                      text103      014A94
__ptext104                      text104      014ACC
__ptext11                       text11       0137C6
__ptext12                       text12       013D8A
__ptext13                       text13       012D46
__ptext14                       text14       014D08
__ptext15                       text15       014D0C
__ptext16                       text16       014C4C
__ptext17                       text17       0148AC
__ptext18                       text18       01387C
__ptext19                       text19       013E14
__ptext2                        text2        014BF8
__ptext20                       text20       012E32
__ptext21                       text21       014D10
__ptext22                       text22       014D14
__ptext23                       text23       0145E8
__ptext24                       text24       014176
__ptext25                       text25       01092A
__ptext26                       text26       013FA6
__ptext27                       text27       012746
__ptext28                       text28       014C76
__ptext29                       text29       0141E2
__ptext3                        text3        014828
__ptext30                       text30       0144C4
__ptext31                       text31       012B6A
__ptext32                       text32       014092
__ptext33                       text33       014104
__ptext34                       text34       014460
__ptext35                       text35       013C72
__ptext36                       text36       014746
__ptext37                       text37       014326
__ptext38                       text38       010000
__ptext39                       text39       010FFE
__ptext4                        text4        013710
__ptext40                       text40       014588
__ptext41                       text41       0149AC
__ptext42                       text42       0149E6
__ptext43                       text43       014930
__ptext44                       text44       011A28
__ptext45                       text45       01328C
__ptext46                       text46       012A78
__ptext47                       text47       012868
__ptext48                       text48       010D18
__ptext49                       text49       01335E
__ptext5                        text5        013D00
__ptext50                       text50       01496E
__ptext51                       text51       014798
__ptext52                       text52       0131B2
__ptext53                       text53       014D28
__ptext54                       text54       0148EE
__ptext55                       text55       0124A2
__ptext56                       text56       012318
__ptext57                       text57       011E1E
__ptext58                       text58       014BCC
__ptext59                       text59       011C2E
__ptext6                        text6        012C5A
__ptext60                       text60       01469E
__ptext61                       text61       014A20
__ptext62                       text62       01424E
__ptext63                       text63       012608
__ptext64                       text64       014B36
__ptext65                       text65       014B68
__ptext66                       text66       014B9A
__ptext67                       text67       014B02
__ptext68                       text68       0112DC
__ptext69                       text69       0143FA
__ptext7                        text7        014D00
__ptext70                       text70       01401C
__ptext71                       text71       014CC6
__ptext72                       text72       01181E
__ptext73                       text73       012F1E
__ptext74                       text74       014D18
__ptext75                       text75       014D1C
__ptext76                       text76       013428
__ptext77                       text77       013B3E
__ptext78                       text78       0134E8
__ptext79                       text79       0135A0
__ptext8                        text8        014D04
__ptext80                       text80       013658
__ptext81                       text81       014390
__ptext82                       text82       01297C
__ptext83                       text83       012FFA
__ptext84                       text84       0139E8
__ptext85                       text85       0130D6
__ptext86                       text86       013A98
__ptext87                       text87       014D20
__ptext88                       text88       014CF0
__ptext89                       text89       014D24
__ptext9                        text9        014C22
__ptext90                       text90       014CFA
__ptext91                       text91       014C9E
__ptext92                       text92       014644
__ptext93                       text93       012184
__ptext94                       text94       014D2C
__ptext95                       text95       013BDC
__ptext96                       text96       0147E0
__ptext97                       text97       013E9E
__ptext98                       text98       014A5C
__ptext99                       text99       0146F2
__ramtop                        ramtop       002000
__size_of_DEFAULT_ISR           (abs)        000000
__size_of_I2C1Disable           (abs)        000000
__size_of_I2C1Enable            (abs)        000000
__size_of_I2C1Setup             (abs)        000000
__size_of_I2C1WrRd              (abs)        000000
__size_of_I2C1Write             (abs)        000000
__size_of_IOExpReadIVal         (abs)        000000
__size_of_IOExpSetup            (abs)        000000
__size_of_IOExpUpdateAll        (abs)        000000
__size_of_IOExpUpdateOutPart    (abs)        000000
__size_of_IOExpWriteDir         (abs)        000000
__size_of_IOExpWriteInv         (abs)        000000
__size_of_IOExpWriteVal         (abs)        000000
__size_of_RX_ISR                (abs)        000000
__size_of_SetupClk              (abs)        000000
__size_of_SysInit               (abs)        000000
__size_of_TMR4_ISR              (abs)        000000
__size_of_TX_ISR                (abs)        000000
__size_of_Tmr1Disable           (abs)        000000
[...]
 Parameters:    Size  Location     Type
  ioexp_inst      2   17[BANK0 ] PTR volatile struct .
		 -> ioexp1(9), 
  portSel         1   19[BANK0 ] enum E16387
 Auto vars:     Size  Location     Type
  datVals         2   26[COMRAM] unsigned char [2]
  wrtCnt          1   28[COMRAM] unsigned char 
  intAddr         1   25[COMRAM] unsigned char 
 Return value:  Size  Location     Type
                  1    wreg      enum E16287
 Registers used:
		wreg, fsr2l, fsr2h, status,2, status,0, cstack
 Tracked objects:
		On entry : 
		On exit  : 
		Unchanged: 
 Data sizes:     COMRAM   BANK0   BANK1   BANK2   BANK3   BANK4   BANK5   BANK6   BANK7   BANK8   BANK9  BANK10  BANK11  BANK12  BANK13  BANK14  BANK15  BANK16  BANK17  BANK18  BANK19  BANK20  BANK21  BANK22  BANK23  BANK24  BANK25  BANK26  BANK27  BANK28  BANK29  BANK30  BANK31
      Params:         0       3       0       0       0       0       0       0       0       0       0       0       0       0       0       0       0       0       0       0       0       0       0       0       0       0       0       0       0       0       0       0       0
      Locals:         4       0       0       0       0       0       0       0       0       0       0       0       0       0       0       0       0       0       0       0       0       0       0       0       0       0       0       0       0       0       0       0       0
      Temps:          0       0       0       0       0       0       0       0       0       0       0       0       0       0       0       0       0       0       0       0       0       0       0       0       0       0       0       0       0       0       0       0       0
      Totals:         4       3       0       0       0       0       0       0       0       0       0       0       0       0       0       0       0       0       0       0       0       0       0       0       0       0       0       0       0       0       0       0       0
Total ram usage:        7 bytes
 Hardware stack levels used:    1
 Hardware stack levels required when called:    1
 This function calls:
		i2_I2C1Write
 This function is called by:
		i2_IOExpUpdateOutPart
 This function uses a non-reentrant model


 *************** function i2_I2C1Write *****************
 Defined at:
		line 53 in file "/home/dev-user/Projects/Personal/PIC/LibPeripherals.X/i2c.c"
 Parameters:    Size  Location     Type
  byteCnt         1    wreg     unsigned char 
  devAddr         1   16[BANK0 ] unsigned char 
 Auto vars:     Size  Location     Type
  byteCnt         1   23[COMRAM] unsigned char 
  write_count     1   24[COMRAM] unsigned char 
 Return value:  Size  Location     Type
                  1    wreg      unsigned char 
 Registers used:
		wreg, fsr2l, fsr2h, status,2, status,0
 Tracked objects:
		On entry : 
		On exit  : 
		Unchanged: 
 Data sizes:     COMRAM   BANK0   BANK1   BANK2   BANK3   BANK4   BANK5   BANK6   BANK7   BANK8   BANK9  BANK10  BANK11  BANK12  BANK13  BANK14  BANK15  BANK16  BANK17  BANK18  BANK19  BANK20  BANK21  BANK22  BANK23  BANK24  BANK25  BANK26  BANK27  BANK28  BANK29  BANK30  BANK31
      Params:         0       1       0       0       0       0       0       0       0       0       0       0       0       0       0       0       0       0       0       0       0       0       0       0       0       0       0       0       0       0       0       0       0
      Locals:         2       0       0       0       0       0       0       0       0       0       0       0       0       0       0       0       0       0       0       0       0       0       0       0       0       0       0       0       0       0       0       0       0
      Temps:          0       0       0       0       0       0       0       0       0       0       0       0       0       0       0       0       0       0       0       0       0       0       0       0       0       0       0       0       0       0       0       0       0
      Totals:         2       1       0       0       0       0       0       0       0       0       0       0       0       0       0       0       0       0       0       0       0       0       0       0       0       0       0       0       0       0       0       0       0
Total ram usage:        3 bytes
 Hardware stack levels used:    1
 This function calls:
		Nothing
 This function is called by:
		i2_IOExpWriteVal
 This function uses a non-reentrant model


 *************** function _stepper1ISR *****************
 Defined at:
		line 243 in file "/home/dev-user/Projects/Personal/PIC/LibOutputDevices.X/stepper.c"
 Parameters:    Size  Location     Type
		None
 Auto vars:     Size  Location     Type
		None
 Return value:  Size  Location     Type
                  1    wreg      void 
 Registers used:
		wreg, fsr2l, fsr2h, status,2, status,0, cstack
 Tracked objects:
		On entry : 
		On exit  : 
		Unchanged: 
 Data sizes:     COMRAM   BANK0   BANK1   BANK2   BANK3   BANK4   BANK5   BANK6   BANK7   BANK8   BANK9  BANK10  BANK11  BANK12  BANK13  BANK14  BANK15  BANK16  BANK17  BANK18  BANK19  BANK20  BANK21  BANK22  BANK23  BANK24  BANK25  BANK26  BANK27  BANK28  BANK29  BANK30  BANK31
      Params:         0       0       0       0       0       0       0       0       0       0       0       0       0       0       0       0       0       0       0       0       0       0       0       0       0       0       0       0       0       0       0       0       0
      Locals:         0       0       0       0       0       0       0       0       0       0       0       0       0       0       0       0       0       0       0       0       0       0       0       0       0       0       0       0       0       0       0       0       0
      Temps:          0       0       0       0       0       0       0       0       0       0       0       0       0       0       0       0       0       0       0       0       0       0       0       0       0       0       0       0       0       0       0       0       0
      Totals:         0       0       0       0       0       0       0       0       0       0       0       0       0       0       0       0       0       0       0       0       0       0       0       0       0       0       0       0       0       0       0       0       0
Total ram usage:        0 bytes
 Hardware stack levels used:    1
 Hardware stack levels required when called:    4
 This function calls:
		i2_outputUpdate
 This function is called by:
		Interrupt level 2
 This function uses a non-reentrant model


 *************** function _stepper2ISR *****************
 Defined at:
		line 454 in file "/home/dev-user/Projects/Personal/PIC/LibOutputDevices.X/stepper.c"
 Parameters:    Size  Location     Type
		None
 Auto vars:     Size  Location     Type
		None
 Return value:  Size  Location     Type
                  1    wreg      void 
 Registers used:
		wreg, fsr2l, fsr2h, status,2, status,0, cstack
 Tracked objects:
		On entry : 
		On exit  : 
		Unchanged: 
 Data sizes:     COMRAM   BANK0   BANK1   BANK2   BANK3   BANK4   BANK5   BANK6   BANK7   BANK8   BANK9  BANK10  BANK11  BANK12  BANK13  BANK14  BANK15  BANK16  BANK17  BANK18  BANK19  BANK20  BANK21  BANK22  BANK23  BANK24  BANK25  BANK26  BANK27  BANK28  BANK29  BANK30  BANK31
      Params:         0       0       0       0       0       0       0       0       0       0       0       0       0       0       0       0       0       0       0       0       0       0       0       0       0       0       0       0       0       0       0       0       0
      Locals:         0       0       0       0       0       0       0       0       0       0       0       0       0       0       0       0       0       0       0       0       0       0       0       0       0       0       0       0       0       0       0       0       0
      Temps:          0       0       0       0       0       0       0       0       0       0       0       0       0       0       0       0       0       0       0       0       0       0       0       0       0       0       0       0       0       0       0       0       0
      Totals:         0       0       0       0       0       0       0       0       0       0       0       0       0       0       0       0       0       0       0       0       0       0       0       0       0       0       0       0       0       0       0       0       0
Total ram usage:        0 bytes
 Hardware stack levels used:    1
 Hardware stack levels required when called:    4
 This function calls:
		i2_outputUpdate
 This function is called by:
		Interrupt level 2
 This function uses a non-reentrant model



MODULE INFORMATION

Module		Function		Class		Link	Load	Size
/opt/microchip/xc8/v2.30/pic/sources/c99/common/tolower.c
		_tolower       		CODE           	144C4	0000	98

/opt/microchip/xc8/v2.30/pic/sources/c99/common/tolower.c estimated size: 98

/opt/microchip/xc8/v2.30/pic/sources/c99/common/strncmp.c
		_strncmp       		CODE           	12868	0000	276

/opt/microchip/xc8/v2.30/pic/sources/c99/common/strncmp.c estimated size: 276

/opt/microchip/xc8/v2.30/pic/sources/c99/common/nf_fputc.c
		_fputc         		CODE           	131B2	0000	218

/opt/microchip/xc8/v2.30/pic/sources/c99/common/nf_fputc.c estimated size: 218

/opt/microchip/xc8/v2.30/pic/sources/c99/common/Umul32.c
		___lmul        		CODE           	1424E	0000	108

/opt/microchip/xc8/v2.30/pic/sources/c99/common/Umul32.c estimated size: 108

/home/dev-user/Projects/Personal/PIC/LibPeripherals.X/uart.c
		_uart1_tx_str  		CODE           	12746	0000	290
		_uart1_tx_str_crlf		CODE           	13FA6	0000	118
		_UART1Setup    		CODE           	1181E	0000	522

/home/dev-user/Projects/Personal/PIC/LibPeripherals.X/uart.c estimated size: 930

/opt/microchip/xc8/v2.30/pic/sources/c99/common/strcat.c
		_strcat        		CODE           	14C76	0000	40

/opt/microchip/xc8/v2.30/pic/sources/c99/common/strcat.c estimated size: 40

/opt/microchip/xc8/v2.30/pic/sources/c99/common/atoi.c
		_atoi          		CODE           	11E1E	0000	444

/opt/microchip/xc8/v2.30/pic/sources/c99/common/atoi.c estimated size: 444

/opt/microchip/xc8/v2.30/pic/sources/c99/common/isalpha.c
		_isalpha       		CODE           	14930	0000	62

/opt/microchip/xc8/v2.30/pic/sources/c99/common/isalpha.c estimated size: 62

/opt/microchip/xc8/v2.30/pic/sources/c99/common/lomod.c
		___lomod       		CODE           	1328C	0000	210

/opt/microchip/xc8/v2.30/pic/sources/c99/common/lomod.c estimated size: 210

/opt/microchip/xc8/v2.30/pic/sources/c99/common/aomod.c
		___aomod       		CODE           	124A2	0000	358

/opt/microchip/xc8/v2.30/pic/sources/c99/common/aomod.c estimated size: 358

/opt/microchip/xc8/v2.30/pic/sources/c99/common/strlen.c
		_strlen        		CODE           	1496E	0000	62

/opt/microchip/xc8/v2.30/pic/sources/c99/common/strlen.c estimated size: 62

/home/dev-user/Projects/Personal/PIC/LibPeripherals.X/i2c.c
		_I2C1Write     		CODE           	14390	0000	106
		_I2C1Enable    		CODE           	14CFA	0000	6
		_I2C1WrRd      		CODE           	12FFA	0000	220
		_I2C1Setup     		CODE           	139E8	0000	176
		_I2C1Disable   		CODE           	14CF0	0000	10

/home/dev-user/Projects/Personal/PIC/LibPeripherals.X/i2c.c estimated size: 518

/opt/microchip/xc8/v2.30/pic/sources/c99/common/strcmp.c
		_strcmp        		CODE           	13C72	0000	142

/opt/microchip/xc8/v2.30/pic/sources/c99/common/strcmp.c estimated size: 142

/opt/microchip/xc8/v2.30/pic/sources/c99/common/strchr.c
		_strchr        		CODE           	14460	0000	100

/opt/microchip/xc8/v2.30/pic/sources/c99/common/strchr.c estimated size: 100

/opt/microchip/xc8/v2.30/pic/sources/c99/common/strcpy.c
		_strcpy        		CODE           	141E2	0000	108

/opt/microchip/xc8/v2.30/pic/sources/c99/common/strcpy.c estimated size: 108

/opt/microchip/xc8/v2.30/pic/sources/c99/common/lwmod.c
		___lwmod       		CODE           	143FA	0000	102

/opt/microchip/xc8/v2.30/pic/sources/c99/common/lwmod.c estimated size: 102

/opt/microchip/xc8/v2.30/pic/sources/c99/common/__lldiv.c
		___lldiv       		CODE           	13A98	0000	166

/opt/microchip/xc8/v2.30/pic/sources/c99/common/__lldiv.c estimated size: 166

/home/dev-user/Projects/Personal/PIC/StepperSystem_v2.X/interrupts.c
		_TMR4_ISR      		CODE           	13BDC	0000	150
		_DEFAULT_ISR   		CODE           	14D2C	0000	2
		_RX_ISR        		CODE           	12184	0000	404
		_TX_ISR        		CODE           	14644	0000	90

/home/dev-user/Projects/Personal/PIC/StepperSystem_v2.X/interrupts.c estimated size: 646

/opt/microchip/xc8/v2.30/pic/sources/c99/common/putch.c
		_putch         		CODE           	14D28	0000	2

/opt/microchip/xc8/v2.30/pic/sources/c99/common/putch.c estimated size: 2

/opt/microchip/xc8/v2.30/pic/sources/c99/common/strcspn.c
		_strcspn       		CODE           	14104	0000	114

/opt/microchip/xc8/v2.30/pic/sources/c99/common/strcspn.c estimated size: 114

/opt/microchip/xc8/v2.30/pic/sources/c99/common/llmod.c
		___llmod       		CODE           	13E9E	0000	136

/opt/microchip/xc8/v2.30/pic/sources/c99/common/llmod.c estimated size: 136

/opt/microchip/xc8/v2.30/pic/sources/c99/common/isdigit.c
		_isdigit       		CODE           	14A20	0000	58

/opt/microchip/xc8/v2.30/pic/sources/c99/common/isdigit.c estimated size: 58

/opt/microchip/xc8/v2.30/pic/sources/c99/common/doprnt.c
		_vfpfcnvrt     		CODE           	10000	0000	2346
		_pad           		CODE           	1335E	0000	202
		_dtoa          		CODE           	10D18	0000	742
		_vfprintf      		CODE           	14326	0000	106
		_utoa          		CODE           	11A28	0000	518
		_xtoa          		CODE           	10FFE	0000	734

/opt/microchip/xc8/v2.30/pic/sources/c99/common/doprnt.c estimated size: 4648

/opt/microchip/xc8/v2.30/pic/sources/c99/common/nf_sprintf.c
		_sprintf       		CODE           	14746	0000	82

/opt/microchip/xc8/v2.30/pic/sources/c99/common/nf_sprintf.c estimated size: 82

/home/dev-user/Projects/Personal/PIC/LibOutputDevices.X/stepper.c
		_stepMotor0    		CODE           	148AC	0000	66
		_stepMotor1    		CODE           	1486A	0000	66
		_stepMotor2    		CODE           	14828	0000	66
		_stepMotorSM0  		CODE           	1387C	0000	182
		_stepMotorSM1  		CODE           	137C6	0000	182
		_stepMotorSM2  		CODE           	13710	0000	182
		_stepper0ISR   		CODE           	14A5C	0000	54
		_stepper1ISR   		CODE           	14A94	0000	54
		_stepper2ISR   		CODE           	14ACC	0000	54
		_setupStepper0 		CODE           	14B9A	0000	50
		_setupStepper1 		CODE           	14B68	0000	50
		_setupStepper2 		CODE           	14B36	0000	50
		_stepSMachine0 		CODE           	14C4C	0000	42
		_stepSMachine1 		CODE           	14C22	0000	42
		_stepSMachine2 		CODE           	14BF8	0000	42
		_outputUpdate  		CODE           	145E8	0000	92
		_updateStepState0		CODE           	13E14	0000	138
		_updateStepState1		CODE           	13D8A	0000	138
		_updateStepState2		CODE           	13D00	0000	138

/home/dev-user/Projects/Personal/PIC/LibOutputDevices.X/stepper.c estimated size: 1688

/opt/microchip/xc8/v2.30/pic/sources/c99/common/strspn.c
		_strspn        		CODE           	14092	0000	114

/opt/microchip/xc8/v2.30/pic/sources/c99/common/strspn.c estimated size: 114

/opt/microchip/xc8/v2.30/pic/sources/c99/common/lodiv.c
		___lodiv       		CODE           	12A78	0000	242

/opt/microchip/xc8/v2.30/pic/sources/c99/common/lodiv.c estimated size: 242

/opt/microchip/xc8/v2.30/pic/sources/c99/common/atol.c
		_atol          		CODE           	11C2E	0000	496

/opt/microchip/xc8/v2.30/pic/sources/c99/common/atol.c estimated size: 496

/opt/microchip/xc8/v2.30/pic/sources/c99/common/aodiv.c
		___aodiv       		CODE           	12318	0000	394

/opt/microchip/xc8/v2.30/pic/sources/c99/common/aodiv.c estimated size: 394

/opt/microchip/xc8/v2.30/pic/sources/c99/common/nf_fputs.c
		_fputs         		CODE           	14798	0000	72

/opt/microchip/xc8/v2.30/pic/sources/c99/common/nf_fputs.c estimated size: 72

shared
		i2_IOExpWriteVal		CODE           	13932	0000	182
		i2_I2C1Write   		CODE           	14526	0000	98
		__initialization		CODE           	13F26	0000	122
		i2_outputUpdate		CODE           	146F2	0000	84
		i2_IOExpUpdateOutPart		CODE           	142BA	0000	108

shared estimated size: 594

/opt/microchip/xc8/v2.30/pic/sources/c99/common/lwdiv.c
		___lwdiv       		CODE           	1401C	0000	118

/opt/microchip/xc8/v2.30/pic/sources/c99/common/lwdiv.c estimated size: 118

/home/dev-user/Projects/Personal/PIC/StepperSystem_v2.X/System.c
		_SysInit       		CODE           	12608	0000	318
		_make_all_digital		CODE           	14CC6	0000	24
		_SetupClk      		CODE           	14C9E	0000	40
		_interpretRX   		CODE           	1092A	0000	1006

/home/dev-user/Projects/Personal/PIC/StepperSystem_v2.X/System.c estimated size: 1388

/home/dev-user/Projects/Personal/PIC/StepperSystem_v2.X/main.c
		_main          		CODE           	11FDA	0000	426

/home/dev-user/Projects/Personal/PIC/StepperSystem_v2.X/main.c estimated size: 426

/opt/microchip/xc8/v2.30/pic/sources/c99/common/Umul16.c
		___wmul        		CODE           	14BCC	0000	44

/opt/microchip/xc8/v2.30/pic/sources/c99/common/Umul16.c estimated size: 44

/opt/microchip/xc8/v2.30/pic/sources/c99/common/islower.c
		_islower       		CODE           	149AC	0000	58

/opt/microchip/xc8/v2.30/pic/sources/c99/common/islower.c estimated size: 58

/home/dev-user/Projects/Personal/PIC/LibMisc.X/IOExp_PCA9539A.c
		_IOExpUpdateOutPart		CODE           	14176	0000	108
		_IOExpSetup    		CODE           	13428	0000	192
		_IOExpWriteVal 		CODE           	134E8	0000	184
		_IOExpWriteDir 		CODE           	13658	0000	184
		_IOExpWriteInv 		CODE           	135A0	0000	184
		_IOExpUpdateAll		CODE           	13B3E	0000	158
		_IOExpReadIVal 		CODE           	1297C	0000	252

/home/dev-user/Projects/Personal/PIC/LibMisc.X/IOExp_PCA9539A.c estimated size: 1262

/opt/microchip/xc8/v2.30/pic/sources/c99/common/isupper.c
		_isupper       		CODE           	149E6	0000	58

/opt/microchip/xc8/v2.30/pic/sources/c99/common/isupper.c estimated size: 58

/opt/microchip/xc8/v2.30/pic/sources/c99/common/toupper.c
		_toupper       		CODE           	14588	0000	96

/opt/microchip/xc8/v2.30/pic/sources/c99/common/toupper.c estimated size: 96

/home/dev-user/Projects/Personal/PIC/LibOutputDevices.X/disp_7seg4dig.c
		_setupDisp     		CODE           	14B02	0000	52
		_updateDisp    		CODE           	147E0	0000	72
		_updateDispVal 		CODE           	112DC	0000	706
		_updateDispValHex		CODE           	1159E	0000	640

/home/dev-user/Projects/Personal/PIC/LibOutputDevices.X/disp_7seg4dig.c estimated size: 1470

/opt/microchip/xc8/v2.30/pic/sources/c99/common/strtok.c
		_strtok        		CODE           	12B6A	0000	240

/opt/microchip/xc8/v2.30/pic/sources/c99/common/strtok.c estimated size: 240

/opt/microchip/xc8/v2.30/pic/sources/c99/common/isspace.c
		_isspace       		CODE           	1469E	0000	84

/opt/microchip/xc8/v2.30/pic/sources/c99/common/isspace.c estimated size: 84

/home/dev-user/Projects/Personal/PIC/LibPeripherals.X/timers.c
		_Tmr3Enable    		CODE           	14D0C	0000	4
		_Tmr4Enable    		CODE           	14D1C	0000	4
		_Tmr5Enable    		CODE           	14D04	0000	4
		_Tmr1Setup     		CODE           	12E32	0000	236
		_Tmr6Enable    		CODE           	14D20	0000	4
		_Tmr1Disable   		CODE           	14D10	0000	4
		_Tmr3Setup     		CODE           	12D46	0000	236
		_Tmr4Setup     		CODE           	12F1E	0000	220
		_Tmr3Disable   		CODE           	14D08	0000	4
		_Tmr5Setup     		CODE           	12C5A	0000	236
		_Tmr4Disable   		CODE           	14D18	0000	4
		_Tmr6Setup     		CODE           	130D6	0000	220
		_Tmr5Disable   		CODE           	14D00	0000	4
		_Tmr6Disable   		CODE           	14D24	0000	4
		_Tmr1Enable    		CODE           	14D14	0000	4

/home/dev-user/Projects/Personal/PIC/LibPeripherals.X/timers.c estimated size: 1188

/opt/microchip/xc8/v2.30/pic/sources/c99/common/abs.c
		_abs           		CODE           	148EE	0000	66

/opt/microchip/xc8/v2.30/pic/sources/c99/common/abs.c estimated size: 66

