Microchip MPLAB XC8 Compiler V2.30

Linker command line:

-W-2 --edf=/opt/microchip/xc8/v2.30/pic/dat/en_msgs.txt -cn \
  -h+dist/default/production/StepperSystem_v1.X.production.sym \
  --cmf=dist/default/production/StepperSystem_v1.X.production.cmf -z \
  -Q16F18875 -o/tmp/xcXMDghgK --defsym=__MPLAB_BUILD=1 \
  -Mdist/default/production/StepperSystem_v1.X.production.map -E1 \
  -ver=XC8 Compiler --acfsm=1493 -ASTACK=02061h-023EFh -pstack=STACK \
  -ACODE=00h-07FFhx4 -ASTRCODE=00h-01FFFh -ASTRING=00h-0FFhx32 \
  -ACONST=00h-0FFhx32 -AENTRY=00h-0FFhx32 -ACOMMON=070h-07Fh \
  -ABANK0=020h-06Fh -ABANK1=0A0h-0EFh -ABANK2=0120h-016Fh \
  -ABANK3=01A0h-01EFh -ABANK4=0220h-026Fh -ABANK5=02A0h-02EFh \
  -ABANK6=0320h-036Fh -ABANK7=03A0h-03EFh -ABANK8=0420h-046Fh \
  -ABANK9=04A0h-04EFh -ABANK10=0520h-056Fh -ABANK11=05A0h-05EFh \
  -ABANK12=0620h-064Fh -ABIGRAM=02000h-023EFh \
  -ARAM=020h-06Fh,0A0h-0EFh,0120h-016Fh,01A0h-01EFh,0220h-026Fh,02A0h-02EFh,0320h-036Fh,03A0h-03EFh,0420h-046Fh,04A0h-04EFh,0520h-056Fh,05A0h-05EFh,0620h-064Fh \
  -AABS1=020h-07Fh,0A0h-0EFh,0120h-016Fh,01A0h-01EFh,0220h-026Fh,02A0h-02EFh,0320h-036Fh,03A0h-03EFh,0420h-046Fh,04A0h-04EFh,0520h-056Fh,05A0h-05EFh,0620h-064Fh \
  -ASFR0=00h-01Fh -ASFR1=080h-09Fh -ASFR2=0100h-011Fh -ASFR3=0180h-019Fh \
  -ASFR4=0200h-021Fh -ASFR5=0280h-029Fh -ASFR6=0300h-031Fh \
  -ASFR7=0380h-039Fh -ASFR8=0400h-041Fh -ASFR9=0480h-049Fh \
  -ASFR10=0500h-051Fh -ASFR11=0580h-059Fh -ASFR12=0600h-061Fh \
  -ASFR13=0680h-06EFh -ASFR14=0700h-076Fh -ASFR15=0780h-07EFh \
  -ASFR16=0800h-086Fh -ASFR17=0880h-08EFh -ASFR18=0900h-096Fh \
  -ASFR19=0980h-09EFh -ASFR20=0A00h-0A6Fh -ASFR21=0A80h-0AEFh \
  -ASFR22=0B00h-0B6Fh -ASFR23=0B80h-0BEFh -ASFR24=0C00h-0C6Fh \
  -ASFR25=0C80h-0CEFh -ASFR26=0D00h-0D6Fh -ASFR27=0D80h-0DEFh \
  -ASFR28=0E00h-0E6Fh -ASFR29=0E80h-0EEFh -ASFR30=0F00h-0F6Fh \
  -ASFR31=0F80h-0FEFh -ACONFIG=08007h-0800Bh -DCONFIG=2 \
  -AIDLOC=08000h-08003h -DIDLOC=2 -AEEDATA=00h-0FFh/0F000h \
  -peeprom_data=EEDATA -DEEDATA=2 -DCODE=2 -DSTRCODE=2 -DSTRING=2 -DCONST=2 \
  -DENTRY=2 -preset_vec=00h,intentry=04h,init,end_init -ppowerup=CODE \
  -pcinit=CODE -pfunctab=ENTRY -k /tmp/xcXJnPfCe.o \
  dist/default/production/StepperSystem_v1.X.production.o 

Object code version is 3.11

Machine type is 16F18875



                Name                               Link     Load   Length Selector   Space Scale
/tmp/xcXJnPfCe.o
                end_init                             70       70        2        8       0
                reset_vec                             0        0        2        0       0
                config                             8007     8007        5        0       4
dist/default/production/StepperSystem_v1.X.production.o
                cinit                                72       72       1C        8       0
                intentry                              4        4       6C        8       0
                config                             8007     8007        5        0       4
                text36                              6F8      6F8       4A        8       0
                text35                              F1D      F1D       22     1E3A       0
                text33                              E47      E47        E     1C8E       0
                text32                              E1F      E1F        3     1C3E       0
                text31                              E22      E22        3     1C44       0
                text30                              598      598       5B        8       0
                text29                              51B      51B       7D        8       0
                text28                              E40      E40        7     1C80       0
                text27                              F3F      F3F       3D     1E7E       0
                text26                              7C6      7C6       35        8       0
                text25                               8E       8E      143        8       0
                text24                              EB1      EB1       1B     1D62       0
                text23                              E66      E66       19     1CCC       0
                text22                              E7F      E7F       19     1CFE       0
                text21                              E98      E98       19     1D30       0
                text20                              F7C      F7C       42     1EF8       0
                text19                              E25      E25        3     1C4A       0
                text18                              E28      E28        3     1C50       0
                text17                              497      497       84        8       0
                text16                              FBE      FBE       42     1F7C       0
                text15                              6A1      6A1       57        8       0
                text14                              ECC      ECC       1B     1D98       0
                text13                              E2B      E2B        3     1C56       0
                text12                              E2E      E2E        3     1C5C       0
                text11                              413      413       84        8       0
                text10                              784      784       42        8       0
                text9                               64A      64A       57        8       0
                text8                               EE7      EE7       1B     1DCE       0
                text7                               E31      E31        3     1C62       0
                text6                               7FB      7FB        3        8       0
                text5                               38F      38F       84        8       0
                text4                               742      742       42        8       0
                text3                               5F3      5F3       57        8       0
                text2                               F02      F02       1B     1E04       0
                text1                               1D1      1D1      126        8       0
                maintext                            2F7      2F7       98        8       0
                cstackBANK0                          49       49       1F       20       1
                cstackCOMMON                         70       70        A       70       1
                clrtext                             E34      E34        6     1C68       0
                inittext                            E3A      E3A        6     1C74       0
                dataBANK1                            A0       A0       11       A0       1
                bssBANK0                             20       20       29       20       1
                bssCOMMON                            7A       7A        4       70       1
                idataBANK1                          E55      E55       11     1CAA       0

TOTAL           Name                               Link     Load   Length     Space
        CLASS   STACK          

        CLASS   CODE           
                end_init                             70       70        2         0
                cinit                                72       72       1C         0
                intentry                              4        4       6C         0
                reset_vec                             0        0        2         0
                text36                              6F8      6F8       4A         0
                text35                              F1D      F1D       22         0
                text33                              E47      E47        E         0
                text32                              E1F      E1F        3         0
                text31                              E22      E22        3         0
                text30                              598      598       5B         0
                text29                              51B      51B       7D         0
                text28                              E40      E40        7         0
                text27                              F3F      F3F       3D         0
                text26                              7C6      7C6       35         0
                text25                               8E       8E      143         0
                text24                              EB1      EB1       1B         0
                text23                              E66      E66       19         0
                text22                              E7F      E7F       19         0
                text21                              E98      E98       19         0
                text20                              F7C      F7C       42         0
                text19                              E25      E25        3         0
                text18                              E28      E28        3         0
                text17                              497      497       84         0
                text16                              FBE      FBE       42         0
                text15                              6A1      6A1       57         0
                text14                              ECC      ECC       1B         0
                text13                              E2B      E2B        3         0
                text12                              E2E      E2E        3         0
                text11                              413      413       84         0
                text10                              784      784       42         0
                text9                               64A      64A       57         0
                text8                               EE7      EE7       1B         0
                text7                               E31      E31        3         0
                text6                               7FB      7FB        3         0
                text5                               38F      38F       84         0
                text4                               742      742       42         0
                text3                               5F3      5F3       57         0
                text2                               F02      F02       1B         0
                text1                               1D1      1D1      126         0
                maintext                            2F7      2F7       98         0
                clrtext                             E34      E34        6         0
                inittext                            E3A      E3A        6         0
                idataBANK1                          E55      E55       11         0

        CLASS   STRCODE        

        CLASS   STRING         

        CLASS   CONST          

        CLASS   ENTRY          

        CLASS   COMMON         
                cstackCOMMON                         70       70        A         1
                bssCOMMON                            7A       7A        4         1

        CLASS   BANK0          
                cstackBANK0                          49       49       1F         1
                bssBANK0                             20       20       29         1

        CLASS   BANK1          
                dataBANK1                            A0       A0       11         1

        CLASS   BANK2          

        CLASS   BANK3          

        CLASS   BANK4          

        CLASS   BANK5          

        CLASS   BANK6          

        CLASS   BANK7          

        CLASS   BANK8          

        CLASS   BANK9          

        CLASS   BANK10         

        CLASS   BANK11         

        CLASS   BANK12         

        CLASS   BIGRAM         

        CLASS   RAM            

        CLASS   ABS1           
                abs_s1                               7E       7E        2         1

        CLASS   SFR0           

        CLASS   SFR1           

        CLASS   SFR2           

        CLASS   SFR3           

        CLASS   SFR4           

        CLASS   SFR5           

        CLASS   SFR6           

        CLASS   SFR7           

        CLASS   SFR8           

        CLASS   SFR9           

        CLASS   SFR10          

        CLASS   SFR11          

        CLASS   SFR12          

        CLASS   SFR13          

        CLASS   SFR14          

        CLASS   SFR15          

        CLASS   SFR16          

        CLASS   SFR17          

        CLASS   SFR18          

        CLASS   SFR19          

        CLASS   SFR20          

        CLASS   SFR21          

        CLASS   SFR22          

        CLASS   SFR23          

        CLASS   SFR24          

        CLASS   SFR25          

        CLASS   SFR26          

        CLASS   SFR27          

        CLASS   SFR28          

        CLASS   SFR29          

        CLASS   SFR30          

        CLASS   SFR31          

        CLASS   CONFIG         
                config                             8007     8007        5         4

        CLASS   IDLOC          

        CLASS   EEDATA         

        CLASS   BANK31         

        CLASS   BANK30         

        CLASS   BANK29         

        CLASS   BANK28         

        CLASS   BANK27         

        CLASS   BANK26         

        CLASS   BANK25         

        CLASS   BANK24         

        CLASS   BANK23         

        CLASS   BANK22         

        CLASS   BANK21         

        CLASS   BANK20         

        CLASS   BANK19         

        CLASS   BANK18         

        CLASS   BANK17         

        CLASS   BANK16         

        CLASS   BANK15         

        CLASS   BANK14         

        CLASS   BANK13         



SEGMENTS        Name                           Load    Length   Top    Selector   Space  Class     Delta

                text33                         000E47  00000E  000E55      1C8E       0  CODE        2
                text22                         000E7F  000019  000E98      1CFE       0  CODE        2
                text23                         000E66  000019  000E7F      1CCC       0  CODE        2
                idataBANK1                     000E55  000011  000E66      1CAA       0  CODE        2
                text28                         000E40  000007  000E47      1C80       0  CODE        2
                reset_vec                      000000  000002  000002         0       0  CODE        2
                inittext                       000E3A  000006  000E40      1C74       0  CODE        2
                text21                         000E98  000019  000EB1      1D30       0  CODE        2
                text24                         000EB1  00001B  000ECC      1D62       0  CODE        2
                clrtext                        000E34  000006  000E3A      1C68       0  CODE        2
                text12                         000E2E  000003  000E31      1C5C       0  CODE        2
                text7                          000E31  000003  000E34      1C62       0  CODE        2
                text14                         000ECC  00001B  000EE7      1D98       0  CODE        2
                text35                         000F1D  000022  000F3F      1E3A       0  CODE        2
                text20                         000F7C  000042  000FBE      1EF8       0  CODE        2
                text27                         000F3F  00003D  000F7C      1E7E       0  CODE        2
                text2                          000F02  00001B  000F1D      1E04       0  CODE        2
                text8                          000EE7  00001B  000F02      1DCE       0  CODE        2
                text31                         000E22  000003  000E25      1C44       0  CODE        2
                text32                         000E1F  000003  000E22      1C3E       0  CODE        2
                text18                         000E28  000003  000E2B      1C50       0  CODE        2
                text19                         000E25  000003  000E28      1C4A       0  CODE        2
                text13                         000E2B  000003  000E2E      1C56       0  CODE        2
                text16                         000FBE  000042  001000      1F7C       0  CODE        2
                dataBANK1                      0000A0  000011  0000B1        A0       1  BANK1       1
                intentry                       000004  0007FA  0007FE         8       0  CODE        2
                bssBANK0                       000020  000048  000068        20       1  BANK0       1
                cstackCOMMON                   000070  00000E  00007E        70       1  COMMON      1


UNUSED ADDRESS RANGES

        Name                Unused          Largest block    Delta
        BANK0            00068-0006F               8           1
        BANK1            000B1-000EF              3F           1
        BANK10           00520-0056F              50           1
        BANK11           005A0-005EF              50           1
        BANK12           00620-0064F              30           1
        BANK2            00120-0016F              50           1
        BANK3            001A0-001EF              50           1
        BANK4            00220-0026F              50           1
        BANK5            002A0-002EF              50           1
        BANK6            00320-0036F              50           1
        BANK7            003A0-003EF              50           1
        BANK8            00420-0046F              50           1
        BANK9            004A0-004EF              50           1
        BIGRAM           02000-023EF             3F0           1
        CODE             00002-00003               2           2
                         007FE-00E1E               2
                         01000-01FFF             800
        CONST            00002-00003               2           2
                         007FE-00E1E             100
                         01000-01FFF             100
        EEDATA           0F000-0F0FF             100           2
        ENTRY            00002-00003               2           2
                         007FE-00E1E             100
                         01000-01FFF             100
        IDLOC            08000-08003               4           2
        RAM              00068-0006F               8           1
                         000B1-000EF              3F
                         00120-0016F              50
                         001A0-001EF              50
                         00220-0026F              50
                         002A0-002EF              50
                         00320-0036F              50
                         003A0-003EF              50
                         00420-0046F              50
                         004A0-004EF              50
                         00520-0056F              50
                         005A0-005EF              50
                         00620-0064F              30
        SFR0             00000-0001F              20           1
        SFR1             00080-0009F              20           1
        SFR10            00500-0051F              20           1
        SFR11            00580-0059F              20           1
        SFR12            00600-0061F              20           1
        SFR13            00680-006EF              70           1
        SFR14            00700-0076F              70           1
        SFR15            00780-007EF              70           1
        SFR16            00800-0086F              70           1
        SFR17            00880-008EF              70           1
        SFR18            00900-0096F              70           1
        SFR19            00980-009EF              70           1
        SFR2             00100-0011F              20           1
        SFR20            00A00-00A6F              70           1
        SFR21            00A80-00AEF              70           1
        SFR22            00B00-00B6F              70           1
        SFR23            00B80-00BEF              70           1
        SFR24            00C00-00C6F              70           1
        SFR25            00C80-00CEF              70           1
        SFR26            00D00-00D6F              70           1
        SFR27            00D80-00DEF              70           1
        SFR28            00E00-00E6F              70           1
        SFR29            00E80-00EEF              70           1
        SFR3             00180-0019F              20           1
        SFR30            00F00-00F6F              70           1
        SFR31            00F80-00FEF              70           1
        SFR4             00200-0021F              20           1
        SFR5             00280-0029F              20           1
        SFR6             00300-0031F              20           1
        SFR7             00380-0039F              20           1
        SFR8             00400-0041F              20           1
        SFR9             00480-0049F              20           1
        STACK            02061-023EF             38F           1
        STRCODE          00002-00003               2           2
                         007FE-00E1E             621
                         01000-01FFF            1000
        STRING           00002-00003               2           2
                         007FE-00E1E             100
                         01000-01FFF             100

                                  Symbol Table

?___lldiv                  cstackBANK0  00049
?___llmod                  cstackCOMMON 00070
?___lwdiv                  cstackBANK0  00049
?___lwmod                  cstackBANK0  00049
Tmr1Setup@prescalarVal     cstackBANK0  0005E
Tmr1Setup@regVal           cstackBANK0  0005F
Tmr1Setup@tmr_freq         cstackBANK0  00057
Tmr1Setup@use_int          cstackBANK0  00059
Tmr3Setup@prescalarVal     cstackBANK0  0005E
Tmr3Setup@regVal           cstackBANK0  0005F
Tmr3Setup@tmr_freq         cstackBANK0  00057
Tmr3Setup@use_int          cstackBANK0  00059
Tmr4Setup@prescalarVal     cstackBANK0  0005E
Tmr4Setup@regVal           cstackBANK0  0005F
Tmr4Setup@tmr_freq         cstackBANK0  00057
Tmr4Setup@use_int          cstackBANK0  00059
Tmr5Setup@prescalarVal     cstackBANK0  0005E
Tmr5Setup@regVal           cstackBANK0  0005F
Tmr5Setup@tmr_freq         cstackBANK0  00057
Tmr5Setup@use_int          cstackBANK0  00059
_ANSELA                    (abs)        00F38
_ANSELB                    (abs)        00F43
_ANSELC                    (abs)        00F4E
_ANSELD                    (abs)        00F59
_ANSELE                    (abs)        00F64
_GIE                       (abs)        0005F
_Isr                       intentry     00004
_LATAbits                  (abs)        00016
_LATBbits                  (abs)        00017
_LATC                      (abs)        00018
_LATCbits                  (abs)        00018
_LATD                      (abs)        00019
_OSCCON1                   (abs)        0088D
_OSCFRQ                    (abs)        00893
_OSCSTATbits               (abs)        00890
_PEIE                      (abs)        0005E
_PIE4bits                  (abs)        0071A
_PIR4bits                  (abs)        00710
_SetupClk                  text33       00E47
_SysInit                   text20       00F7C
_T1CLK                     (abs)        00211
_T1CON                     (abs)        0020E
_T1GCON                    (abs)        0020F
_T3CLK                     (abs)        00217
_T3CON                     (abs)        00214
_T3GCON                    (abs)        00215
_T4CLKCON                  (abs)        00296
_T4CON                     (abs)        00294
_T4CONbits                 (abs)        00294
_T4HLT                     (abs)        00295
_T4PR                      (abs)        00293
_T5CLK                     (abs)        0021D
_T5CON                     (abs)        0021A
_T5GCON                    (abs)        0021B
_TMR1H                     (abs)        0020D
_TMR1IE                    (abs)        038D0
_TMR1IF                    (abs)        03880
_TMR1L                     (abs)        0020C
_TMR1ON                    (abs)        01070
_TMR1Val                   bssBANK0     0003A
_TMR3H                     (abs)        00213
_TMR3IE                    (abs)        038D2
_TMR3IF                    (abs)        03882
_TMR3L                     (abs)        00212
_TMR3ON                    (abs)        010A0
_TMR3Val                   bssBANK0     00038
_TMR4IF                    (abs)        03883
_TMR5H                     (abs)        00219
_TMR5IE                    (abs)        038D4
_TMR5IF                    (abs)        03884
_TMR5L                     (abs)        00218
_TMR5ON                    (abs)        010D0
_TMR5Val                   bssBANK0     00036
_TRISAbits                 (abs)        00011
_TRISBbits                 (abs)        00012
_TRISCbits                 (abs)        00013
_TRISD                     (abs)        00014
_Tmr1Disable               text18       00E28
_Tmr1Enable                text19       00E25
_Tmr1Setup                 text17       00497
_Tmr3Disable               text12       00E2E
_Tmr3Enable                text13       00E2B
_Tmr3Setup                 text11       00413
_Tmr4Disable               text31       00E22
_Tmr4Enable                text32       00E1F
_Tmr4Setup                 text29       0051B
_Tmr5Disable               text6        007FB
_Tmr5Enable                text7        00E31
_Tmr5Setup                 text5        0038F
__Habs1                    abs1         00000
__Hbank0                   bank0        00000
__Hbank1                   bank1        00000
__Hbank10                  bank10       00000
__Hbank11                  bank11       00000
__Hbank12                  bank12       00000
__Hbank13                  bank13       00000
__Hbank14                  bank14       00000
__Hbank15                  bank15       00000
__Hbank16                  bank16       00000
__Hbank17                  bank17       00000
__Hbank18                  bank18       00000
__Hbank19                  bank19       00000
__Hbank2                   bank2        00000
__Hbank20                  bank20       00000
__Hbank21                  bank21       00000
__Hbank22                  bank22       00000
__Hbank23                  bank23       00000
__Hbank24                  bank24       00000
__Hbank25                  bank25       00000
__Hbank26                  bank26       00000
__Hbank27                  bank27       00000
__Hbank28                  bank28       00000
__Hbank29                  bank29       00000
__Hbank3                   bank3        00000
__Hbank30                  bank30       00000
__Hbank31                  bank31       00000
__Hbank4                   bank4        00000
__Hbank5                   bank5        00000
__Hbank6                   bank6        00000
__Hbank7                   bank7        00000
__Hbank8                   bank8        00000
__Hbank9                   bank9        00000
__Hbigram                  bigram       00000
__HbssBANK0                bssBANK0     00000
__HbssCOMMON               bssCOMMON    00000
__Hcinit                   cinit        0008E
__Hclrtext                 clrtext      00000
__Hcode                    code         00000
__Hcommon                  common       00000
__Hconfig                  config       0800C
__HcstackBANK0             cstackBANK0  00000
__HcstackCOMMON            cstackCOMMON 00000
__HdataBANK1               dataBANK1    00000
__Heeprom_data             eeprom_data  00000
__Hend_init                end_init     00072
__Hfunctab                 functab      00000
__HidataBANK1              idataBANK1   00000
__Hinit                    init         00070
__Hinittext                inittext     00000
__Hintentry                intentry     00070
__Hmaintext                maintext     00000
__Hpowerup                 powerup      00000
__Hram                     ram          00000
__Hreset_vec               reset_vec    00002
__Hsfr0                    sfr0         00000
__Hsfr1                    sfr1         00000
__Hsfr10                   sfr10        00000
__Hsfr11                   sfr11        00000
__Hsfr12                   sfr12        00000
__Hsfr13                   sfr13        00000
__Hsfr14                   sfr14        00000
__Hsfr15                   sfr15        00000
__Hsfr16                   sfr16        00000
__Hsfr17                   sfr17        00000
__Hsfr18                   sfr18        00000
__Hsfr19                   sfr19        00000
__Hsfr2                    sfr2         00000
__Hsfr20                   sfr20        00000
__Hsfr21                   sfr21        00000
__Hsfr22                   sfr22        00000
__Hsfr23                   sfr23        00000
__Hsfr24                   sfr24        00000
__Hsfr25                   sfr25        00000
__Hsfr26                   sfr26        00000
__Hsfr27                   sfr27        00000
__Hsfr28                   sfr28        00000
__Hsfr29                   sfr29        00000
__Hsfr3                    sfr3         00000
__Hsfr30                   sfr30        00000
__Hsfr31                   sfr31        00000
__Hsfr4                    sfr4         00000
__Hsfr5                    sfr5         00000
__Hsfr6                    sfr6         00000
__Hsfr7                    sfr7         00000
__Hsfr8                    sfr8         00000
__Hsfr9                    sfr9         00000
__Hspace_0                 (abs)        01000
__Hspace_1                 (abs)        000B1
__Hspace_2                 (abs)        00000
__Hspace_3                 (abs)        00000
__Hspace_4                 (abs)        10013
__Hstack                   stack        00000
__Hstrings                 strings      00000
__Htext                    text         00000
__Labs1                    abs1         00000
__Lbank0                   bank0        00000
__Lbank1                   bank1        00000
__Lbank10                  bank10       00000
__Lbank11                  bank11       00000
__Lbank12                  bank12       00000
__Lbank13                  bank13       00000
__Lbank14                  bank14       00000
__Lbank15                  bank15       00000
__Lbank16                  bank16       00000
__Lbank17                  bank17       00000
__Lbank18                  bank18       00000
__Lbank19                  bank19       00000
__Lbank2                   bank2        00000
__Lbank20                  bank20       00000
__Lbank21                  bank21       00000
__Lbank22                  bank22       00000
__Lbank23                  bank23       00000
__Lbank24                  bank24       00000
__Lbank25                  bank25       00000
__Lbank26                  bank26       00000
__Lbank27                  bank27       00000
__Lbank28                  bank28       00000
__Lbank29                  bank29       00000
__Lbank3                   bank3        00000
__Lbank30                  bank30       00000
__Lbank31                  bank31       00000
__Lbank4                   bank4        00000
__Lbank5                   bank5        00000
__Lbank6                   bank6        00000
__Lbank7                   bank7        00000
__Lbank8                   bank8        00000
__Lbank9                   bank9        00000
__Lbigram                  bigram       00000
__LbssBANK0                bssBANK0     00000
__LbssCOMMON               bssCOMMON    00000
__Lcinit                   cinit        00072
__Lclrtext                 clrtext      00000
__Lcode                    code         00000
__Lcommon                  common       00000
__Lconfig                  config       00000
__LcstackBANK0             cstackBANK0  00000
__LcstackCOMMON            cstackCOMMON 00000
__LdataBANK1               dataBANK1    00000
__Leeprom_data             eeprom_data  00000
__Lend_init                end_init     00070
__Lfunctab                 functab      00000
__LidataBANK1              idataBANK1   00000
__Linit                    init         00070
__Linittext                inittext     00000
__Lintentry                intentry     00004
__Lmaintext                maintext     00000
__Lpowerup                 powerup      00000
__Lram                     ram          00000
__Lreset_vec               reset_vec    00000
__Lsfr0                    sfr0         00000
__Lsfr1                    sfr1         00000
__Lsfr10                   sfr10        00000
__Lsfr11                   sfr11        00000
__Lsfr12                   sfr12        00000
__Lsfr13                   sfr13        00000
__Lsfr14                   sfr14        00000
__Lsfr15                   sfr15        00000
__Lsfr16                   sfr16        00000
__Lsfr17                   sfr17        00000
__Lsfr18                   sfr18        00000
__Lsfr19                   sfr19        00000
__Lsfr2                    sfr2         00000
__Lsfr20                   sfr20        00000
__Lsfr21                   sfr21        00000
__Lsfr22                   sfr22        00000
__Lsfr23                   sfr23        00000
__Lsfr24                   sfr24        00000
__Lsfr25                   sfr25        00000
__Lsfr26                   sfr26        00000
__Lsfr27                   sfr27        00000
__Lsfr28                   sfr28        00000
__Lsfr29                   sfr29        00000
__Lsfr3                    sfr3         00000
__Lsfr30                   sfr30        00000
__Lsfr31                   sfr31        00000
__Lsfr4                    sfr4         00000
__Lsfr5                    sfr5         00000
__Lsfr6                    sfr6         00000
__Lsfr7                    sfr7         00000
__Lsfr8                    sfr8         00000
__Lsfr9                    sfr9         00000
__Lspace_0                 (abs)        00000
__Lspace_1                 (abs)        00000
__Lspace_2                 (abs)        00000
__Lspace_3                 (abs)        00000
__Lspace_4                 (abs)        00000
__Lstack                   stack        00000
__Lstrings                 strings      00000
__Ltext                    text         00000
__S0                       (abs)        01000
__S1                       (abs)        000B1
__S2                       (abs)        00000
__S3                       (abs)        00000
___int_sp                  stack        00000
___latbits                 (abs)        00002
___lldiv                   text30       00598
___lldiv@counter           cstackBANK0  00056
___lldiv@dividend          cstackBANK0  0004D
___lldiv@divisor           cstackBANK0  00049
___lldiv@quotient          cstackBANK0  00052
___llmod                   text36       006F8
___llmod@counter           cstackCOMMON 00079
___llmod@dividend          cstackCOMMON 00074
___llmod@divisor           cstackCOMMON 00070
___lwdiv                   text27       00F3F
___lwdiv@counter           cstackBANK0  00050
___lwdiv@dividend          cstackBANK0  0004B
___lwdiv@divisor           cstackBANK0  00049
___lwdiv@quotient          cstackBANK0  0004E
___lwmod                   text26       007C6
___lwmod@counter           cstackBANK0  0004E
___lwmod@dividend          cstackBANK0  0004B
___lwmod@divisor           cstackBANK0  00049
___sp                      stack        00000
___stackhi                 (abs)        023EF
___stacklo                 (abs)        02061
__end_of_Isr               intentry     00070
__end_of_SetupClk          text33       00E55
__end_of_SysInit           text20       00FBE
__end_of_Tmr1Disable       text18       00E2B
__end_of_Tmr1Enable        text19       00E28
__end_of_Tmr1Setup         text17       0051B
__end_of_Tmr3Disable       text12       00E31
__end_of_Tmr3Enable        text13       00E2E
__end_of_Tmr3Setup         text11       00497
__end_of_Tmr4Disable       text31       00E25
__end_of_Tmr4Enable        text32       00E22
__end_of_Tmr4Setup         text29       00598
__end_of_Tmr5Disable       text6        007FE
__end_of_Tmr5Enable        text7        00E34
__end_of_Tmr5Setup         text5        00413
__end_of___lldiv           text30       005F3
__end_of___llmod           text36       00742
__end_of___lwdiv           text27       00F7C
__end_of___lwmod           text26       007FB
__end_of__initialization   cinit        0008A
__end_of_main              maintext     0038F
__end_of_make_all_digital  text28       00E47
__end_of_setupDisp         text24       00ECC
__end_of_setupStepper0     text23       00E7F
__end_of_setupStepper1     text22       00E98
__end_of_setupStepper2     text21       00EB1
__end_of_stepMotor0        text14       00EE7
__end_of_stepMotor1        text8        00F02
__end_of_stepMotor2        text2        00F1D
__end_of_stepMotorSM0      text15       006F8
__end_of_stepMotorSM1      text9        006A1
__end_of_stepMotorSM2      text3        0064A
__end_of_updateDisp        text35       00F3F
__end_of_updateDispVal     text25       001D1
__end_of_updateDispValHex  text1        002F7
__end_of_updateStepState0  text16       01000
__end_of_updateStepState1  text10       007C6
__end_of_updateStepState2  text4        00784
__initialization           cinit        00072
__pbssBANK0                bssBANK0     00020
__pbssCOMMON               bssCOMMON    0007A
__pcstackBANK0             cstackBANK0  00049
__pcstackCOMMON            cstackCOMMON 00070
__pdataBANK1               dataBANK1    000A0
__pidataBANK1              idataBANK1   00E55
__pintentry                intentry     00004
__pmaintext                maintext     002F7
__ptext1                   text1        001D1
__ptext10                  text10       00784
__ptext11                  text11       00413
__ptext12                  text12       00E2E
__ptext13                  text13       00E2B
__ptext14                  text14       00ECC
__ptext15                  text15       006A1
__ptext16                  text16       00FBE
__ptext17                  text17       00497
__ptext18                  text18       00E28
__ptext19                  text19       00E25
__ptext2                   text2        00F02
__ptext20                  text20       00F7C
__ptext21                  text21       00E98
__ptext22                  text22       00E7F
__ptext23                  text23       00E66
__ptext24                  text24       00EB1
__ptext25                  text25       0008E
__ptext26                  text26       007C6
__ptext27                  text27       00F3F
__ptext28                  text28       00E40
__ptext29                  text29       0051B
__ptext3                   text3        005F3
__ptext30                  text30       00598
__ptext31                  text31       00E22
__ptext32                  text32       00E1F
__ptext33                  text33       00E47
__ptext35                  text35       00F1D
__ptext36                  text36       006F8
__ptext4                   text4        00742
__ptext5                   text5        0038F
__ptext6                   text6        007FB
__ptext7                   text7        00E31
__ptext8                   text8        00EE7
__ptext9                   text9        0064A
__size_of_Isr              (abs)        00000
__size_of_SetupClk         (abs)        00000
__size_of_SysInit          (abs)        00000
__size_of_Tmr1Disable      (abs)        00000
__size_of_Tmr1Enable       (abs)        00000
__size_of_Tmr1Setup        (abs)        00000
__size_of_Tmr3Disable      (abs)        00000
__size_of_Tmr3Enable       (abs)        00000
__size_of_Tmr3Setup        (abs)        00000
__size_of_Tmr4Disable      (abs)        00000
__size_of_Tmr4Enable       (abs)        00000
__size_of_Tmr4Setup        (abs)        00000
__size_of_Tmr5Disable      (abs)        00000
__size_of_Tmr5Enable       (abs)        00000
__size_of_Tmr5Setup        (abs)        00000
__size_of___lldiv          (abs)        00000
__size_of___llmod          (abs)        00000
__size_of___lwdiv          (abs)        00000
__size_of___lwmod          (abs)        00000
__size_of_main             (abs)        00000
__size_of_make_all_digital (abs)        00000
__size_of_setupDisp        (abs)        00000
__size_of_setupStepper0    (abs)        00000
__size_of_setupStepper1    (abs)        00000
__size_of_setupStepper2    (abs)        00000
__size_of_stepMotor0       (abs)        00000
__size_of_stepMotor1       (abs)        00000
__size_of_stepMotor2       (abs)        00000
__size_of_stepMotorSM0     (abs)        00000
__size_of_stepMotorSM1     (abs)        00000
__size_of_stepMotorSM2     (abs)        00000
__size_of_updateDisp       (abs)        00000
__size_of_updateDispVal    (abs)        00000
__size_of_updateDispValHex (abs)        00000
__size_of_updateStepState0 (abs)        00000
__size_of_updateStepState1 (abs)        00000
__size_of_updateStepState2 (abs)        00000
_allowStep0                bssBANK0     00044
_allowStep1                bssBANK0     00041
_allowStep2                bssBANK0     0003E
_dig_disp_val              bssBANK0     0002C
_dig_idx                   bssBANK0     00048
_dispChars                 dataBANK1    000A0
_main                      maintext     002F7
_make_all_digital          text28       00E40
_pendingSteps0             bssBANK0     00034
_pendingSteps1             bssBANK0     00032
_pendingSteps2             bssBANK0     00030
_setupDisp                 text24       00EB1
_setupStepper0             text23       00E66
_setupStepper1             text22       00E7F
_setupStepper2             text21       00E98
_stepDirection0            bssBANK0     00045
_stepDirection1            bssBANK0     00042
_stepDirection2            bssBANK0     0003F
_stepMotor0                text14       00ECC
_stepMotor1                text8        00EE7
_stepMotor2                text2        00F02
_stepMotorSM0              text15       006A1
_stepMotorSM1              text9        0064A
_stepMotorSM2              text3        005F3
_stepState0                bssBANK0     00046
_stepState1                bssBANK0     00043
_stepState2                bssBANK0     00040
_sys_stat                  bssBANK0     0003D
_sys_time                  bssCOMMON    0007A
_totalSteps0               bssBANK0     00028
_totalSteps1               bssBANK0     00024
_totalSteps2               bssBANK0     00020
_twoSecondTrigger          bssBANK0     0003C
_updateDisp                text35       00F1D
_updateDispVal             text25       0008E
_updateDispValHex          text1        001D1
_updateStepState0          text16       00FBE
_updateStepState1          text10       00784
_updateStepState2          text4        00742
_update_disp_trigger       bssBANK0     00047
btemp                      (abs)        0007E
clear_ram0                 clrtext      00E34
end_of_initialization      cinit        0008A
init_ram                   inittext     00E3A
int$flags                  (abs)        0007E
intlevel0                  functab      00000
intlevel1                  functab      00000
intlevel2                  functab      00000
intlevel3                  functab      00000
intlevel4                  functab      00000
intlevel5                  functab      00000
main@switch_stepper_dir    cstackBANK0  00067
reset_vec                  reset_vec    00000
setupDisp@initVal          cstackBANK0  0005B
start                      init         00070
start_initialization       cinit        00072
updateDispVal@dig_0_on     cstackBANK0  00055
updateDispVal@dig_1_on     cstackBANK0  00057
updateDispVal@dig_2_on     cstackBANK0  00058
updateDispVal@dig_3_on     cstackBANK0  00056
updateDispVal@newDP        cstackBANK0  00053
updateDispVal@newVal       cstackBANK0  00051
updateDispVal@tmpVal       cstackBANK0  00059
updateDispValHex@dig_0_on  cstackBANK0  0004E
updateDispValHex@dig_1_on  cstackBANK0  00050
updateDispValHex@dig_2_on  cstackBANK0  00051
updateDispValHex@dig_3_on  cstackBANK0  0004F
updateDispValHex@newDP     cstackBANK0  0004B
updateDispValHex@newVal    cstackBANK0  00049
updateDispValHex@tmpVal    cstackBANK0  00052
wtemp0                     (abs)        0007E


FUNCTION INFORMATION:

 *************** function _main *****************
 Defined at:
		line 10 in file "/home/dev-user/Projects/Personal/PIC/StepperSystem_v1.X/main.c"
 Parameters:    Size  Location     Type
		None
 Auto vars:     Size  Location     Type
  switch_stepp    1   30[BANK0 ] _Bool 
 Return value:  Size  Location     Type
                  1    wreg      void 
 Registers used:
		wreg, fsr0l, fsr0h, fsr1l, fsr1h, status,2, status,0, pclath, cstack
 Tracked objects:
		On entry : 
		On exit  : 
		Unchanged: 
 Data sizes:     COMMON   BANK0   BANK1   BANK2   BANK3   BANK4   BANK5   BANK6   BANK7   BANK8   BANK9  BANK10  BANK11  BANK12
      Params:         0       0       0       0       0       0       0       0       0       0       0       0       0       0
      Locals:         0       1       0       0       0       0       0       0       0       0       0       0       0       0
      Temps:          0       1       0       0       0       0       0       0       0       0       0       0       0       0
      Totals:         0       2       0       0       0       0       0       0       0       0       0       0       0       0
Total ram usage:        2 bytes
 Hardware stack levels required when called:    7
 This function calls:
		_SetupClk
		_SysInit
		_stepMotor0
		_stepMotor1
		_stepMotor2
		_updateDispValHex
 This function is called by:
		Startup code after reset
 This function uses a non-reentrant model


 *************** function _updateDispValHex *****************
 Defined at:
		line 112 in file "/home/dev-user/Projects/Personal/PIC/LibOutputDevices.X/disp_7seg4dig.c"
 Parameters:    Size  Location     Type
  newVal          2    0[BANK0 ] unsigned short 
  newDP           1    2[BANK0 ] unsigned char 
 Auto vars:     Size  Location     Type
  tmpVal          2    9[BANK0 ] unsigned short 
  dig_2_on        1    8[BANK0 ] _Bool 
  dig_1_on        1    7[BANK0 ] _Bool 
  dig_3_on        1    6[BANK0 ] _Bool 
  dig_0_on        1    5[BANK0 ] _Bool 
 Return value:  Size  Location     Type
                  1    wreg      enum E12715
 Registers used:
		wreg, fsr1l, fsr1h, status,2, status,0
 Tracked objects:
		On entry : 
		On exit  : 
		Unchanged: 
 Data sizes:     COMMON   BANK0   BANK1   BANK2   BANK3   BANK4   BANK5   BANK6   BANK7   BANK8   BANK9  BANK10  BANK11  BANK12
      Params:         0       3       0       0       0       0       0       0       0       0       0       0       0       0
      Locals:         0       6       0       0       0       0       0       0       0       0       0       0       0       0
      Temps:          0       2       0       0       0       0       0       0       0       0       0       0       0       0
      Totals:         0      11       0       0       0       0       0       0       0       0       0       0       0       0
Total ram usage:       11 bytes
 Hardware stack levels used:    1
 Hardware stack levels required when called:    2
 This function calls:
		Nothing
 This function is called by:
		_main
 This function uses a non-reentrant model


 *************** function _stepMotor2 *****************
 Defined at:
		line 386 in file "/home/dev-user/Projects/Personal/PIC/LibOutputDevices.X/stepper.c"
 Parameters:    Size  Location     Type
		None
 Auto vars:     Size  Location     Type
		None
 Return value:  Size  Location     Type
                  1    wreg      enum E12715
 Registers used:
		wreg, fsr0l, fsr0h, status,2, status,0, pclath, cstack
 Tracked objects:
		On entry : 
		On exit  : 
		Unchanged: 
 Data sizes:     COMMON   BANK0   BANK1   BANK2   BANK3   BANK4   BANK5   BANK6   BANK7   BANK8   BANK9  BANK10  BANK11  BANK12
      Params:         0       0       0       0       0       0       0       0       0       0       0       0       0       0
      Locals:         0       0       0       0       0       0       0       0       0       0       0       0       0       0
      Temps:          0       0       0       0       0       0       0       0       0       0       0       0       0       0
      Totals:         0       0       0       0       0       0       0       0       0       0       0       0       0       0
Total ram usage:        0 bytes
 Hardware stack levels used:    1
 Hardware stack levels required when called:    6
 This function calls:
		_stepMotorSM2
 This function is called by:
		_main
 This function uses a non-reentrant model


 *************** function _stepMotorSM2 *****************
 Defined at:
		line 301 in file "/home/dev-user/Projects/Personal/PIC/LibOutputDevices.X/stepper.c"
 Parameters:    Size  Location     Type
		None
 Auto vars:     Size  Location     Type
		None
 Return value:  Size  Location     Type
                  1    wreg      enum E12715
 Registers used:
		wreg, fsr0l, fsr0h, status,2, status,0, pclath, cstack
 Tracked objects:
		On entry : 
		On exit  : 
		Unchanged: 
 Data sizes:     COMMON   BANK0   BANK1   BANK2   BANK3   BANK4   BANK5   BANK6   BANK7   BANK8   BANK9  BANK10  BANK11  BANK12
      Params:         0       0       0       0       0       0       0       0       0       0       0       0       0       0
      Locals:         0       0       0       0       0       0       0       0       0       0       0       0       0       0
      Temps:          0       2       0       0       0       0       0       0       0       0       0       0       0       0
      Totals:         0       2       0       0       0       0       0       0       0       0       0       0       0       0
Total ram usage:        2 bytes
 Hardware stack levels used:    1
 Hardware stack levels required when called:    5
 This function calls:
		_updateStepState2
 This function is called by:
		_stepMotor2
 This function uses a non-reentrant model


 *************** function _updateStepState2 *****************
 Defined at:
		line 364 in file "/home/dev-user/Projects/Personal/PIC/LibOutputDevices.X/stepper.c"
 Parameters:    Size  Location     Type
		None
 Auto vars:     Size  Location     Type
		None
 Return value:  Size  Location     Type
                  1    wreg      enum E12715
 Registers used:
		wreg, status,2, status,0, pclath, cstack
 Tracked objects:
		On entry : 
		On exit  : 
		Unchanged: 
 Data sizes:     COMMON   BANK0   BANK1   BANK2   BANK3   BANK4   BANK5   BANK6   BANK7   BANK8   BANK9  BANK10  BANK11  BANK12
      Params:         0       0       0       0       0       0       0       0       0       0       0       0       0       0
      Locals:         0       0       0       0       0       0       0       0       0       0       0       0       0       0
      Temps:          0       1       0       0       0       0       0       0       0       0       0       0       0       0
      Totals:         0       1       0       0       0       0       0       0       0       0       0       0       0       0
Total ram usage:        1 bytes
 Hardware stack levels used:    1
 Hardware stack levels required when called:    4
 This function calls:
		_Tmr5Enable
		_Tmr5Setup
 This function is called by:
		_stepMotorSM2
 This function uses a non-reentrant model


 *************** function _Tmr5Setup *****************
 Defined at:
		line 141 in file "/home/dev-user/Projects/Personal/PIC/LibPeripherals.X/timers.c"
 Parameters:    Size  Location     Type
  tmr_freq        2   14[BANK0 ] unsigned short 
  use_int         1   16[BANK0 ] _Bool 
 Auto vars:     Size  Location     Type
  regVal          4   22[BANK0 ] unsigned long 
  prescalarVal    1   21[BANK0 ] unsigned char 
 Return value:  Size  Location     Type
                  1    wreg      enum E12715
 Registers used:
		wreg, status,2, status,0, pclath, cstack
 Tracked objects:
		On entry : 
		On exit  : 
		Unchanged: 
 Data sizes:     COMMON   BANK0   BANK1   BANK2   BANK3   BANK4   BANK5   BANK6   BANK7   BANK8   BANK9  BANK10  BANK11  BANK12
      Params:         0       3       0       0       0       0       0       0       0       0       0       0       0       0
      Locals:         0       5       0       0       0       0       0       0       0       0       0       0       0       0
      Temps:          0       4       0       0       0       0       0       0       0       0       0       0       0       0
      Totals:         0      12       0       0       0       0       0       0       0       0       0       0       0       0
Total ram usage:       12 bytes
 Hardware stack levels used:    1
 Hardware stack levels required when called:    3
 This function calls:
		_Tmr5Disable
		___lldiv
 This function is called by:
		_updateStepState2
 This function uses a non-reentrant model


 *************** function _Tmr5Disable *****************
 Defined at:
		line 180 in file "/home/dev-user/Projects/Personal/PIC/LibPeripherals.X/timers.c"
 Parameters:    Size  Location     Type
		None
 Auto vars:     Size  Location     Type
		None
 Return value:  Size  Location     Type
                  1    wreg      void 
 Registers used:
		None
 Tracked objects:
		On entry : 
		On exit  : 
		Unchanged: 
 Data sizes:     COMMON   BANK0   BANK1   BANK2   BANK3   BANK4   BANK5   BANK6   BANK7   BANK8   BANK9  BANK10  BANK11  BANK12
      Params:         0       0       0       0       0       0       0       0       0       0       0       0       0       0
      Locals:         0       0       0       0       0       0       0       0       0       0       0       0       0       0
      Temps:          0       0       0       0       0       0       0       0       0       0       0       0       0       0
      Totals:         0       0       0       0       0       0       0       0       0       0       0       0       0       0
Total ram usage:        0 bytes
 Hardware stack levels used:    1
 Hardware stack levels required when called:    2
 This function calls:
		Nothing
 This function is called by:
		_Tmr5Setup
 This function uses a non-reentrant model


 *************** function _Tmr5Enable *****************
 Defined at:
		line 175 in file "/home/dev-user/Projects/Personal/PIC/LibPeripherals.X/timers.c"
 Parameters:    Size  Location     Type
		None
 Auto vars:     Size  Location     Type
		None
 Return value:  Size  Location     Type
                  1    wreg      void 
 Registers used:
		None
 Tracked objects:
		On entry : 
		On exit  : 
		Unchanged: 
 Data sizes:     COMMON   BANK0   BANK1   BANK2   BANK3   BANK4   BANK5   BANK6   BANK7   BANK8   BANK9  BANK10  BANK11  BANK12
      Params:         0       0       0       0       0       0       0       0       0       0       0       0       0       0
      Locals:         0       0       0       0       0       0       0       0       0       0       0       0       0       0
      Temps:          0       0       0       0       0       0       0       0       0       0       0       0       0       0
      Totals:         0       0       0       0       0       0       0       0       0       0       0       0       0       0
Total ram usage:        0 bytes
 Hardware stack levels used:    1
 Hardware stack levels required when called:    2
 This function calls:
		Nothing
 This function is called by:
		_updateStepState2
 This function uses a non-reentrant model


 *************** function _stepMotor1 *****************
 Defined at:
		line 248 in file "/home/dev-user/Projects/Personal/PIC/LibOutputDevices.X/stepper.c"
 Parameters:    Size  Location     Type
		None
 Auto vars:     Size  Location     Type
		None
 Return value:  Size  Location     Type
                  1    wreg      enum E12715
 Registers used:
		wreg, fsr0l, fsr0h, status,2, status,0, pclath, cstack
 Tracked objects:
		On entry : 
		On exit  : 
		Unchanged: 
 Data sizes:     COMMON   BANK0   BANK1   BANK2   BANK3   BANK4   BANK5   BANK6   BANK7   BANK8   BANK9  BANK10  BANK11  BANK12
      Params:         0       0       0       0       0       0       0       0       0       0       0       0       0       0
      Locals:         0       0       0       0       0       0       0       0       0       0       0       0       0       0
      Temps:          0       0       0       0       0       0       0       0       0       0       0       0       0       0
      Totals:         0       0       0       0       0       0       0       0       0       0       0       0       0       0
Total ram usage:        0 bytes
 Hardware stack levels used:    1
 Hardware stack levels required when called:    6
 This function calls:
		_stepMotorSM1
 This function is called by:
		_main
 This function uses a non-reentrant model


 *************** function _stepMotorSM1 *****************
 Defined at:
		line 163 in file "/home/dev-user/Projects/Personal/PIC/LibOutputDevices.X/stepper.c"
 Parameters:    Size  Location     Type
		None
 Auto vars:     Size  Location     Type
		None
 Return value:  Size  Location     Type
                  1    wreg      enum E12715
 Registers used:
		wreg, fsr0l, fsr0h, status,2, status,0, pclath, cstack
 Tracked objects:
		On entry : 
		On exit  : 
		Unchanged: 
 Data sizes:     COMMON   BANK0   BANK1   BANK2   BANK3   BANK4   BANK5   BANK6   BANK7   BANK8   BANK9  BANK10  BANK11  BANK12
      Params:         0       0       0       0       0       0       0       0       0       0       0       0       0       0
      Locals:         0       0       0       0       0       0       0       0       0       0       0       0       0       0
      Temps:          0       2       0       0       0       0       0       0       0       0       0       0       0       0
      Totals:         0       2       0       0       0       0       0       0       0       0       0       0       0       0
Total ram usage:        2 bytes
 Hardware stack levels used:    1
 Hardware stack levels required when called:    5
 This function calls:
		_updateStepState1
 This function is called by:
		_stepMotor1
 This function uses a non-reentrant model


 *************** function _updateStepState1 *****************
 Defined at:
		line 226 in file "/home/dev-user/Projects/Personal/PIC/LibOutputDevices.X/stepper.c"
 Parameters:    Size  Location     Type
		None
 Auto vars:     Size  Location     Type
		None
 Return value:  Size  Location     Type
                  1    wreg      enum E12715
 Registers used:
		wreg, status,2, status,0, pclath, cstack
 Tracked objects:
		On entry : 
		On exit  : 
		Unchanged: 
 Data sizes:     COMMON   BANK0   BANK1   BANK2   BANK3   BANK4   BANK5   BANK6   BANK7   BANK8   BANK9  BANK10  BANK11  BANK12
      Params:         0       0       0       0       0       0       0       0       0       0       0       0       0       0
      Locals:         0       0       0       0       0       0       0       0       0       0       0       0       0       0
      Temps:          0       1       0       0       0       0       0       0       0       0       0       0       0       0
      Totals:         0       1       0       0       0       0       0       0       0       0       0       0       0       0
Total ram usage:        1 bytes
 Hardware stack levels used:    1
 Hardware stack levels required when called:    4
 This function calls:
		_Tmr3Enable
		_Tmr3Setup
 This function is called by:
		_stepMotorSM1
 This function uses a non-reentrant model


 *************** function _Tmr3Setup *****************
 Defined at:
		line 95 in file "/home/dev-user/Projects/Personal/PIC/LibPeripherals.X/timers.c"
 Parameters:    Size  Location     Type
  tmr_freq        2   14[BANK0 ] unsigned short 
  use_int         1   16[BANK0 ] _Bool 
 Auto vars:     Size  Location     Type
  regVal          4   22[BANK0 ] unsigned long 
  prescalarVal    1   21[BANK0 ] unsigned char 
 Return value:  Size  Location     Type
                  1    wreg      enum E12715
 Registers used:
		wreg, status,2, status,0, pclath, cstack
 Tracked objects:
		On entry : 
		On exit  : 
		Unchanged: 
 Data sizes:     COMMON   BANK0   BANK1   BANK2   BANK3   BANK4   BANK5   BANK6   BANK7   BANK8   BANK9  BANK10  BANK11  BANK12
      Params:         0       3       0       0       0       0       0       0       0       0       0       0       0       0
      Locals:         0       5       0       0       0       0       0       0       0       0       0       0       0       0
      Temps:          0       4       0       0       0       0       0       0       0       0       0       0       0       0
      Totals:         0      12       0       0       0       0       0       0       0       0       0       0       0       0
Total ram usage:       12 bytes
 Hardware stack levels used:    1
 Hardware stack levels required when called:    3
 This function calls:
		_Tmr3Disable
		___lldiv
 This function is called by:
		_updateStepState1
 This function uses a non-reentrant model


 *************** function _Tmr3Disable *****************
 Defined at:
		line 134 in file "/home/dev-user/Projects/Personal/PIC/LibPeripherals.X/timers.c"
 Parameters:    Size  Location     Type
		None
 Auto vars:     Size  Location     Type
		None
 Return value:  Size  Location     Type
                  1    wreg      void 
 Registers used:
		None
 Tracked objects:
		On entry : 
		On exit  : 
		Unchanged: 
 Data sizes:     COMMON   BANK0   BANK1   BANK2   BANK3   BANK4   BANK5   BANK6   BANK7   BANK8   BANK9  BANK10  BANK11  BANK12
      Params:         0       0       0       0       0       0       0       0       0       0       0       0       0       0
      Locals:         0       0       0       0       0       0       0       0       0       0       0       0       0       0
      Temps:          0       0       0       0       0       0       0       0       0       0       0       0       0       0
      Totals:         0       0       0       0       0       0       0       0       0       0       0       0       0       0
Total ram usage:        0 bytes
 Hardware stack levels used:    1
 Hardware stack levels required when called:    2
 This function calls:
		Nothing
 This function is called by:
		_Tmr3Setup
 This function uses a non-reentrant model


 *************** function _Tmr3Enable *****************
 Defined at:
		line 129 in file "/home/dev-user/Projects/Personal/PIC/LibPeripherals.X/timers.c"
 Parameters:    Size  Location     Type
		None
 Auto vars:     Size  Location     Type
		None
 Return value:  Size  Location     Type
                  1    wreg      void 
 Registers used:
		None
 Tracked objects:
		On entry : 
		On exit  : 
		Unchanged: 
 Data sizes:     COMMON   BANK0   BANK1   BANK2   BANK3   BANK4   BANK5   BANK6   BANK7   BANK8   BANK9  BANK10  BANK11  BANK12
      Params:         0       0       0       0       0       0       0       0       0       0       0       0       0       0
      Locals:         0       0       0       0       0       0       0       0       0       0       0       0       0       0
      Temps:          0       0       0       0       0       0       0       0       0       0       0       0       0       0
      Totals:         0       0       0       0       0       0       0       0       0       0       0       0       0       0
Total ram usage:        0 bytes
 Hardware stack levels used:    1
 Hardware stack levels required when called:    2
 This function calls:
		Nothing
 This function is called by:
		_updateStepState1
 This function uses a non-reentrant model


 *************** function _stepMotor0 *****************
 Defined at:
		line 110 in file "/home/dev-user/Projects/Personal/PIC/LibOutputDevices.X/stepper.c"
 Parameters:    Size  Location     Type
		None
 Auto vars:     Size  Location     Type
		None
 Return value:  Size  Location     Type
                  1    wreg      enum E12715
 Registers used:
		wreg, fsr0l, fsr0h, status,2, status,0, pclath, cstack
 Tracked objects:
		On entry : 
		On exit  : 
		Unchanged: 
 Data sizes:     COMMON   BANK0   BANK1   BANK2   BANK3   BANK4   BANK5   BANK6   BANK7   BANK8   BANK9  BANK10  BANK11  BANK12
      Params:         0       0       0       0       0       0       0       0       0       0       0       0       0       0
      Locals:         0       0       0       0       0       0       0       0       0       0       0       0       0       0
      Temps:          0       0       0       0       0       0       0       0       0       0       0       0       0       0
      Totals:         0       0       0       0       0       0       0       0       0       0       0       0       0       0
Total ram usage:        0 bytes
 Hardware stack levels used:    1
 Hardware stack levels required when called:    6
 This function calls:
		_stepMotorSM0
 This function is called by:
		_main
 This function uses a non-reentrant model


 *************** function _stepMotorSM0 *****************
 Defined at:
		line 25 in file "/home/dev-user/Projects/Personal/PIC/LibOutputDevices.X/stepper.c"
 Parameters:    Size  Location     Type
		None
 Auto vars:     Size  Location     Type
		None
 Return value:  Size  Location     Type
                  1    wreg      enum E12715
 Registers used:
		wreg, fsr0l, fsr0h, status,2, status,0, pclath, cstack
 Tracked objects:
		On entry : 
		On exit  : 
		Unchanged: 
 Data sizes:     COMMON   BANK0   BANK1   BANK2   BANK3   BANK4   BANK5   BANK6   BANK7   BANK8   BANK9  BANK10  BANK11  BANK12
      Params:         0       0       0       0       0       0       0       0       0       0       0       0       0       0
      Locals:         0       0       0       0       0       0       0       0       0       0       0       0       0       0
      Temps:          0       2       0       0       0       0       0       0       0       0       0       0       0       0
      Totals:         0       2       0       0       0       0       0       0       0       0       0       0       0       0
Total ram usage:        2 bytes
 Hardware stack levels used:    1
 Hardware stack levels required when called:    5
 This function calls:
		_updateStepState0
 This function is called by:
		_stepMotor0
 This function uses a non-reentrant model


 *************** function _updateStepState0 *****************
 Defined at:
		line 88 in file "/home/dev-user/Projects/Personal/PIC/LibOutputDevices.X/stepper.c"
 Parameters:    Size  Location     Type
		None
 Auto vars:     Size  Location     Type
		None
 Return value:  Size  Location     Type
                  1    wreg      enum E12715
 Registers used:
		wreg, status,2, status,0, pclath, cstack
 Tracked objects:
		On entry : 
		On exit  : 
		Unchanged: 
 Data sizes:     COMMON   BANK0   BANK1   BANK2   BANK3   BANK4   BANK5   BANK6   BANK7   BANK8   BANK9  BANK10  BANK11  BANK12
      Params:         0       0       0       0       0       0       0       0       0       0       0       0       0       0
      Locals:         0       0       0       0       0       0       0       0       0       0       0       0       0       0
      Temps:          0       1       0       0       0       0       0       0       0       0       0       0       0       0
      Totals:         0       1       0       0       0       0       0       0       0       0       0       0       0       0
Total ram usage:        1 bytes
 Hardware stack levels used:    1
 Hardware stack levels required when called:    4
 This function calls:
		_Tmr1Enable
		_Tmr1Setup
 This function is called by:
		_stepMotorSM0
 This function uses a non-reentrant model


 *************** function _Tmr1Setup *****************
 Defined at:
		line 49 in file "/home/dev-user/Projects/Personal/PIC/LibPeripherals.X/timers.c"
 Parameters:    Size  Location     Type
  tmr_freq        2   14[BANK0 ] unsigned short 
  use_int         1   16[BANK0 ] _Bool 
 Auto vars:     Size  Location     Type
  regVal          4   22[BANK0 ] unsigned long 
  prescalarVal    1   21[BANK0 ] unsigned char 
 Return value:  Size  Location     Type
                  1    wreg      enum E12715
 Registers used:
		wreg, status,2, status,0, pclath, cstack
 Tracked objects:
		On entry : 
		On exit  : 
		Unchanged: 
 Data sizes:     COMMON   BANK0   BANK1   BANK2   BANK3   BANK4   BANK5   BANK6   BANK7   BANK8   BANK9  BANK10  BANK11  BANK12
      Params:         0       3       0       0       0       0       0       0       0       0       0       0       0       0
      Locals:         0       5       0       0       0       0       0       0       0       0       0       0       0       0
      Temps:          0       4       0       0       0       0       0       0       0       0       0       0       0       0
      Totals:         0      12       0       0       0       0       0       0       0       0       0       0       0       0
Total ram usage:       12 bytes
 Hardware stack levels used:    1
 Hardware stack levels required when called:    3
 This function calls:
		_Tmr1Disable
		___lldiv
 This function is called by:
		_updateStepState0
 This function uses a non-reentrant model


 *************** function _Tmr1Disable *****************
 Defined at:
		line 88 in file "/home/dev-user/Projects/Personal/PIC/LibPeripherals.X/timers.c"
 Parameters:    Size  Location     Type
		None
 Auto vars:     Size  Location     Type
		None
 Return value:  Size  Location     Type
                  1    wreg      void 
 Registers used:
		None
 Tracked objects:
		On entry : 
		On exit  : 
		Unchanged: 
 Data sizes:     COMMON   BANK0   BANK1   BANK2   BANK3   BANK4   BANK5   BANK6   BANK7   BANK8   BANK9  BANK10  BANK11  BANK12
      Params:         0       0       0       0       0       0       0       0       0       0       0       0       0       0
      Locals:         0       0       0       0       0       0       0       0       0       0       0       0       0       0
      Temps:          0       0       0       0       0       0       0       0       0       0       0       0       0       0
      Totals:         0       0       0       0       0       0       0       0       0       0       0       0       0       0
Total ram usage:        0 bytes
 Hardware stack levels used:    1
 Hardware stack levels required when called:    2
 This function calls:
		Nothing
 This function is called by:
		_Tmr1Setup
 This function uses a non-reentrant model


 *************** function _Tmr1Enable *****************
 Defined at:
		line 83 in file "/home/dev-user/Projects/Personal/PIC/LibPeripherals.X/timers.c"
 Parameters:    Size  Location     Type
		None
 Auto vars:     Size  Location     Type
		None
 Return value:  Size  Location     Type
                  1    wreg      void 
 Registers used:
		None
 Tracked objects:
		On entry : 
		On exit  : 
		Unchanged: 
 Data sizes:     COMMON   BANK0   BANK1   BANK2   BANK3   BANK4   BANK5   BANK6   BANK7   BANK8   BANK9  BANK10  BANK11  BANK12
      Params:         0       0       0       0       0       0       0       0       0       0       0       0       0       0
      Locals:         0       0       0       0       0       0       0       0       0       0       0       0       0       0
      Temps:          0       0       0       0       0       0       0       0       0       0       0       0       0       0
      Totals:         0       0       0       0       0       0       0       0       0       0       0       0       0       0
Total ram usage:        0 bytes
 Hardware stack levels used:    1
 Hardware stack levels required when called:    2
 This function calls:
		Nothing
 This function is called by:
		_updateStepState0
 This function uses a non-reentrant model


 *************** function _SysInit *****************
 Defined at:
		line 12 in file "/home/dev-user/Projects/Personal/PIC/StepperSystem_v1.X/System.c"
 Parameters:    Size  Location     Type
		None
 Auto vars:     Size  Location     Type
		None
 Return value:  Size  Location     Type
                  1    wreg      enum E12715
 Registers used:
		wreg, fsr1l, fsr1h, status,2, status,0, pclath, cstack
 Tracked objects:
		On entry : 
		On exit  : 
		Unchanged: 
 Data sizes:     COMMON   BANK0   BANK1   BANK2   BANK3   BANK4   BANK5   BANK6   BANK7   BANK8   BANK9  BANK10  BANK11  BANK12
      Params:         0       0       0       0       0       0       0       0       0       0       0       0       0       0
      Locals:         0       0       0       0       0       0       0       0       0       0       0       0       0       0
      Temps:          0       0       0       0       0       0       0       0       0       0       0       0       0       0
      Totals:         0       0       0       0       0       0       0       0       0       0       0       0       0       0
Total ram usage:        0 bytes
 Hardware stack levels used:    1
 Hardware stack levels required when called:    5
 This function calls:
		_Tmr4Enable
		_Tmr4Setup
		_make_all_digital
		_setupDisp
		_setupStepper0
		_setupStepper1
		_setupStepper2
 This function is called by:
		_main
 This function uses a non-reentrant model


 *************** function _setupStepper2 *****************
 Defined at:
		line 280 in file "/home/dev-user/Projects/Personal/PIC/LibOutputDevices.X/stepper.c"
 Parameters:    Size  Location     Type
		None
 Auto vars:     Size  Location     Type
		None
 Return value:  Size  Location     Type
                  1    wreg      enum E12715
 Registers used:
		wreg, status,2
 Tracked objects:
		On entry : 
		On exit  : 
		Unchanged: 
 Data sizes:     COMMON   BANK0   BANK1   BANK2   BANK3   BANK4   BANK5   BANK6   BANK7   BANK8   BANK9  BANK10  BANK11  BANK12
      Params:         0       0       0       0       0       0       0       0       0       0       0       0       0       0
      Locals:         0       0       0       0       0       0       0       0       0       0       0       0       0       0
      Temps:          0       0       0       0       0       0       0       0       0       0       0       0       0       0
      Totals:         0       0       0       0       0       0       0       0       0       0       0       0       0       0
Total ram usage:        0 bytes
 Hardware stack levels used:    1
 Hardware stack levels required when called:    2
 This function calls:
		Nothing
 This function is called by:
		_SysInit
 This function uses a non-reentrant model


 *************** function _setupStepper1 *****************
 Defined at:
		line 142 in file "/home/dev-user/Projects/Personal/PIC/LibOutputDevices.X/stepper.c"
 Parameters:    Size  Location     Type
		None
 Auto vars:     Size  Location     Type
		None
 Return value:  Size  Location     Type
                  1    wreg      enum E12715
 Registers used:
		wreg, status,2
 Tracked objects:
		On entry : 
		On exit  : 
		Unchanged: 
 Data sizes:     COMMON   BANK0   BANK1   BANK2   BANK3   BANK4   BANK5   BANK6   BANK7   BANK8   BANK9  BANK10  BANK11  BANK12
      Params:         0       0       0       0       0       0       0       0       0       0       0       0       0       0
      Locals:         0       0       0       0       0       0       0       0       0       0       0       0       0       0
      Temps:          0       0       0       0       0       0       0       0       0       0       0       0       0       0
      Totals:         0       0       0       0       0       0       0       0       0       0       0       0       0       0
Total ram usage:        0 bytes
 Hardware stack levels used:    1
 Hardware stack levels required when called:    2
 This function calls:
		Nothing
 This function is called by:
		_SysInit
 This function uses a non-reentrant model


 *************** function _setupStepper0 *****************
 Defined at:
		line 4 in file "/home/dev-user/Projects/Personal/PIC/LibOutputDevices.X/stepper.c"
 Parameters:    Size  Location     Type
		None
 Auto vars:     Size  Location     Type
		None
 Return value:  Size  Location     Type
                  1    wreg      enum E12715
 Registers used:
		wreg, status,2
 Tracked objects:
		On entry : 
		On exit  : 
		Unchanged: 
 Data sizes:     COMMON   BANK0   BANK1   BANK2   BANK3   BANK4   BANK5   BANK6   BANK7   BANK8   BANK9  BANK10  BANK11  BANK12
      Params:         0       0       0       0       0       0       0       0       0       0       0       0       0       0
      Locals:         0       0       0       0       0       0       0       0       0       0       0       0       0       0
      Temps:          0       0       0       0       0       0       0       0       0       0       0       0       0       0
      Totals:         0       0       0       0       0       0       0       0       0       0       0       0       0       0
Total ram usage:        0 bytes
 Hardware stack levels used:    1
 Hardware stack levels required when called:    2
 This function calls:
		Nothing
 This function is called by:
		_SysInit
 This function uses a non-reentrant model


 *************** function _setupDisp *****************
 Defined at:
		line 4 in file "/home/dev-user/Projects/Personal/PIC/LibOutputDevices.X/disp_7seg4dig.c"
 Parameters:    Size  Location     Type
  initVal         2   18[BANK0 ] unsigned short 
 Auto vars:     Size  Location     Type
		None
 Return value:  Size  Location     Type
                  1    wreg      enum E12715
 Registers used:
		wreg, fsr1l, fsr1h, status,2, status,0, pclath, cstack
 Tracked objects:
		On entry : 
		On exit  : 
		Unchanged: 
 Data sizes:     COMMON   BANK0   BANK1   BANK2   BANK3   BANK4   BANK5   BANK6   BANK7   BANK8   BANK9  BANK10  BANK11  BANK12
      Params:         0       2       0       0       0       0       0       0       0       0       0       0       0       0
      Locals:         0       0       0       0       0       0       0       0       0       0       0       0       0       0
      Temps:          0       1       0       0       0       0       0       0       0       0       0       0       0       0
      Totals:         0       3       0       0       0       0       0       0       0       0       0       0       0       0
Total ram usage:        3 bytes
 Hardware stack levels used:    1
 Hardware stack levels required when called:    4
 This function calls:
		_updateDispVal
 This function is called by:
		_SysInit
 This function uses a non-reentrant model


 *************** function _updateDispVal *****************
 Defined at:
		line 30 in file "/home/dev-user/Projects/Personal/PIC/LibOutputDevices.X/disp_7seg4dig.c"
 Parameters:    Size  Location     Type
  newVal          2    8[BANK0 ] unsigned short 
  newDP           1   10[BANK0 ] unsigned char 
 Auto vars:     Size  Location     Type
  tmpVal          2   16[BANK0 ] unsigned short 
  dig_2_on        1   15[BANK0 ] _Bool 
  dig_1_on        1   14[BANK0 ] _Bool 
  dig_3_on        1   13[BANK0 ] _Bool 
  dig_0_on        1   12[BANK0 ] _Bool 
 Return value:  Size  Location     Type
                  1    wreg      enum E12715
 Registers used:
		wreg, fsr1l, fsr1h, status,2, status,0, pclath, cstack
 Tracked objects:
		On entry : 
		On exit  : 
		Unchanged: 
 Data sizes:     COMMON   BANK0   BANK1   BANK2   BANK3   BANK4   BANK5   BANK6   BANK7   BANK8   BANK9  BANK10  BANK11  BANK12
      Params:         0       3       0       0       0       0       0       0       0       0       0       0       0       0
      Locals:         0       6       0       0       0       0       0       0       0       0       0       0       0       0
      Temps:          0       1       0       0       0       0       0       0       0       0       0       0       0       0
      Totals:         0      10       0       0       0       0       0       0       0       0       0       0       0       0
Total ram usage:       10 bytes
 Hardware stack levels used:    1
 Hardware stack levels required when called:    3
 This function calls:
		___lwdiv
		___lwmod
 This function is called by:
		_setupDisp
 This function uses a non-reentrant model


 *************** function ___lwmod *****************
 Defined at:
		line 5 in file "/opt/microchip/xc8/v2.30/pic/sources/c99/common/lwmod.c"
 Parameters:    Size  Location     Type
  divisor         2    0[BANK0 ] unsigned int 
  dividend        2    2[BANK0 ] unsigned int 
 Auto vars:     Size  Location     Type
  counter         1    5[BANK0 ] unsigned char 
 Return value:  Size  Location     Type
                  2    0[BANK0 ] unsigned int 
 Registers used:
		wreg, status,2, status,0
 Tracked objects:
		On entry : 
		On exit  : 
		Unchanged: 
 Data sizes:     COMMON   BANK0   BANK1   BANK2   BANK3   BANK4   BANK5   BANK6   BANK7   BANK8   BANK9  BANK10  BANK11  BANK12
      Params:         0       4       0       0       0       0       0       0       0       0       0       0       0       0
      Locals:         0       1       0       0       0       0       0       0       0       0       0       0       0       0
      Temps:          0       1       0       0       0       0       0       0       0       0       0       0       0       0
      Totals:         0       6       0       0       0       0       0       0       0       0       0       0       0       0
Total ram usage:        6 bytes
 Hardware stack levels used:    1
 Hardware stack levels required when called:    2
 This function calls:
		Nothing
 This function is called by:
		_updateDispVal
 This function uses a non-reentrant model


 *************** function ___lwdiv *****************
 Defined at:
		line 5 in file "/opt/microchip/xc8/v2.30/pic/sources/c99/common/lwdiv.c"
 Parameters:    Size  Location     Type
  divisor         2    0[BANK0 ] unsigned int 
  dividend        2    2[BANK0 ] unsigned int 
 Auto vars:     Size  Location     Type
  quotient        2    5[BANK0 ] unsigned int 
  counter         1    7[BANK0 ] unsigned char 
 Return value:  Size  Location     Type
                  2    0[BANK0 ] unsigned int 
 Registers used:
		wreg, status,2, status,0
 Tracked objects:
		On entry : 
		On exit  : 
		Unchanged: 
 Data sizes:     COMMON   BANK0   BANK1   BANK2   BANK3   BANK4   BANK5   BANK6   BANK7   BANK8   BANK9  BANK10  BANK11  BANK12
      Params:         0       4       0       0       0       0       0       0       0       0       0       0       0       0
      Locals:         0       3       0       0       0       0       0       0       0       0       0       0       0       0
      Temps:          0       1       0       0       0       0       0       0       0       0       0       0       0       0
      Totals:         0       8       0       0       0       0       0       0       0       0       0       0       0       0
Total ram usage:        8 bytes
 Hardware stack levels used:    1
 Hardware stack levels required when called:    2
 This function calls:
		Nothing
 This function is called by:
		_updateDispVal
 This function uses a non-reentrant model


 *************** function _make_all_digital *****************
 Defined at:
		line 51 in file "/home/dev-user/Projects/Personal/PIC/StepperSystem_v1.X/System.c"
 Parameters:    Size  Location     Type
		None
 Auto vars:     Size  Location     Type
		None
 Return value:  Size  Location     Type
                  1    wreg      enum E12715
 Registers used:
		status,2
 Tracked objects:
		On entry : 
		On exit  : 
		Unchanged: 
 Data sizes:     COMMON   BANK0   BANK1   BANK2   BANK3   BANK4   BANK5   BANK6   BANK7   BANK8   BANK9  BANK10  BANK11  BANK12
      Params:         0       0       0       0       0       0       0       0       0       0       0       0       0       0
      Locals:         0       0       0       0       0       0       0       0       0       0       0       0       0       0
      Temps:          0       0       0       0       0       0       0       0       0       0       0       0       0       0
      Totals:         0       0       0       0       0       0       0       0       0       0       0       0       0       0
Total ram usage:        0 bytes
 Hardware stack levels used:    1
 Hardware stack levels required when called:    2
 This function calls:
		Nothing
 This function is called by:
		_SysInit
 This function uses a non-reentrant model


 *************** function _Tmr4Setup *****************
 Defined at:
		line 231 in file "/home/dev-user/Projects/Personal/PIC/LibPeripherals.X/timers.c"
 Parameters:    Size  Location     Type
  tmr_freq        2   14[BANK0 ] unsigned short 
  use_int         1   16[BANK0 ] _Bool 
 Auto vars:     Size  Location     Type
  regVal          4   22[BANK0 ] unsigned long 
  prescalarVal    1   21[BANK0 ] unsigned char 
 Return value:  Size  Location     Type
                  1    wreg      enum E12715
 Registers used:
		wreg, status,2, status,0, pclath, cstack
 Tracked objects:
		On entry : 
		On exit  : 
		Unchanged: 
 Data sizes:     COMMON   BANK0   BANK1   BANK2   BANK3   BANK4   BANK5   BANK6   BANK7   BANK8   BANK9  BANK10  BANK11  BANK12
      Params:         0       3       0       0       0       0       0       0       0       0       0       0       0       0
      Locals:         0       5       0       0       0       0       0       0       0       0       0       0       0       0
      Temps:          0       4       0       0       0       0       0       0       0       0       0       0       0       0
      Totals:         0      12       0       0       0       0       0       0       0       0       0       0       0       0
Total ram usage:       12 bytes
 Hardware stack levels used:    1
 Hardware stack levels required when called:    3
 This function calls:
		_Tmr4Disable
		___lldiv
 This function is called by:
		_SysInit
 This function uses a non-reentrant model


 *************** function ___lldiv *****************
 Defined at:
		line 5 in file "/opt/microchip/xc8/v2.30/pic/sources/c99/common/__lldiv.c"
 Parameters:    Size  Location     Type
  divisor         4    0[BANK0 ] unsigned long 
  dividend        4    4[BANK0 ] unsigned long 
 Auto vars:     Size  Location     Type
  quotient        4    9[BANK0 ] unsigned long 
  counter         1   13[BANK0 ] unsigned char 
 Return value:  Size  Location     Type
                  4    0[BANK0 ] unsigned long 
 Registers used:
		wreg, status,2, status,0
 Tracked objects:
		On entry : 
		On exit  : 
		Unchanged: 
 Data sizes:     COMMON   BANK0   BANK1   BANK2   BANK3   BANK4   BANK5   BANK6   BANK7   BANK8   BANK9  BANK10  BANK11  BANK12
      Params:         0       8       0       0       0       0       0       0       0       0       0       0       0       0
      Locals:         0       5       0       0       0       0       0       0       0       0       0       0       0       0
      Temps:          0       1       0       0       0       0       0       0       0       0       0       0       0       0
      Totals:         0      14       0       0       0       0       0       0       0       0       0       0       0       0
Total ram usage:       14 bytes
 Hardware stack levels used:    1
 Hardware stack levels required when called:    2
 This function calls:
		Nothing
 This function is called by:
		_Tmr1Setup
		_Tmr3Setup
		_Tmr5Setup
		_Tmr4Setup
 This function uses a non-reentrant model


 *************** function _Tmr4Disable *****************
 Defined at:
		line 265 in file "/home/dev-user/Projects/Personal/PIC/LibPeripherals.X/timers.c"
 Parameters:    Size  Location     Type
		None
 Auto vars:     Size  Location     Type
		None
 Return value:  Size  Location     Type
                  1    wreg      void 
 Registers used:
		None
 Tracked objects:
		On entry : 
		On exit  : 
		Unchanged: 
 Data sizes:     COMMON   BANK0   BANK1   BANK2   BANK3   BANK4   BANK5   BANK6   BANK7   BANK8   BANK9  BANK10  BANK11  BANK12
      Params:         0       0       0       0       0       0       0       0       0       0       0       0       0       0
      Locals:         0       0       0       0       0       0       0       0       0       0       0       0       0       0
      Temps:          0       0       0       0       0       0       0       0       0       0       0       0       0       0
      Totals:         0       0       0       0       0       0       0       0       0       0       0       0       0       0
Total ram usage:        0 bytes
 Hardware stack levels used:    1
 Hardware stack levels required when called:    2
 This function calls:
		Nothing
 This function is called by:
		_Tmr4Setup
 This function uses a non-reentrant model


 *************** function _Tmr4Enable *****************
 Defined at:
		line 260 in file "/home/dev-user/Projects/Personal/PIC/LibPeripherals.X/timers.c"
 Parameters:    Size  Location     Type
		None
 Auto vars:     Size  Location     Type
		None
 Return value:  Size  Location     Type
                  1    wreg      void 
 Registers used:
		None
 Tracked objects:
		On entry : 
		On exit  : 
		Unchanged: 
 Data sizes:     COMMON   BANK0   BANK1   BANK2   BANK3   BANK4   BANK5   BANK6   BANK7   BANK8   BANK9  BANK10  BANK11  BANK12
      Params:         0       0       0       0       0       0       0       0       0       0       0       0       0       0
      Locals:         0       0       0       0       0       0       0       0       0       0       0       0       0       0
      Temps:          0       0       0       0       0       0       0       0       0       0       0       0       0       0
      Totals:         0       0       0       0       0       0       0       0       0       0       0       0       0       0
Total ram usage:        0 bytes
 Hardware stack levels used:    1
 Hardware stack levels required when called:    2
 This function calls:
		Nothing
 This function is called by:
		_SysInit
 This function uses a non-reentrant model


 *************** function _SetupClk *****************
 Defined at:
		line 3 in file "/home/dev-user/Projects/Personal/PIC/StepperSystem_v1.X/System.c"
 Parameters:    Size  Location     Type
		None
 Auto vars:     Size  Location     Type
		None
 Return value:  Size  Location     Type
                  1    wreg      void 
 Registers used:
		wreg
 Tracked objects:
		On entry : 
		On exit  : 
		Unchanged: 
 Data sizes:     COMMON   BANK0   BANK1   BANK2   BANK3   BANK4   BANK5   BANK6   BANK7   BANK8   BANK9  BANK10  BANK11  BANK12
      Params:         0       0       0       0       0       0       0       0       0       0       0       0       0       0
      Locals:         0       0       0       0       0       0       0       0       0       0       0       0       0       0
      Temps:          0       0       0       0       0       0       0       0       0       0       0       0       0       0
      Totals:         0       0       0       0       0       0       0       0       0       0       0       0       0       0
Total ram usage:        0 bytes
 Hardware stack levels used:    1
 Hardware stack levels required when called:    2
 This function calls:
		Nothing
 This function is called by:
		_main
 This function uses a non-reentrant model


 *************** function _Isr *****************
 Defined at:
		line 4 in file "/home/dev-user/Projects/Personal/PIC/StepperSystem_v1.X/interrupts.c"
 Parameters:    Size  Location     Type
		None
 Auto vars:     Size  Location     Type
		None
 Return value:  Size  Location     Type
                  1    wreg      void 
 Registers used:
		wreg, fsr1l, fsr1h, status,2, status,0, pclath, cstack
 Tracked objects:
		On entry : 
		On exit  : 
		Unchanged: 
 Data sizes:     COMMON   BANK0   BANK1   BANK2   BANK3   BANK4   BANK5   BANK6   BANK7   BANK8   BANK9  BANK10  BANK11  BANK12
      Params:         0       0       0       0       0       0       0       0       0       0       0       0       0       0
      Locals:         0       0       0       0       0       0       0       0       0       0       0       0       0       0
      Temps:          0       0       0       0       0       0       0       0       0       0       0       0       0       0
      Totals:         0       0       0       0       0       0       0       0       0       0       0       0       0       0
Total ram usage:        0 bytes
 Hardware stack levels used:    1
 Hardware stack levels required when called:    1
 This function calls:
		___llmod
		_updateDisp
 This function is called by:
		Interrupt level 1
 This function uses a non-reentrant model


 *************** function _updateDisp *****************
 Defined at:
		line 191 in file "/home/dev-user/Projects/Personal/PIC/LibOutputDevices.X/disp_7seg4dig.c"
 Parameters:    Size  Location     Type
		None
 Auto vars:     Size  Location     Type
		None
 Return value:  Size  Location     Type
                  1    wreg      enum E12715
 Registers used:
		wreg, fsr1l, fsr1h, status,2, status,0
 Tracked objects:
		On entry : 
		On exit  : 
		Unchanged: 
 Data sizes:     COMMON   BANK0   BANK1   BANK2   BANK3   BANK4   BANK5   BANK6   BANK7   BANK8   BANK9  BANK10  BANK11  BANK12
      Params:         0       0       0       0       0       0       0       0       0       0       0       0       0       0
      Locals:         0       0       0       0       0       0       0       0       0       0       0       0       0       0
      Temps:          2       0       0       0       0       0       0       0       0       0       0       0       0       0
      Totals:         2       0       0       0       0       0       0       0       0       0       0       0       0       0
Total ram usage:        2 bytes
 Hardware stack levels used:    1
 This function calls:
		Nothing
 This function is called by:
		_Isr
 This function uses a non-reentrant model


 *************** function ___llmod *****************
 Defined at:
		line 5 in file "/opt/microchip/xc8/v2.30/pic/sources/c99/common/llmod.c"
 Parameters:    Size  Location     Type
  divisor         4    0[COMMON] unsigned long 
  dividend        4    4[COMMON] unsigned long 
 Auto vars:     Size  Location     Type
  counter         1    9[COMMON] unsigned char 
 Return value:  Size  Location     Type
                  4    0[COMMON] unsigned long 
 Registers used:
		wreg, status,2, status,0
 Tracked objects:
		On entry : 
		On exit  : 
		Unchanged: 
 Data sizes:     COMMON   BANK0   BANK1   BANK2   BANK3   BANK4   BANK5   BANK6   BANK7   BANK8   BANK9  BANK10  BANK11  BANK12
      Params:         8       0       0       0       0       0       0       0       0       0       0       0       0       0
      Locals:         1       0       0       0       0       0       0       0       0       0       0       0       0       0
      Temps:          1       0       0       0       0       0       0       0       0       0       0       0       0       0
      Totals:        10       0       0       0       0       0       0       0       0       0       0       0       0       0
Total ram usage:       10 bytes
 Hardware stack levels used:    1
 This function calls:
		Nothing
 This function is called by:
		_Isr
 This function uses a non-reentrant model



MODULE INFORMATION

Module		Function		Class		Link	Load	Size
/home/dev-user/Projects/Personal/PIC/StepperSystem_v1.X/main.c
		_main          		CODE           	02F7	0000	152

/home/dev-user/Projects/Personal/PIC/StepperSystem_v1.X/main.c estimated size: 152

/opt/microchip/xc8/v2.30/pic/sources/c99/common/lwmod.c
		___lwmod       		CODE           	07C6	0000	53

/opt/microchip/xc8/v2.30/pic/sources/c99/common/lwmod.c estimated size: 53

/opt/microchip/xc8/v2.30/pic/sources/c99/common/__lldiv.c
		___lldiv       		CODE           	0598	0000	91

/opt/microchip/xc8/v2.30/pic/sources/c99/common/__lldiv.c estimated size: 91

/opt/microchip/xc8/v2.30/pic/sources/c99/common/llmod.c
		___llmod       		CODE           	06F8	0000	74

/opt/microchip/xc8/v2.30/pic/sources/c99/common/llmod.c estimated size: 74

/home/dev-user/Projects/Personal/PIC/LibOutputDevices.X/stepper.c
		_stepMotor0    		CODE           	0ECC	0000	27
		_stepMotor1    		CODE           	0EE7	0000	27
		_stepMotor2    		CODE           	0F02	0000	27
		_stepMotorSM0  		CODE           	06A1	0000	87
		_stepMotorSM1  		CODE           	064A	0000	87
		_stepMotorSM2  		CODE           	05F3	0000	87
		_setupStepper0 		CODE           	0E66	0000	25
		_setupStepper1 		CODE           	0E7F	0000	25
		_setupStepper2 		CODE           	0E98	0000	25
		_updateStepState0		CODE           	0FBE	0000	66
		_updateStepState1		CODE           	0784	0000	66
		_updateStepState2		CODE           	0742	0000	66

/home/dev-user/Projects/Personal/PIC/LibOutputDevices.X/stepper.c estimated size: 615

/home/dev-user/Projects/Personal/PIC/StepperSystem_v1.X/System.c
		_SysInit       		CODE           	0F7C	0000	66
		_make_all_digital		CODE           	0E40	0000	7
		_SetupClk      		CODE           	0E47	0000	14

/home/dev-user/Projects/Personal/PIC/StepperSystem_v1.X/System.c estimated size: 87

shared
		__initialization		CODE           	0072	0000	24

shared estimated size: 24

/opt/microchip/xc8/v2.30/pic/sources/c99/common/lwdiv.c
		___lwdiv       		CODE           	0F3F	0000	61

/opt/microchip/xc8/v2.30/pic/sources/c99/common/lwdiv.c estimated size: 61

/home/dev-user/Projects/Personal/PIC/StepperSystem_v1.X/interrupts.c
		_Isr           		CODE           	0004	0000	108

/home/dev-user/Projects/Personal/PIC/StepperSystem_v1.X/interrupts.c estimated size: 108

/home/dev-user/Projects/Personal/PIC/LibOutputDevices.X/disp_7seg4dig.c
		_setupDisp     		CODE           	0EB1	0000	27
		_updateDisp    		CODE           	0F1D	0000	34
		_updateDispVal 		CODE           	008E	0000	323
		_updateDispValHex		CODE           	01D1	0000	294

/home/dev-user/Projects/Personal/PIC/LibOutputDevices.X/disp_7seg4dig.c estimated size: 678

/home/dev-user/Projects/Personal/PIC/LibPeripherals.X/timers.c
		_Tmr3Enable    		CODE           	0E2B	0000	3
		_Tmr4Enable    		CODE           	0E1F	0000	3
		_Tmr5Enable    		CODE           	0E31	0000	3
		_Tmr1Setup     		CODE           	0497	0000	132
		_Tmr1Disable   		CODE           	0E28	0000	3
		_Tmr3Setup     		CODE           	0413	0000	132
		_Tmr4Setup     		CODE           	051B	0000	125
		_Tmr3Disable   		CODE           	0E2E	0000	3
		_Tmr5Setup     		CODE           	038F	0000	132
		_Tmr4Disable   		CODE           	0E22	0000	3
		_Tmr5Disable   		CODE           	07FB	0000	3
		_Tmr1Enable    		CODE           	0E25	0000	3

/home/dev-user/Projects/Personal/PIC/LibPeripherals.X/timers.c estimated size: 545

