Microchip MPLAB XC8 Compiler V2.30

Linker command line:

-W-3 --edf=/opt/microchip/xc8/v2.30/pic/dat/en_msgs.txt -pivt0x8=08h -cn \
  -h+dist/default/production/PIC18Test1.X.production.sym \
  --cmf=dist/default/production/PIC18Test1.X.production.cmf -z -Q18F47K42 \
  -o/tmp/xcXLmaiAF --defsym=__MPLAB_BUILD=1 \
  -Mdist/default/production/PIC18Test1.X.production.map -E1 \
  -ver=XC8 Compiler --acfsm=1493 -ASTACK=0400h-01FFFh -pstack=STACK \
  -ACODE=00h-01FFFFh -ACONST=00h-01FFFFh -ASMALLCONST=02000h-020FFhx480 \
  -AMEDIUMCONST=02000h-0FFFFh,012000h-01FFFFh -ACOMRAM=01h-05Fh \
  -AABS1=00h-01FFFh -ABIGRAM=01h-01FFFh -ARAM=060h-0FFh,0100h-01FFhx31 \
  -ABANK0=060h-0FFh -ABANK1=0100h-01FFh -ABANK2=0200h-02FFh \
  -ABANK3=0300h-03FFh -ABANK4=0400h-04FFh -ABANK5=0500h-05FFh \
  -ABANK6=0600h-06FFh -ABANK7=0700h-07FFh -ABANK8=0800h-08FFh \
  -ABANK9=0900h-09FFh -ABANK10=0A00h-0AFFh -ABANK11=0B00h-0BFFh \
  -ABANK12=0C00h-0CFFh -ABANK13=0D00h-0DFFh -ABANK14=0E00h-0EFFh \
  -ABANK15=0F00h-0FFFh -ABANK16=01000h-010FFh -ABANK17=01100h-011FFh \
  -ABANK18=01200h-012FFh -ABANK19=01300h-013FFh -ABANK20=01400h-014FFh \
  -ABANK21=01500h-015FFh -ABANK22=01600h-016FFh -ABANK23=01700h-017FFh \
  -ABANK24=01800h-018FFh -ABANK25=01900h-019FFh -ABANK26=01A00h-01AFFh \
  -ABANK27=01B00h-01BFFh -ABANK28=01C00h-01CFFh -ABANK29=01D00h-01DFFh \
  -ABANK30=01E00h-01EFFh -ABANK31=01F00h-01FFFh \
  -ASFR=03800h-038FFhx7,03F00h-03F5Fh,03F60h-03FFFh \
  -ACONFIG=0300000h-0300009h -AIDLOC=0200000h-020000Fh \
  -AEEDATA=0310000h-03103FFh -peeprom_data=EEDATA -preset_vec=00h \
  -ppowerup=CODE,init -pramtop=02000h -psmallconst=SMALLCONST \
  -pmediumconst=MEDIUMCONST -pconst=CONST -AFARRAM=00h-00h \
  -prdata=COMRAM,nvrram=COMRAM,nvbit=COMRAM,rbss=COMRAM,rbit=COMRAM \
  -pfarbss=FARRAM,fardata=FARRAM,nvFARRAM=FARRAM \
  -pintsave_regs=BIGRAM,bigbss=BIGRAM,bigdata=BIGRAM -pbss=RAM \
  -pidata=CODE,irdata=CODE,ibigdata=CODE,ifardata=CODE -prparam=COMRAM \
  /tmp/xcXMMIkJi.o dist/default/production/PIC18Test1.X.production.o 

Object code version is 3.11

Machine type is 18F47K42



                Name                               Link     Load   Length Selector   Space Scale
/tmp/xcXMMIkJi.o
                idloc                            200000   200000       10        0       5
                config                           300000   300000        A        0       4
                init                                 AE       AE        4        4       0
                reset_vec                             0        0        4        0       0
dist/default/production/PIC18Test1.X.production.o
                idloc                            200000   200000       10        0       5
                config                           300000   300000        A        0       4
                smallconst                         2000     2000       7A     1000       0
                ivt0x8                                8        8       A6        4       0
                text63                             4F08     4F08       22     13C2       0
                text62                             4EE0     4EE0       26     13B8       0
                text61                             4EB8     4EB8       26     13AE       0
                text60                             4752     4752       88      D4E       0
                text59                             4C2C     4C2C       48     12CD       0
                text58                             4624     4624       98      D4E       0
                text57                             4F88     4F88        2     27B3       0
                text56                             3538     3538      186      D4E       0
                text55                             4B34     4B34       54     12CD       0
                text54                             4076     4076       C4      D4E       0
                text53                             3A48     3A48       F8      D4E       0
                text52                             4F42     4F42       12     13C2       0
                text51                             4AD4     4AD4       5E      D4E       0
                text50                             4420     4420       B4      D4E       0
                text49                             4E0A     4E0A       34     12CD       0
                text48                             4E68     4E68       28     12CD       0
                text47                             4F70     4F70        6     27B3       0
                text46                             4F82     4F82        4     27B3       0
                text45                             4F66     4F66        A     27B3       0
                text44                             4F7E     4F7E        4     27B3       0
                text43                             4580     4580       A4      D4E       0
                text42                             3ECE     3ECE       D8      D4E       0
                text41                             44D4     44D4       AC      D4E       0
                text40                             436C     436C       B4      D4E       0
                text39                             42B8     42B8       B4      D4E       0
                text38                             46BC     46BC       96      D4E       0
                text37                             41FC     41FC       BC      D4E       0
                text36                             4F7A     4F7A        4     27B3       0
                text35                             4F76     4F76        4     27B3       0
                text34                             3DF6     3DF6       D8      D4E       0
                text33                             317E     317E      200     103D       0
                text32                             4F2A     4F2A       18     13C2       0
                text31                             4852     4852       74      D4E       0
                text30                             4A12     4A12       64      D4E       0
                text29                             2A44     2A44      2B4     103D       0
                text28                             4DD6     4DD6       34     12CD       0
                text27                             3C30     3C30       EE      D4E       0
                text26                             4E3E     4E3E       2A     12CD       0
                text25                             4D9E     4D9E       38     12CD       0
                text24                             4BDA     4BDA       52     12CD       0
                text23                             337E     337E      1B8     103D       0
                text22                             3936     3936      112      D4E       0
                text21                             3B40     3B40       F0      D4E       0
                text20                             3FA6     3FA6       D0      D4E       0
                text19                             4F86     4F86        2     27B3       0
                text18                             3D1E     3D1E       D8      D4E       0
                text17                             4C74     4C74       44     12CD       0
                text16                             4CF4     4CF4       3A     12CD       0
                text15                             413A     413A       C2      D4E       0
                text14                             2F76     2F76      208     103D       0
                text13                             4CB8     4CB8       3C     12CD       0
                text12                             4D66     4D66       38     12CD       0
                text11                             4D2E     4D2E       38     12CD       0
                text10                             4A76     4A76       5E      D4E       0
                text9                              2762     2762      2E2     103D       0
                text8                              207A     207A      6E8     103D       0
                text7                              48C6     48C6       72      D4E       0
                text6                              4B88     4B88       52     12CD       0
                text5                              49A8     49A8       6A      D4E       0
                text4                              4E90     4E90       26     12CD       0
                text3                              381A     381A      11C      D4E       0
                text2                              4938     4938       70      D4E       0
                text1                              2CF8     2CF8      27E     103D       0
                text0                              36BE     36BE      15C      D4E       0
                cstackCOMRAM                          1        1       3D        1       1
                cstackBANK0                          60       60       53       60       1
                cstackBANK2                         280      280       43      200       1
                bssBANK3                            300      300      100      300       1
                bssBANK2                            200      200       80      200       1
                dataBANK1                           1CA      1CA       11      100       1
                bssBANK1                            100      100       CA      100       1
                bssBANK0                             B3       B3       14       60       1
                bssCOMRAM                            3E       3E       12        1       1
                cinit                              47DA     47DA       78      D4E       0
                idataBANK1                         4F54     4F54       11     13C2       0

TOTAL           Name                               Link     Load   Length     Space
        CLASS   STACK          

        CLASS   CODE           
                init                                 AE       AE        4         0
                reset_vec                             0        0        4         0
                ivt0x8                                8        8       A6         0
                text63                             4F08     4F08       22         0
                text62                             4EE0     4EE0       26         0
                text61                             4EB8     4EB8       26         0
                text60                             4752     4752       88         0
                text59                             4C2C     4C2C       48         0
                text58                             4624     4624       98         0
                text57                             4F88     4F88        2         0
                text56                             3538     3538      186         0
                text55                             4B34     4B34       54         0
                text54                             4076     4076       C4         0
                text53                             3A48     3A48       F8         0
                text52                             4F42     4F42       12         0
                text51                             4AD4     4AD4       5E         0
                text50                             4420     4420       B4         0
                text49                             4E0A     4E0A       34         0
                text48                             4E68     4E68       28         0
                text47                             4F70     4F70        6         0
                text46                             4F82     4F82        4         0
                text45                             4F66     4F66        A         0
                text44                             4F7E     4F7E        4         0
                text43                             4580     4580       A4         0
                text42                             3ECE     3ECE       D8         0
                text41                             44D4     44D4       AC         0
                text40                             436C     436C       B4         0
                text39                             42B8     42B8       B4         0
                text38                             46BC     46BC       96         0
                text37                             41FC     41FC       BC         0
                text36                             4F7A     4F7A        4         0
                text35                             4F76     4F76        4         0
                text34                             3DF6     3DF6       D8         0
                text33                             317E     317E      200         0
                text32                             4F2A     4F2A       18         0
                text31                             4852     4852       74         0
                text30                             4A12     4A12       64         0
                text29                             2A44     2A44      2B4         0
                text28                             4DD6     4DD6       34         0
                text27                             3C30     3C30       EE         0
                text26                             4E3E     4E3E       2A         0
                text25                             4D9E     4D9E       38         0
                text24                             4BDA     4BDA       52         0
                text23                             337E     337E      1B8         0
                text22                             3936     3936      112         0
                text21                             3B40     3B40       F0         0
                text20                             3FA6     3FA6       D0         0
                text19                             4F86     4F86        2         0
                text18                             3D1E     3D1E       D8         0
                text17                             4C74     4C74       44         0
                text16                             4CF4     4CF4       3A         0
                text15                             413A     413A       C2         0
                text14                             2F76     2F76      208         0
                text13                             4CB8     4CB8       3C         0
                text12                             4D66     4D66       38         0
                text11                             4D2E     4D2E       38         0
                text10                             4A76     4A76       5E         0
                text9                              2762     2762      2E2         0
                text8                              207A     207A      6E8         0
                text7                              48C6     48C6       72         0
                text6                              4B88     4B88       52         0
                text5                              49A8     49A8       6A         0
                text4                              4E90     4E90       26         0
                text3                              381A     381A      11C         0
                text2                              4938     4938       70         0
                text1                              2CF8     2CF8      27E         0
                text0                              36BE     36BE      15C         0
                cinit                              47DA     47DA       78         0
                idataBANK1                         4F54     4F54       11         0

        CLASS   CONST          

        CLASS   SMALLCONST     
                smallconst                         2000     2000       7A         0

        CLASS   MEDIUMCONST    

        CLASS   COMRAM         
                cstackCOMRAM                          1        1       3D         1
                bssCOMRAM                            3E       3E       12         1

        CLASS   ABS1           

        CLASS   BIGRAM         

        CLASS   RAM            

        CLASS   BANK0          
                cstackBANK0                          60       60       53         1
                bssBANK0                             B3       B3       14         1

        CLASS   BANK1          
                dataBANK1                           1CA      1CA       11         1
                bssBANK1                            100      100       CA         1

        CLASS   BANK2          
                cstackBANK2                         280      280       43         1
                bssBANK2                            200      200       80         1

        CLASS   BANK3          
                bssBANK3                            300      300      100         1

        CLASS   BANK4          

        CLASS   BANK5          

        CLASS   BANK6          

        CLASS   BANK7          

        CLASS   BANK8          

        CLASS   BANK9          

        CLASS   BANK10         

        CLASS   BANK11         

        CLASS   BANK12         

        CLASS   BANK13         

        CLASS   BANK14         

        CLASS   BANK15         

        CLASS   BANK16         

        CLASS   BANK17         

        CLASS   BANK18         

        CLASS   BANK19         

        CLASS   BANK20         

        CLASS   BANK21         

        CLASS   BANK22         

        CLASS   BANK23         

        CLASS   BANK24         

        CLASS   BANK25         

        CLASS   BANK26         

        CLASS   BANK27         

        CLASS   BANK28         

        CLASS   BANK29         

        CLASS   BANK30         

        CLASS   BANK31         

        CLASS   SFR            

        CLASS   CONFIG         
                config                           300000   300000        A         4

        CLASS   IDLOC          
                idloc                            200000   200000       10         5

        CLASS   EEDATA         

        CLASS   FARRAM         



SEGMENTS        Name                           Load    Length   Top    Selector   Space  Class

                reset_vec                      000000  000004  000004         0       0  CODE    
                text61                         004EB8  000026  004EDE      13AE       0  CODE    
                text55                         004B34  000382  004EB6      12CD       0  CODE    
                text8                          00207A  0014BC  003536      103D       0  CODE    
                text56                         003538  0015FA  004B32       D4E       0  CODE    
                text45                         004F66  000024  004F8A      27B3       0  CODE    
                text62                         004EE0  000026  004F06      13B8       0  CODE    
                text63                         004F08  00005D  004F65      13C2       0  CODE    
                cstackCOMRAM                   000001  00004F  000050         1       1  COMRAM  
                smallconst                     002000  00007A  00207A      1000       0  SMALLCON
                cstackBANK0                    000060  000067  0000C7        60       1  BANK0   
                bssBANK3                       000300  000100  000400       300       1  BANK3   
                bssBANK1                       000100  0000DB  0001DB       100       1  BANK1   
                ivt0x8                         000008  0000AA  0000B2         4       0  CODE    
                bssBANK2                       000200  0000C3  0002C3       200       1  BANK2   


UNUSED ADDRESS RANGES

        Name                Unused          Largest block    Delta
        BANK0            0000C7-0000FF               39
        BANK1            0001DB-0001FF               25
        BANK10           000A00-000AFF              100
        BANK11           000B00-000BFF              100
        BANK12           000C00-000CFF              100
        BANK13           000D00-000DFF              100
        BANK14           000E00-000EFF              100
        BANK15           000F00-000FFF              100
        BANK16           001000-0010FF              100
        BANK17           001100-0011FF              100
        BANK18           001200-0012FF              100
        BANK19           001300-0013FF              100
        BANK2            0002C3-0002FF               3D
        BANK20           001400-0014FF              100
        BANK21           001500-0015FF              100
        BANK22           001600-0016FF              100
        BANK23           001700-0017FF              100
        BANK24           001800-0018FF              100
        BANK25           001900-0019FF              100
        BANK26           001A00-001AFF              100
        BANK27           001B00-001BFF              100
        BANK28           001C00-001CFF              100
        BANK29           001D00-001DFF              100
        BANK30           001E00-001EFF              100
        BANK31           001F00-001FFF              100
        BANK4            000400-0004FF              100
        BANK5            000500-0005FF              100
        BANK6            000600-0006FF              100
        BANK7            000700-0007FF              100
        BANK8            000800-0008FF              100
        BANK9            000900-0009FF              100
        BIGRAM           000050-00005F               10
                         0000C7-0000FF               39
                         0001DB-0001FF               25
                         0002C3-0002FF               3D
                         000400-001FFF             1C00
        CODE             000004-000007                4
                         0000B2-001FFF             1F4E
                         003536-003537                2
                         004B32-004B33                2
                         004EB6-004EB7                2
                         004EDE-004EDF                2
                         004F06-004F07                2
                         004F65-004F65                1
                         004F8A-01FFFF            1B076
        COMRAM           000050-00005F               10
        CONST            000004-000007                4
                         0000B2-001FFF             1F4E
                         003536-003537                2
                         004B32-004B33                2
                         004EB6-004EB7                2
                         004EDE-004EDF                2
                         004F06-004F07                2
                         004F65-004F65                1
                         004F8A-01FFFF            1B076
        EEDATA           310000-3103FF              400
        MEDIUMCONST      003536-003537                2
                         004B32-004B33                2
                         004EB6-004EB7                2
                         004EDE-004EDF                2
                         004F06-004F07                2
                         004F65-004F65                1
                         004F8A-00FFFF             B076
                         012000-01FFFF             E000
        RAM              0000C7-0000FF               39
                         0001DB-0001FF               25
                         0002C3-0002FF               3D
                         000400-001FFF              100
        SFR              003800-003FFF              100
        SMALLCONST       003536-003537                2
                         004B32-004B33                2
                         004EB6-004EB7                2
                         004EDE-004EDF                2
                         004F06-004F07                2
                         004F65-004F65                1
                         004F8A-01FFFF              100
        STACK            000400-001FFF             1C00

                                  Symbol Table

?___lldiv                   cstackCOMRAM 000011
?___llmod                   cstackCOMRAM 000001
?___lodiv                   cstackCOMRAM 000011
?___lomod                   cstackCOMRAM 000011
?___lwdiv                   cstackCOMRAM 000011
?___lwmod                   cstackCOMRAM 000011
?___wmul                    cstackCOMRAM 000011
?_atoi                      cstackCOMRAM 000018
?_isalpha                   cstackCOMRAM 000011
?_isdigit                   cstackCOMRAM 000011
?_islower                   cstackCOMRAM 000011
?_isspace                   cstackCOMRAM 000011
?_isupper                   cstackCOMRAM 000011
?_pad                       cstackCOMRAM 000021
?_sprintf                   cstackBANK0  00009D
?_strlen                    cstackCOMRAM 000011
?_strncmp                   cstackCOMRAM 000011
?_toupper                   cstackCOMRAM 000017
?_utoa                      cstackCOMRAM 00002C
?_vfpfcnvrt                 cstackBANK0  00007C
?_vfprintf                  cstackBANK0  000095
?_xtoa                      cstackCOMRAM 00002C
I2C1Setup@high_speed        cstackCOMRAM 00002C
I2C1WrRd@devAddr            cstackCOMRAM 000012
I2C1WrRd@rdCnt              cstackCOMRAM 000011
I2C1WrRd@read_count         cstackCOMRAM 000015
I2C1WrRd@wrCnt              cstackCOMRAM 000013
I2C1WrRd@write_count        cstackCOMRAM 000014
I2C1Write@byteCnt           cstackCOMRAM 000012
I2C1Write@devAddr           cstackCOMRAM 000011
I2C1Write@write_count       cstackCOMRAM 000013
IOExpReadIVal@intAddr       cstackCOMRAM 000019
IOExpReadIVal@ioexp_inst    cstackCOMRAM 000016
IOExpReadIVal@outVals       cstackCOMRAM 00001B
IOExpReadIVal@portSel       cstackCOMRAM 000018
IOExpReadIVal@rdCnt         cstackCOMRAM 00001A
IOExpSetup@ioexp_inst       cstackCOMRAM 00002D
IOExpSetup@set_addr         cstackCOMRAM 00002F
IOExpSetup@set_dir          cstackCOMRAM 000030
IOExpSetup@set_inv          cstackCOMRAM 000032
IOExpSetup@set_oval         cstackCOMRAM 000034
IOExpUpdateAll@ioexp_inst   cstackCOMRAM 00001D
IOExpUpdateIn@ioexp_inst    cstackCOMRAM 00001D
IOExpUpdateOut@ioexp_inst   cstackCOMRAM 00001B
IOExpUpdateOut@set_oval     cstackCOMRAM 00001D
IOExpWriteDir@datVals       cstackCOMRAM 000018
IOExpWriteDir@intAddr       cstackCOMRAM 000017
IOExpWriteDir@ioexp_inst    cstackCOMRAM 000014
IOExpWriteDir@portSel       cstackCOMRAM 000016
IOExpWriteDir@wrtCnt        cstackCOMRAM 00001A
IOExpWriteInv@datVals       cstackCOMRAM 000018
IOExpWriteInv@intAddr       cstackCOMRAM 000017
IOExpWriteInv@ioexp_inst    cstackCOMRAM 000014
IOExpWriteInv@portSel       cstackCOMRAM 000016
IOExpWriteInv@wrtCnt        cstackCOMRAM 00001A
IOExpWriteVal@datVals       cstackCOMRAM 000018
IOExpWriteVal@intAddr       cstackCOMRAM 000017
IOExpWriteVal@ioexp_inst    cstackCOMRAM 000014
IOExpWriteVal@portSel       cstackCOMRAM 000016
IOExpWriteVal@wrtCnt        cstackCOMRAM 00001A
IVTBASEH                    (abs)        003FD6
IVTBASEL                    (abs)        003FD5
IVTBASEU                    (abs)        003FD7
RX_ISR@i                    cstackCOMRAM 00000F
RX_ISR@i_639                cstackCOMRAM 000010
RX_ISR@rx_frm_error         cstackCOMRAM 00000C
RX_ISR@rx_or_error          cstackCOMRAM 00000D
RX_ISR@rx_val               cstackCOMRAM 00000E
Tmr4Setup@prescalarVal      cstackCOMRAM 000027
Tmr4Setup@regVal            cstackCOMRAM 000028
Tmr4Setup@tmr_freq          cstackCOMRAM 00001E
Tmr4Setup@use_int           cstackCOMRAM 000022
Tmr6Setup@prescalarVal      cstackCOMRAM 000027
Tmr6Setup@regVal            cstackCOMRAM 000028
Tmr6Setup@tmr_freq          cstackCOMRAM 00001E
Tmr6Setup@use_int           cstackCOMRAM 000022
UART1Setup@i                cstackCOMRAM 000028
UART1Setup@i_1058           cstackCOMRAM 00002A
UART1Setup@regVal           cstackCOMRAM 00002B
UART1Setup@set_baud         cstackCOMRAM 00001E
UART1Setup@use_rx           cstackCOMRAM 000023
UART1Setup@use_tx           cstackCOMRAM 000022
_ANSELA                     (abs)        003A40
_ANSELB                     (abs)        003A50
_ANSELC                     (abs)        003A60
_ANSELD                     (abs)        003A70
_ANSELE                     (abs)        003A80
_DEFAULT_ISR                text57       004F88
_GIE                        (abs)        01FE97
_I2C1ADB1                   (abs)        003D6E
_I2C1CLK                    (abs)        003D7B
_I2C1CNT                    (abs)        003D6C
_I2C1CON0                   (abs)        003D73
_I2C1CON0bits               (abs)        003D73
_I2C1CON1                   (abs)        003D74
_I2C1CON2                   (abs)        003D75
_I2C1Disable                text45       004F66
_I2C1Enable                 text47       004F70
_I2C1RXB                    (abs)        003D6A
_I2C1SCLPPS                 (abs)        003AE1
_I2C1SDAPPS                 (abs)        003AE2
_I2C1STAT0bits              (abs)        003D77
_I2C1STAT1bits              (abs)        003D78
_I2C1Setup                  text41       0044D4
_I2C1TXB                    (abs)        003D6B
_I2C1WrRd                   text54       004076
_I2C1Write                  text51       004AD4
_I2C1_buff_idx              bssBANK1     000194
_I2C1_buff_in               bssBANK2     000200
_I2C1_buff_out              bssBANK1     000100
_I2C1_use_highspeed         bssBANK0     0000C4
_INTCON0bits                (abs)        003FD2
_IOExpReadIVal              text53       003A48
_IOExpSetup                 text37       0041FC
_IOExpUpdateAll             text38       0046BC
_IOExpUpdateIn              text52       004F42
_IOExpUpdateOut             text49       004E0A
_IOExpWriteDir              text40       00436C
_IOExpWriteInv              text39       0042B8
_IOExpWriteVal              text50       004420
_LATBbits                   (abs)        003FBB
_LATC                       (abs)        003FBC
_LATCbits                   (abs)        003FBC
_LATD                       (abs)        003FBD
_ODCONBbits                 (abs)        003A52
_OSCCON1                    (abs)        0039D9
_OSCFRQ                     (abs)        0039DF
_OSCSTATbits                (abs)        0039DC
_RB4PPS                     (abs)        003A0C
_RB5PPS                     (abs)        003A0D
_RC6PPS                     (abs)        003A16
_RX_ISR                     text56       003538
_SetupClk                   text48       004E68
_SysInit                    text27       003C30
_T4CLKCON                   (abs)        003FA2
_T4CON                      (abs)        003FA0
_T4CONbits                  (abs)        003FA0
_T4HLT                      (abs)        003FA1
_T4PR                       (abs)        003F9F
_T6CLKCON                   (abs)        003F96
_T6CON                      (abs)        003F94
_T6CONbits                  (abs)        003F94
_T6HLT                      (abs)        003F95
_T6PR                       (abs)        003F93
_TMR1IF                     (abs)        01CD20
_TMR1Val                    bssBANK1     00019A
_TMR3IF                     (abs)        01CD36
_TMR3Val                    bssBANK1     000198
_TMR4IE                     (abs)        01CCB8
_TMR4IF                     (abs)        01CD38
_TMR4IP                     (abs)        01CC38
_TMR4_ISR                   text58       004624
_TMR5IF                     (abs)        01CD46
_TMR5Val                    bssBANK1     000196
_TMR6IE                     (abs)        01CCC8
_TMR6IF                     (abs)        01CD48
_TRISBbits                  (abs)        003FC3
_TRISCbits                  (abs)        003FC4
_TRISD                      (abs)        003FC5
_TX_ISR                     text55       004B34
_Tmr4Disable                text35       004F76
_Tmr4Enable                 text36       004F7A
_Tmr4Setup                  text34       003DF6
_Tmr6Disable                text46       004F82
_Tmr6Enable                 text44       004F7E
_Tmr6Setup                  text42       003ECE
_U1BRGH                     (abs)        003DF6
_U1BRGL                     (abs)        003DF5
_U1CON0bits                 (abs)        003DF2
_U1CON1bits                 (abs)        003DF3
_U1CON2                     (abs)        003DF4
_U1ERRIRbits                (abs)        003DF9
_U1RXB                      (abs)        003DE8
_U1RXIE                     (abs)        01CC9B
_U1RXIF                     (abs)        01CD1B
_U1RXPPS                    (abs)        003AE5
_U1TXB                      (abs)        003DEA
_U1TXEN                     (abs)        01EF95
_U1TXIE                     (abs)        01CC9C
_U1TXIF                     (abs)        01CD1C
_UART1Setup                 text33       00317E
__HRAM                      (abs)        000000
__Habs1                     abs1         000000
__Hbank0                    bank0        000000
__Hbank1                    bank1        000000
__Hbank10                   bank10       000000
__Hbank11                   bank11       000000
__Hbank12                   bank12       000000
__Hbank13                   bank13       000000
__Hbank14                   bank14       000000
__Hbank15                   bank15       000000
__Hbank16                   bank16       000000
__Hbank17                   bank17       000000
__Hbank18                   bank18       000000
__Hbank19                   bank19       000000
__Hbank2                    bank2        000000
__Hbank20                   bank20       000000
__Hbank21                   bank21       000000
__Hbank22                   bank22       000000
__Hbank23                   bank23       000000
__Hbank24                   bank24       000000
__Hbank25                   bank25       000000
__Hbank26                   bank26       000000
__Hbank27                   bank27       000000
__Hbank28                   bank28       000000
__Hbank29                   bank29       000000
__Hbank3                    bank3        000000
__Hbank30                   bank30       000000
__Hbank31                   bank31       000000
__Hbank4                    bank4        000000
__Hbank5                    bank5        000000
__Hbank6                    bank6        000000
__Hbank7                    bank7        000000
__Hbank8                    bank8        000000
__Hbank9                    bank9        000000
__Hbigbss                   bigbss       000000
__Hbigdata                  bigdata      000000
__Hbigram                   bigram       000000
__Hbss                      bss          000000
__HbssBANK0                 bssBANK0     000000
__HbssBANK1                 bssBANK1     000000
__HbssBANK2                 bssBANK2     000000
__HbssBANK3                 bssBANK3     000000
__HbssCOMRAM                bssCOMRAM    000000
__Hcinit                    cinit        000000
__Hclrtext                  clrtext      000000
__Hcomram                   comram       000000
__Hconfig                   config       30000A
__Hconst                    const        000000
__HcstackBANK0              cstackBANK0  000000
__HcstackBANK2              cstackBANK2  000000
__HcstackCOMRAM             cstackCOMRAM 000000
__Hdata                     data         000000
__HdataBANK1                dataBANK1    000000
__Heeprom_data              eeprom_data  000000
__Hfarbss                   farbss       000000
__Hfardata                  fardata      000000
__Hibigdata                 ibigdata     000000
__Hidata                    idata        000000
__HidataBANK1               idataBANK1   000000
__Hidloc                    idloc        200010
__Hifardata                 ifardata     000000
__Hinit                     init         0000B2
__Hintsave_regs             intsave_regs 000000
__Hirdata                   irdata       000000
__Hivt0x8                   ivt0x8       0000AE
__Hmediumconst              mediumconst  000000
__HnvFARRAM                 nvFARRAM     000000
__Hnvbit                    nvbit        000000
__Hnvrram                   nvrram       000000
__Hparam                    rparam       000000
__Hpowerup                  powerup      000000
__Hram                      ram          000000
__Hramtop                   ramtop       002000
__Hrbit                     rbit         000000
__Hrbss                     rbss         000000
__Hrdata                    rdata        000000
__Hreset_vec                reset_vec    000004
__Hrparam                   rparam       000000
__Hsfr                      sfr          000000
__Hsmallconst               smallconst   00207A
__Hspace_0                  (abs)        004F8A
__Hspace_1                  (abs)        000400
__Hspace_2                  (abs)        000000
__Hspace_4                  (abs)        60000A
__Hstack                    stack        000000
__Hstruct                   struct       000000
__Htemp                     temp         000000
__Htext                     text         000000
__Htext0                    text0        000000
__Htext1                    text1        000000
__Htext10                   text10       000000
__Htext11                   text11       000000
__Htext12                   text12       000000
__Htext13                   text13       000000
__Htext14                   text14       000000
__Htext15                   text15       000000
__Htext16                   text16       000000
__Htext17                   text17       000000
__Htext18                   text18       000000
__Htext19                   text19       000000
__Htext2                    text2        000000
__Htext20                   text20       000000
__Htext21                   text21       000000
__Htext22                   text22       000000
__Htext23                   text23       000000
__Htext24                   text24       000000
__Htext25                   text25       000000
__Htext26                   text26       000000
__Htext27                   text27       000000
__Htext28                   text28       000000
__Htext29                   text29       000000
__Htext3                    text3        000000
__Htext30                   text30       000000
__Htext31                   text31       000000
__Htext32                   text32       000000
__Htext33                   text33       000000
__Htext34                   text34       000000
__Htext35                   text35       000000
__Htext36                   text36       000000
__Htext37                   text37       000000
__Htext38                   text38       000000
__Htext39                   text39       000000
__Htext4                    text4        000000
__Htext40                   text40       000000
__Htext41                   text41       000000
__Htext42                   text42       000000
__Htext43                   text43       000000
__Htext44                   text44       000000
__Htext45                   text45       000000
__Htext46                   text46       000000
__Htext47                   text47       000000
__Htext48                   text48       000000
__Htext49                   text49       000000
__Htext5                    text5        000000
__Htext50                   text50       000000
__Htext51                   text51       000000
__Htext52                   text52       000000
__Htext53                   text53       000000
__Htext54                   text54       000000
__Htext55                   text55       000000
__Htext56                   text56       000000
__Htext57                   text57       000000
__Htext58                   text58       000000
__Htext59                   text59       000000
__Htext6                    text6        000000
__Htext60                   text60       000000
__Htext61                   text61       000000
__Htext62                   text62       000000
__Htext63                   text63       000000
__Htext7                    text7        000000
__Htext8                    text8        000000
__Htext9                    text9        000000
__LRAM                      (abs)        000001
__Labs1                     abs1         000000
__Lbank0                    bank0        000000
__Lbank1                    bank1        000000
__Lbank10                   bank10       000000
__Lbank11                   bank11       000000
__Lbank12                   bank12       000000
__Lbank13                   bank13       000000
__Lbank14                   bank14       000000
__Lbank15                   bank15       000000
__Lbank16                   bank16       000000
__Lbank17                   bank17       000000
__Lbank18                   bank18       000000
__Lbank19                   bank19       000000
__Lbank2                    bank2        000000
__Lbank20                   bank20       000000
__Lbank21                   bank21       000000
__Lbank22                   bank22       000000
__Lbank23                   bank23       000000
__Lbank24                   bank24       000000
__Lbank25                   bank25       000000
__Lbank26                   bank26       000000
__Lbank27                   bank27       000000
__Lbank28                   bank28       000000
__Lbank29                   bank29       000000
__Lbank3                    bank3        000000
__Lbank30                   bank30       000000
__Lbank31                   bank31       000000
__Lbank4                    bank4        000000
__Lbank5                    bank5        000000
__Lbank6                    bank6        000000
__Lbank7                    bank7        000000
__Lbank8                    bank8        000000
__Lbank9                    bank9        000000
__Lbigbss                   bigbss       000000
__Lbigdata                  bigdata      000000
__Lbigram                   bigram       000000
__Lbss                      bss          000000
__LbssBANK0                 bssBANK0     000000
__LbssBANK1                 bssBANK1     000000
__LbssBANK2                 bssBANK2     000000
__LbssBANK3                 bssBANK3     000000
__LbssCOMRAM                bssCOMRAM    000000
__Lcinit                    cinit        000000
__Lclrtext                  clrtext      000000
__Lcomram                   comram       000000
__Lconfig                   config       000000
__Lconst                    const        000000
__LcstackBANK0              cstackBANK0  000000
__LcstackBANK2              cstackBANK2  000000
__LcstackCOMRAM             cstackCOMRAM 000000
__Ldata                     data         000000
__LdataBANK1                dataBANK1    000000
__Leeprom_data              eeprom_data  000000
__Lfarbss                   farbss       000000
__Lfardata                  fardata      000000
__Libigdata                 ibigdata     000000
__Lidata                    idata        000000
__LidataBANK1               idataBANK1   000000
__Lidloc                    idloc        000000
__Lifardata                 ifardata     000000
__Linit                     init         0000AE
__Lintsave_regs             intsave_regs 000000
__Lirdata                   irdata       000000
__Livt0x8                   ivt0x8       000008
__Lmediumconst              mediumconst  000000
__LnvFARRAM                 nvFARRAM     000000
__Lnvbit                    nvbit        000000
__Lnvrram                   nvrram       000000
__Lparam                    rparam       000000
__Lpowerup                  powerup      000000
__Lram                      ram          000000
__Lramtop                   ramtop       002000
__Lrbit                     rbit         000000
__Lrbss                     rbss         000000
__Lrdata                    rdata        000000
__Lreset_vec                reset_vec    000000
__Lrparam                   rparam       000000
__Lsfr                      sfr          000000
__Lsmallconst               smallconst   002000
__Lspace_0                  (abs)        000000
__Lspace_1                  (abs)        000000
__Lspace_2                  (abs)        000000
__Lspace_4                  (abs)        000000
__Lstack                    stack        000000
__Lstruct                   struct       000000
__Ltemp                     temp         000000
__Ltext                     text         000000
__Ltext0                    text0        000000
__Ltext1                    text1        000000
__Ltext10                   text10       000000
__Ltext11                   text11       000000
__Ltext12                   text12       000000
__Ltext13                   text13       000000
__Ltext14                   text14       000000
__Ltext15                   text15       000000
__Ltext16                   text16       000000
__Ltext17                   text17       000000
__Ltext18                   text18       000000
__Ltext19                   text19       000000
__Ltext2                    text2        000000
__Ltext20                   text20       000000
__Ltext21                   text21       000000
__Ltext22                   text22       000000
__Ltext23                   text23       000000
__Ltext24                   text24       000000
__Ltext25                   text25       000000
__Ltext26                   text26       000000
__Ltext27                   text27       000000
__Ltext28                   text28       000000
__Ltext29                   text29       000000
__Ltext3                    text3        000000
__Ltext30                   text30       000000
__Ltext31                   text31       000000
__Ltext32                   text32       000000
__Ltext33                   text33       000000
__Ltext34                   text34       000000
__Ltext35                   text35       000000
__Ltext36                   text36       000000
__Ltext37                   text37       000000
__Ltext38                   text38       000000
__Ltext39                   text39       000000
__Ltext4                    text4        000000
__Ltext40                   text40       000000
__Ltext41                   text41       000000
__Ltext42                   text42       000000
__Ltext43                   text43       000000
__Ltext44                   text44       000000
__Ltext45                   text45       000000
__Ltext46                   text46       000000
__Ltext47                   text47       000000
__Ltext48                   text48       000000
__Ltext49                   text49       000000
__Ltext5                    text5        000000
__Ltext50                   text50       000000
__Ltext51                   text51       000000
__Ltext52                   text52       000000
__Ltext53                   text53       000000
__Ltext54                   text54       000000
__Ltext55                   text55       000000
__Ltext56                   text56       000000
__Ltext57                   text57       000000
__Ltext58                   text58       000000
__Ltext59                   text59       000000
__Ltext6                    text6        000000
__Ltext60                   text60       000000
__Ltext61                   text61       000000
__Ltext62                   text62       000000
__Ltext63                   text63       000000
__Ltext7                    text7        000000
__Ltext8                    text8        000000
__Ltext9                    text9        000000
__S0                        (abs)        004F8A
__S1                        (abs)        000400
__S2                        (abs)        000000
__S4                        (abs)        000000
__S5                        (abs)        000000
___inthi_sp                 stack        000000
___intlo_sp                 stack        000000
___lldiv                    text43       004580
___lldiv@counter            cstackCOMRAM 00001D
___lldiv@dividend           cstackCOMRAM 000011
___lldiv@divisor            cstackCOMRAM 000015
___lldiv@quotient           cstackCOMRAM 000019
___llmod                    text60       004752
___llmod@counter            cstackCOMRAM 000009
___llmod@dividend           cstackCOMRAM 000001
___llmod@divisor            cstackCOMRAM 000005
___lodiv                    text21       003B40
___lodiv@counter            cstackCOMRAM 000029
___lodiv@dividend           cstackCOMRAM 000011
___lodiv@divisor            cstackCOMRAM 000019
___lodiv@quotient           cstackCOMRAM 000021
___lomod                    text20       003FA6
___lomod@counter            cstackCOMRAM 000021
___lomod@dividend           cstackCOMRAM 000011
___lomod@divisor            cstackCOMRAM 000019
___lwdiv                    text31       004852
___lwdiv@counter            cstackCOMRAM 000015
___lwdiv@dividend           cstackCOMRAM 000011
___lwdiv@divisor            cstackCOMRAM 000013
___lwdiv@quotient           cstackCOMRAM 000016
___lwmod                    text30       004A12
___lwmod@counter            cstackCOMRAM 000015
___lwmod@dividend           cstackCOMRAM 000011
___lwmod@divisor            cstackCOMRAM 000013
___param_bank               (abs)        000000
___rparam_used              (abs)        000001
___sp                       stack        000000
___wmul                     text26       004E3E
___wmul@multiplicand        cstackCOMRAM 000013
___wmul@multiplier          cstackCOMRAM 000011
___wmul@product             cstackCOMRAM 000015
__accesstop                 (abs)        000060
__activetblptr              (abs)        000003
__end_of_DEFAULT_ISR        text57       004F8A
__end_of_I2C1Disable        text45       004F70
__end_of_I2C1Enable         text47       004F76
__end_of_I2C1Setup          text41       004580
__end_of_I2C1WrRd           text54       00413A
__end_of_I2C1Write          text51       004B32
__end_of_IOExpReadIVal      text53       003B40
__end_of_IOExpSetup         text37       0042B8
__end_of_IOExpUpdateAll     text38       004752
__end_of_IOExpUpdateIn      text52       004F54
__end_of_IOExpUpdateOut     text49       004E3E
__end_of_IOExpWriteDir      text40       004420
__end_of_IOExpWriteInv      text39       00436C
__end_of_IOExpWriteVal      text50       0044D4
__end_of_RX_ISR             text56       0036BE
__end_of_SetupClk           text48       004E90
__end_of_SysInit            text27       003D1E
__end_of_TMR4_ISR           text58       0046BC
__end_of_TX_ISR             text55       004B88
__end_of_Tmr4Disable        text35       004F7A
__end_of_Tmr4Enable         text36       004F7E
__end_of_Tmr4Setup          text34       003ECE
__end_of_Tmr6Disable        text46       004F86
__end_of_Tmr6Enable         text44       004F82
__end_of_Tmr6Setup          text42       003FA6
__end_of_UART1Setup         text33       00337E
__end_of___lldiv            text43       004624
__end_of___llmod            text60       0047DA
__end_of___lodiv            text21       003C30
__end_of___lomod            text20       004076
__end_of___lwdiv            text31       0048C6
__end_of___lwmod            text30       004A76
__end_of___wmul             text26       004E68
__end_of__initialization    cinit        00484C
__end_of_atoi               text23       003536
__end_of_fputc              text18       003DF6
__end_of_fputs              text17       004CB8
__end_of_isalpha            text13       004CF4
__end_of_isdigit            text25       004DD6
__end_of_islower            text11       004D66
__end_of_isspace            text24       004C2C
__end_of_isupper            text12       004D9E
__end_of_main               text0        00381A
__end_of_make_all_digital   text32       004F42
__end_of_pad                text15       0041FC
__end_of_putch              text19       004F88
__end_of_setupDisp          text28       004E0A
__end_of_sprintf            text6        004BDA
__end_of_stepper0ISR        text61       004EDE
__end_of_stepper1ISR        text62       004F06
__end_of_stepper2ISR        text63       004F2A
__end_of_strcat             text4        004EB6
__end_of_strcpy             text5        004A12
__end_of_strlen             text16       004D2E
__end_of_strncmp            text22       003A48
__end_of_toupper            text10       004AD4
__end_of_uart1_tx_str       text3        003936
__end_of_uart1_tx_str_crlf  text2        0049A8
__end_of_updateDisp         text59       004C74
__end_of_updateDispVal      text29       002CF8
__end_of_updateDispValHex   text1        002F76
__end_of_utoa               text14       00317E
__end_of_vfpfcnvrt          text8        002762
__end_of_vfprintf           text7        004938
__end_of_xtoa               text9        002A44
__initialization            cinit        0047DA
__mediumconst               mediumconst  000000
__pbssBANK0                 bssBANK0     0000B3
__pbssBANK1                 bssBANK1     000100
__pbssBANK2                 bssBANK2     000200
__pbssBANK3                 bssBANK3     000300
__pbssCOMRAM                bssCOMRAM    00003E
__pcinit                    cinit        0047DA
__pcstackBANK0              cstackBANK0  000060
__pcstackBANK2              cstackBANK2  000280
__pcstackCOMRAM             cstackCOMRAM 000001
__pdataBANK1                dataBANK1    0001CA
__pidataBANK1               idataBANK1   004F54
__pivt0x8                   ivt0x8       000008
__psmallconst               smallconst   002000
__ptext0                    text0        0036BE
__ptext1                    text1        002CF8
__ptext10                   text10       004A76
__ptext11                   text11       004D2E
__ptext12                   text12       004D66
__ptext13                   text13       004CB8
__ptext14                   text14       002F76
__ptext15                   text15       00413A
__ptext16                   text16       004CF4
__ptext17                   text17       004C74
__ptext18                   text18       003D1E
__ptext19                   text19       004F86
__ptext2                    text2        004938
__ptext20                   text20       003FA6
__ptext21                   text21       003B40
__ptext22                   text22       003936
__ptext23                   text23       00337E
__ptext24                   text24       004BDA
__ptext25                   text25       004D9E
__ptext26                   text26       004E3E
__ptext27                   text27       003C30
__ptext28                   text28       004DD6
__ptext29                   text29       002A44
__ptext3                    text3        00381A
__ptext30                   text30       004A12
__ptext31                   text31       004852
__ptext32                   text32       004F2A
__ptext33                   text33       00317E
__ptext34                   text34       003DF6
__ptext35                   text35       004F76
__ptext36                   text36       004F7A
__ptext37                   text37       0041FC
__ptext38                   text38       0046BC
__ptext39                   text39       0042B8
__ptext4                    text4        004E90
__ptext40                   text40       00436C
__ptext41                   text41       0044D4
__ptext42                   text42       003ECE
__ptext43                   text43       004580
__ptext44                   text44       004F7E
__ptext45                   text45       004F66
__ptext46                   text46       004F82
__ptext47                   text47       004F70
__ptext48                   text48       004E68
__ptext49                   text49       004E0A
__ptext5                    text5        0049A8
__ptext50                   text50       004420
__ptext51                   text51       004AD4
__ptext52                   text52       004F42
__ptext53                   text53       003A48
__ptext54                   text54       004076
__ptext55                   text55       004B34
__ptext56                   text56       003538
__ptext57                   text57       004F88
__ptext58                   text58       004624
__ptext59                   text59       004C2C
__ptext6                    text6        004B88
__ptext60                   text60       004752
__ptext61                   text61       004EB8
__ptext62                   text62       004EE0
__ptext63                   text63       004F08
__ptext7                    text7        0048C6
__ptext8                    text8        00207A
__ptext9                    text9        002762
__ramtop                    ramtop       002000
__size_of_DEFAULT_ISR       (abs)        000000
__size_of_I2C1Disable       (abs)        000000
__size_of_I2C1Enable        (abs)        000000
__size_of_I2C1Setup         (abs)        000000
__size_of_I2C1WrRd          (abs)        000000
__size_of_I2C1Write         (abs)        000000
__size_of_IOExpReadIVal     (abs)        000000
__size_of_IOExpSetup        (abs)        000000
__size_of_IOExpUpdateAll    (abs)        000000
__size_of_IOExpUpdateIn     (abs)        000000
__size_of_IOExpUpdateOut    (abs)        000000
__size_of_IOExpWriteDir     (abs)        000000
__size_of_IOExpWriteInv     (abs)        000000
__size_of_IOExpWriteVal     (abs)        000000
__size_of_RX_ISR            (abs)        000000
__size_of_SetupClk          (abs)        000000
__size_of_SysInit           (abs)        000000
__size_of_TMR4_ISR          (abs)        000000
__size_of_TX_ISR            (abs)        000000
__size_of_Tmr4Disable       (abs)        000000
__size_of_Tmr4Enable        (abs)        000000
__size_of_Tmr4Setup         (abs)        000000
__size_of_Tmr6Disable       (abs)        000000
__size_of_Tmr6Enable        (abs)        000000
__size_of_Tmr6Setup         (abs)        000000
__size_of_UART1Setup        (abs)        000000
__size_of___lldiv           (abs)        000000
__size_of___llmod           (abs)        000000
__size_of___lodiv           (abs)        000000
__size_of___lomod           (abs)        000000
__size_of___lwdiv           (abs)        000000
__size_of___lwmod           (abs)        000000
__size_of___wmul            (abs)        000000
__size_of_atoi              (abs)        000000
__size_of_fputc             (abs)        000000
__size_of_fputs             (abs)        000000
__size_of_isalpha           (abs)        000000
__size_of_isdigit           (abs)        000000
__size_of_islower           (abs)        000000
__size_of_isspace           (abs)        000000
__size_of_isupper           (abs)        000000
__size_of_main              (abs)        000000
__size_of_make_all_digital  (abs)        000000
__size_of_pad               (abs)        000000
__size_of_putch             (abs)        000000
__size_of_setupDisp         (abs)        000000
__size_of_sprintf           (abs)        000000
__size_of_stepper0ISR       (abs)        000000
__size_of_stepper1ISR       (abs)        000000
__size_of_stepper2ISR       (abs)        000000
__size_of_strcat            (abs)        000000
__size_of_strcpy            (abs)        000000
__size_of_strlen            (abs)        000000
__size_of_strncmp           (abs)        000000
__size_of_toupper           (abs)        000000
__size_of_uart1_tx_str      (abs)        000000
__size_of_uart1_tx_str_crlf (abs)        000000
__size_of_updateDisp        (abs)        000000
__size_of_updateDispVal     (abs)        000000
__size_of_updateDispValHex  (abs)        000000
__size_of_utoa              (abs)        000000
__size_of_vfpfcnvrt         (abs)        000000
__size_of_vfprintf          (abs)        000000
__size_of_xtoa              (abs)        000000
__smallconst                smallconst   002000
_allowStep0                 bssBANK0     0000BC
_allowStep1                 bssBANK0     0000B7
_allowStep2                 bssBANK1     00019C
_atoi                       text23       00337E
_atoi$3584                  cstackCOMRAM 000020
_atoi$3585                  cstackCOMRAM 000024
_atoi$3586                  cstackCOMRAM 000022
_dbuf                       bssBANK1     0001A1
_dig_disp_val               bssCOMRAM    00003E
_dig_idx                    bssCOMRAM    000048
_dispChars                  dataBANK1    0001CA
_flags                      bssCOMRAM    000046
_fputc                      text18       003D1E
_fputs                      text17       004C74
_halfSecondTrigger          bssBANK0     0000C2
_ioexp1                     bssBANK1     0001C1
_isalpha                    text13       004CB8
_isdigit                    text25       004D9E
_islower                    text11       004D2E
_isspace                    text24       004BDA
_isspace$3611               cstackCOMRAM 000017
_isupper                    text12       004D66
_main                       text0        0036BE
_make_all_digital           text32       004F2A
_nout                       bssBANK1     00018C
_pad                        text15       00413A
_pendingSteps0              bssBANK1     000192
_pendingSteps1              bssBANK1     000190
_pendingSteps2              bssBANK1     00018E
_prec                       bssCOMRAM    000044
_putch                      text19       004F86
_setupDisp                  text28       004DD6
_sprintf                    text6        004B88
_stepDirection0             bssBANK0     0000BD
_stepDirection1             bssBANK0     0000B8
_stepDirection2             bssBANK1     00019D
_stepOutShift0              bssBANK0     0000BF
_stepOutShift1              bssBANK0     0000BA
_stepOutShift2              bssBANK1     00019F
_stepOutVal0                bssBANK0     0000C0
_stepOutVal1                bssBANK0     0000BB
_stepOutVal2                bssBANK1     0001A0
_stepState0                 bssBANK0     0000BE
_stepState1                 bssBANK0     0000B9
_stepState2                 bssBANK1     00019E
_stepper0ISR                text61       004EB8
_stepper1ISR                text62       004EE0
_stepper2ISR                text63       004F08
_strcat                     text4        004E90
_strcpy                     text5        0049A8
_strlen                     text16       004CF4
_strncmp                    text22       003936
_sys_stat                   bssBANK0     0000C3
_sys_time                   bssBANK0     0000B3
_totalSteps0                bssBANK1     000188
_totalSteps1                bssBANK1     000184
_totalSteps2                bssBANK1     000180
_toupper                    text10       004A76
_toupper$3686               cstackCOMRAM 00001D
_twoSecondTrigger           bssBANK0     0000C1
_uart1_rx_buff_idx          bssCOMRAM    00004B
_uart1_rx_buff_isr          bssBANK1     000140
_uart1_rx_buff_load_cnt     bssCOMRAM    00004A
_uart1_rx_buff_use          bssBANK2     000240
_uart1_rx_msg_present       bssBANK0     0000C6
_uart1_rx_sys_active        bssCOMRAM    000049
_uart1_tx_buff              bssBANK3     000300
_uart1_tx_buff_full         bssCOMRAM    00004D
_uart1_tx_buff_head         bssCOMRAM    00004E
_uart1_tx_buff_tail         bssCOMRAM    00004F
_uart1_tx_str               text3        00381A
_uart1_tx_str_crlf          text2        004938
_uart1_tx_sys_active        bssCOMRAM    00004C
_updateDisp                 text59       004C2C
_updateDispVal              text29       002A44
_updateDispValHex           text1        002CF8
_update_disp_trigger        bssBANK0     0000C5
_utoa                       text14       002F76
_vfpfcnvrt                  text8        00207A
_vfpfcnvrt$3551             cstackBANK0  00008A
_vfprintf                   text7        0048C6
_width                      bssCOMRAM    000042
_xtoa                       text9        002762
_xtoa$3536                  cstackBANK0  000068
_xtoa$3537                  cstackBANK0  00006A
atoi@n                      cstackCOMRAM 000025
atoi@neg                    cstackCOMRAM 00001E
atoi@s                      cstackCOMRAM 000018
end_of_initialization       cinit        00484C
fputc@c                     cstackCOMRAM 000011
fputc@fp                    cstackCOMRAM 000013
fputs@c                     cstackCOMRAM 00001E
fputs@fp                    cstackCOMRAM 00001C
fputs@i                     cstackCOMRAM 00001F
fputs@s                     cstackCOMRAM 00001A
intlevel0                   text         000000
intlevel1                   text         000000
intlevel2                   text         000000
intlevel3                   text         000000
isalpha@c                   cstackCOMRAM 000011
isdigit@c                   cstackCOMRAM 000011
islower@c                   cstackCOMRAM 000011
isspace@c                   cstackCOMRAM 000011
isupper@c                   cstackCOMRAM 000011
ivt0x8_base                 ivt0x8       000008
ivt0x8_undefint             ivt0x8       0000AC
main@msg_buff               cstackBANK2  000280
main@newIOVal               cstackBANK2  0002C1
pad@buf                     cstackCOMRAM 000023
pad@fp                      cstackCOMRAM 000021
pad@i                       cstackCOMRAM 000028
pad@p                       cstackCOMRAM 000025
pad@w                       cstackCOMRAM 00002A
setupDisp@initVal           cstackCOMRAM 000021
sprintf@ap                  cstackBANK0  0000A7
sprintf@f                   cstackBANK0  0000A9
sprintf@fmt                 cstackBANK0  00009F
sprintf@s                   cstackBANK0  00009D
stackhi                     (abs)        001FFF
stacklo                     (abs)        000400
start                       init         0000AE
start_initialization        cinit        0047DA
strcat@dest                 cstackCOMRAM 00001F
strcat@src                  cstackCOMRAM 000021
strcpy@d                    cstackCOMRAM 00001D
strcpy@dest                 cstackCOMRAM 000015
strcpy@s                    cstackCOMRAM 00001B
strcpy@src                  cstackCOMRAM 000017
strlen@a                    cstackCOMRAM 000013
strlen@s                    cstackCOMRAM 000011
strncmp@_l                  cstackCOMRAM 000011
strncmp@_r                  cstackCOMRAM 000013
strncmp@l                   cstackCOMRAM 000018
strncmp@n                   cstackCOMRAM 000015
strncmp@r                   cstackCOMRAM 00001A
toupper@c                   cstackCOMRAM 000017
uart1_tx_str@i              cstackCOMRAM 000019
uart1_tx_str@in_bytes       cstackCOMRAM 000015
uart1_tx_str_crlf@in_bytes  cstackCOMRAM 000023
uart1_tx_str_crlf@new_buff  cstackBANK0  000060
updateDispVal@dig_0_on      cstackCOMRAM 00001B
updateDispVal@dig_1_on      cstackCOMRAM 00001D
updateDispVal@dig_2_on      cstackCOMRAM 00001E
updateDispVal@dig_3_on      cstackCOMRAM 00001C
updateDispVal@newDP         cstackCOMRAM 00001A
updateDispVal@newVal        cstackCOMRAM 000018
updateDispVal@tmpVal        cstackCOMRAM 00001F
updateDispValHex@dig_0_on   cstackCOMRAM 000017
updateDispValHex@dig_1_on   cstackCOMRAM 000019
updateDispValHex@dig_2_on   cstackCOMRAM 00001A
updateDispValHex@dig_3_on   cstackCOMRAM 000018
updateDispValHex@newDP      cstackCOMRAM 000013
updateDispValHex@newVal     cstackCOMRAM 000011
updateDispValHex@tmpVal     cstackCOMRAM 00001B
utoa@d                      cstackCOMRAM 00002E
utoa@fp                     cstackCOMRAM 00002C
utoa@i                      cstackBANK0  00006C
utoa@n                      cstackBANK0  000064
utoa@p                      cstackBANK0  000060
utoa@w                      cstackBANK0  000062
vfpfcnvrt@ap                cstackBANK0  000080
vfpfcnvrt@c                 cstackBANK0  00008C
vfpfcnvrt@done              cstackBANK0  000088
vfpfcnvrt@fmt               cstackBANK0  00007E
vfpfcnvrt@fp                cstackBANK0  00007C
vfpfcnvrt@llu               cstackBANK0  00008D
vfprintf@ap                 cstackBANK0  000099
vfprintf@cfmt               cstackBANK0  00009B
vfprintf@fmt                cstackBANK0  000097
vfprintf@fp                 cstackBANK0  000095
xtoa@c                      cstackBANK0  00007A
xtoa@d                      cstackCOMRAM 00002E
xtoa@fp                     cstackCOMRAM 00002C
xtoa@i                      cstackBANK0  000078
xtoa@n                      cstackBANK0  000070
xtoa@p                      cstackBANK0  00006C
xtoa@w                      cstackBANK0  00006E
xtoa@x                      cstackCOMRAM 000036


FUNCTION INFORMATION:

 *************** function _main *****************
 Defined at:
		line 11 in file "/home/dev-user/Projects/Personal/PIC/PIC18Test1.X/main.c"
 Parameters:    Size  Location     Type
		None
 Auto vars:     Size  Location     Type
  newIOVal        2   65[BANK2 ] unsigned short 
  msg_buff       64    0[BANK2 ] unsigned char [64]
  sys_time_act    4    0        unsigned long 
  switch_stepp    1    0        _Bool 
 Return value:  Size  Location     Type
                  1    wreg      void 
 Registers used:
		wreg, fsr1l, fsr1h, fsr2l, fsr2h, status,2, status,0, tblptrl, tblptrh, tblptru, prodl, prodh, cstack
 Tracked objects:
		On entry : 
		On exit  : 
		Unchanged: 
 Data sizes:     COMRAM   BANK0   BANK1   BANK2   BANK3   BANK4   BANK5   BANK6   BANK7   BANK8   BANK9  BANK10  BANK11  BANK12  BANK13  BANK14  BANK15  BANK16  BANK17  BANK18  BANK19  BANK20  BANK21  BANK22  BANK23  BANK24  BANK25  BANK26  BANK27  BANK28  BANK29  BANK30  BANK31
      Params:         0       0       0       0       0       0       0       0       0       0       0       0       0       0       0       0       0       0       0       0       0       0       0       0       0       0       0       0       0       0       0       0       0
      Locals:         0       0       0      67       0       0       0       0       0       0       0       0       0       0       0       0       0       0       0       0       0       0       0       0       0       0       0       0       0       0       0       0       0
      Temps:          0       4       0       0       0       0       0       0       0       0       0       0       0       0       0       0       0       0       0       0       0       0       0       0       0       0       0       0       0       0       0       0       0
      Totals:         0       4       0      67       0       0       0       0       0       0       0       0       0       0       0       0       0       0       0       0       0       0       0       0       0       0       0       0       0       0       0       0       0
Total ram usage:       71 bytes
 Hardware stack levels required when called:   11
 This function calls:
		_IOExpUpdateIn
		_IOExpUpdateOut
		_SetupClk
		_SysInit
		_sprintf
		_uart1_tx_str_crlf
		_updateDispValHex
 This function is called by:
		Startup code after reset
 This function uses a non-reentrant model


 *************** function _updateDispValHex *****************
 Defined at:
		line 112 in file "/home/dev-user/Projects/Personal/PIC/LibOutputDevices.X/disp_7seg4dig.c"
 Parameters:    Size  Location     Type
  newVal          2   16[COMRAM] unsigned short 
  newDP           1   18[COMRAM] unsigned char 
 Auto vars:     Size  Location     Type
  tmpVal          2   26[COMRAM] unsigned short 
  dig_2_on        1   25[COMRAM] _Bool 
  dig_1_on        1   24[COMRAM] _Bool 
  dig_3_on        1   23[COMRAM] _Bool 
  dig_0_on        1   22[COMRAM] _Bool 
 Return value:  Size  Location     Type
                  1    wreg      enum E16361
 Registers used:
		wreg, fsr2l, fsr2h, status,2, status,0
 Tracked objects:
		On entry : 
		On exit  : 
		Unchanged: 
 Data sizes:     COMRAM   BANK0   BANK1   BANK2   BANK3   BANK4   BANK5   BANK6   BANK7   BANK8   BANK9  BANK10  BANK11  BANK12  BANK13  BANK14  BANK15  BANK16  BANK17  BANK18  BANK19  BANK20  BANK21  BANK22  BANK23  BANK24  BANK25  BANK26  BANK27  BANK28  BANK29  BANK30  BANK31
      Params:         3       0       0       0       0       0       0       0       0       0       0       0       0       0       0       0       0       0       0       0       0       0       0       0       0       0       0       0       0       0       0       0       0
      Locals:         6       0       0       0       0       0       0       0       0       0       0       0       0       0       0       0       0       0       0       0       0       0       0       0       0       0       0       0       0       0       0       0       0
      Temps:          3       0       0       0       0       0       0       0       0       0       0       0       0       0       0       0       0       0       0       0       0       0       0       0       0       0       0       0       0       0       0       0       0
      Totals:        12       0       0       0       0       0       0       0       0       0       0       0       0       0       0       0       0       0       0       0       0       0       0       0       0       0       0       0       0       0       0       0       0
Total ram usage:       12 bytes
 Hardware stack levels used:    1
 Hardware stack levels required when called:    3
 This function calls:
		Nothing
 This function is called by:
		_main
 This function uses a non-reentrant model


 *************** function _uart1_tx_str_crlf *****************
 Defined at:
		line 118 in file "/home/dev-user/Projects/Personal/PIC/LibPeripherals.X/uart.c"
 Parameters:    Size  Location     Type
  in_bytes        2   34[COMRAM] PTR unsigned char 
		 -> uart1_rx_buff_use(64), main@msg_buff(64), 
 Auto vars:     Size  Location     Type
  new_buff       64    0[BANK0 ] unsigned char [64]
  res             1    0        enum E16287
 Return value:  Size  Location     Type
                  1    wreg      enum E16361
 Registers used:
		wreg, fsr1l, fsr1h, fsr2l, fsr2h, status,2, status,0, tblptrl, tblptrh, tblptru, cstack
 Tracked objects:
		On entry : 
		On exit  : 
		Unchanged: 
 Data sizes:     COMRAM   BANK0   BANK1   BANK2   BANK3   BANK4   BANK5   BANK6   BANK7   BANK8   BANK9  BANK10  BANK11  BANK12  BANK13  BANK14  BANK15  BANK16  BANK17  BANK18  BANK19  BANK20  BANK21  BANK22  BANK23  BANK24  BANK25  BANK26  BANK27  BANK28  BANK29  BANK30  BANK31
      Params:         2       0       0       0       0       0       0       0       0       0       0       0       0       0       0       0       0       0       0       0       0       0       0       0       0       0       0       0       0       0       0       0       0
      Locals:         0      65       0       0       0       0       0       0       0       0       0       0       0       0       0       0       0       0       0       0       0       0       0       0       0       0       0       0       0       0       0       0       0
      Temps:          0       0       0       0       0       0       0       0       0       0       0       0       0       0       0       0       0       0       0       0       0       0       0       0       0       0       0       0       0       0       0       0       0
      Totals:         2      65       0       0       0       0       0       0       0       0       0       0       0       0       0       0       0       0       0       0       0       0       0       0       0       0       0       0       0       0       0       0       0
Total ram usage:       67 bytes
 Hardware stack levels used:    1
 Hardware stack levels required when called:    5
 This function calls:
		_strcat
		_strcpy
		_strlen
		_uart1_tx_str
 This function is called by:
		_main
 This function uses a non-reentrant model


 *************** function _uart1_tx_str *****************
 Defined at:
		line 91 in file "/home/dev-user/Projects/Personal/PIC/LibPeripherals.X/uart.c"
 Parameters:    Size  Location     Type
  in_bytes        2   20[COMRAM] PTR unsigned char 
		 -> uart1_tx_str_crlf@new_buff(64), uart1_rx_buff_use(64), main@msg_buff(64), 
 Auto vars:     Size  Location     Type
  i               1   24[COMRAM] unsigned char 
 Return value:  Size  Location     Type
                  1    wreg      enum E16287
 Registers used:
		wreg, fsr1l, fsr1h, fsr2l, fsr2h, status,2, status,0, cstack
 Tracked objects:
		On entry : 
		On exit  : 
		Unchanged: 
 Data sizes:     COMRAM   BANK0   BANK1   BANK2   BANK3   BANK4   BANK5   BANK6   BANK7   BANK8   BANK9  BANK10  BANK11  BANK12  BANK13  BANK14  BANK15  BANK16  BANK17  BANK18  BANK19  BANK20  BANK21  BANK22  BANK23  BANK24  BANK25  BANK26  BANK27  BANK28  BANK29  BANK30  BANK31
      Params:         2       0       0       0       0       0       0       0       0       0       0       0       0       0       0       0       0       0       0       0       0       0       0       0       0       0       0       0       0       0       0       0       0
      Locals:         1       0       0       0       0       0       0       0       0       0       0       0       0       0       0       0       0       0       0       0       0       0       0       0       0       0       0       0       0       0       0       0       0
      Temps:          2       0       0       0       0       0       0       0       0       0       0       0       0       0       0       0       0       0       0       0       0       0       0       0       0       0       0       0       0       0       0       0       0
      Totals:         5       0       0       0       0       0       0       0       0       0       0       0       0       0       0       0       0       0       0       0       0       0       0       0       0       0       0       0       0       0       0       0       0
Total ram usage:        5 bytes
 Hardware stack levels used:    1
 Hardware stack levels required when called:    4
 This function calls:
		_strlen
 This function is called by:
		_uart1_tx_str_crlf
 This function uses a non-reentrant model


 *************** function _strcat *****************
 Defined at:
		line 3 in file "/opt/microchip/xc8/v2.30/pic/sources/c99/common/strcat.c"
 Parameters:    Size  Location     Type
  dest            2   30[COMRAM] PTR unsigned char 
		 -> uart1_tx_str_crlf@new_buff(64), 
  src             2   32[COMRAM] PTR const unsigned char 
		 -> STR_4(3), 
 Auto vars:     Size  Location     Type
		None
 Return value:  Size  Location     Type
                  2   30[COMRAM] PTR unsigned char 
 Registers used:
		wreg, fsr1l, fsr1h, fsr2l, fsr2h, status,2, status,0, tblptrl, tblptrh, tblptru, cstack
 Tracked objects:
		On entry : 
		On exit  : 
		Unchanged: 
 Data sizes:     COMRAM   BANK0   BANK1   BANK2   BANK3   BANK4   BANK5   BANK6   BANK7   BANK8   BANK9  BANK10  BANK11  BANK12  BANK13  BANK14  BANK15  BANK16  BANK17  BANK18  BANK19  BANK20  BANK21  BANK22  BANK23  BANK24  BANK25  BANK26  BANK27  BANK28  BANK29  BANK30  BANK31
      Params:         4       0       0       0       0       0       0       0       0       0       0       0       0       0       0       0       0       0       0       0       0       0       0       0       0       0       0       0       0       0       0       0       0
      Locals:         0       0       0       0       0       0       0       0       0       0       0       0       0       0       0       0       0       0       0       0       0       0       0       0       0       0       0       0       0       0       0       0       0
      Temps:          0       0       0       0       0       0       0       0       0       0       0       0       0       0       0       0       0       0       0       0       0       0       0       0       0       0       0       0       0       0       0       0       0
      Totals:         4       0       0       0       0       0       0       0       0       0       0       0       0       0       0       0       0       0       0       0       0       0       0       0       0       0       0       0       0       0       0       0       0
Total ram usage:        4 bytes
 Hardware stack levels used:    1
 Hardware stack levels required when called:    4
 This function calls:
		_strcpy
		_strlen
 This function is called by:
		_uart1_tx_str_crlf
 This function uses a non-reentrant model


 *************** function _strcpy *****************
 Defined at:
[...]
 Parameters:    Size  Location     Type
		None
 Auto vars:     Size  Location     Type
		None
 Return value:  Size  Location     Type
                  1    wreg      void 
 Registers used:
		wreg, fsr2l, fsr2h, status,2, status,0, cstack
 Tracked objects:
		On entry : 
		On exit  : 
		Unchanged: 
 Data sizes:     COMRAM   BANK0   BANK1   BANK2   BANK3   BANK4   BANK5   BANK6   BANK7   BANK8   BANK9  BANK10  BANK11  BANK12  BANK13  BANK14  BANK15  BANK16  BANK17  BANK18  BANK19  BANK20  BANK21  BANK22  BANK23  BANK24  BANK25  BANK26  BANK27  BANK28  BANK29  BANK30  BANK31
      Params:         0       0       0       0       0       0       0       0       0       0       0       0       0       0       0       0       0       0       0       0       0       0       0       0       0       0       0       0       0       0       0       0       0
      Locals:         0       0       0       0       0       0       0       0       0       0       0       0       0       0       0       0       0       0       0       0       0       0       0       0       0       0       0       0       0       0       0       0       0
      Temps:          0       0       0       0       0       0       0       0       0       0       0       0       0       0       0       0       0       0       0       0       0       0       0       0       0       0       0       0       0       0       0       0       0
      Totals:         0       0       0       0       0       0       0       0       0       0       0       0       0       0       0       0       0       0       0       0       0       0       0       0       0       0       0       0       0       0       0       0       0
Total ram usage:        0 bytes
 Hardware stack levels used:    1
 Hardware stack levels required when called:    1
 This function calls:
		___llmod
		_updateDisp
 This function is called by:
		Interrupt level 2
 This function uses a non-reentrant model


 *************** function _updateDisp *****************
 Defined at:
		line 191 in file "/home/dev-user/Projects/Personal/PIC/LibOutputDevices.X/disp_7seg4dig.c"
 Parameters:    Size  Location     Type
		None
 Auto vars:     Size  Location     Type
		None
 Return value:  Size  Location     Type
                  1    wreg      enum E16361
 Registers used:
		wreg, fsr2l, fsr2h, status,2, status,0
 Tracked objects:
		On entry : 
		On exit  : 
		Unchanged: 
 Data sizes:     COMRAM   BANK0   BANK1   BANK2   BANK3   BANK4   BANK5   BANK6   BANK7   BANK8   BANK9  BANK10  BANK11  BANK12  BANK13  BANK14  BANK15  BANK16  BANK17  BANK18  BANK19  BANK20  BANK21  BANK22  BANK23  BANK24  BANK25  BANK26  BANK27  BANK28  BANK29  BANK30  BANK31
      Params:         0       0       0       0       0       0       0       0       0       0       0       0       0       0       0       0       0       0       0       0       0       0       0       0       0       0       0       0       0       0       0       0       0
      Locals:         0       0       0       0       0       0       0       0       0       0       0       0       0       0       0       0       0       0       0       0       0       0       0       0       0       0       0       0       0       0       0       0       0
      Temps:          2       0       0       0       0       0       0       0       0       0       0       0       0       0       0       0       0       0       0       0       0       0       0       0       0       0       0       0       0       0       0       0       0
      Totals:         2       0       0       0       0       0       0       0       0       0       0       0       0       0       0       0       0       0       0       0       0       0       0       0       0       0       0       0       0       0       0       0       0
Total ram usage:        2 bytes
 Hardware stack levels used:    1
 This function calls:
		Nothing
 This function is called by:
		_TMR4_ISR
 This function uses a non-reentrant model


 *************** function ___llmod *****************
 Defined at:
		line 7 in file "/opt/microchip/xc8/v2.30/pic/sources/c99/common/llmod.c"
 Parameters:    Size  Location     Type
  dividend        4    0[COMRAM] unsigned long 
  divisor         4    4[COMRAM] unsigned long 
 Auto vars:     Size  Location     Type
  counter         1    8[COMRAM] unsigned char 
 Return value:  Size  Location     Type
                  4    0[COMRAM] unsigned long 
 Registers used:
		wreg, status,2, status,0
 Tracked objects:
		On entry : 
		On exit  : 
		Unchanged: 
 Data sizes:     COMRAM   BANK0   BANK1   BANK2   BANK3   BANK4   BANK5   BANK6   BANK7   BANK8   BANK9  BANK10  BANK11  BANK12  BANK13  BANK14  BANK15  BANK16  BANK17  BANK18  BANK19  BANK20  BANK21  BANK22  BANK23  BANK24  BANK25  BANK26  BANK27  BANK28  BANK29  BANK30  BANK31
      Params:         8       0       0       0       0       0       0       0       0       0       0       0       0       0       0       0       0       0       0       0       0       0       0       0       0       0       0       0       0       0       0       0       0
      Locals:         1       0       0       0       0       0       0       0       0       0       0       0       0       0       0       0       0       0       0       0       0       0       0       0       0       0       0       0       0       0       0       0       0
      Temps:          0       0       0       0       0       0       0       0       0       0       0       0       0       0       0       0       0       0       0       0       0       0       0       0       0       0       0       0       0       0       0       0       0
      Totals:         9       0       0       0       0       0       0       0       0       0       0       0       0       0       0       0       0       0       0       0       0       0       0       0       0       0       0       0       0       0       0       0       0
Total ram usage:        9 bytes
 Hardware stack levels used:    1
 This function calls:
		Nothing
 This function is called by:
		_TMR4_ISR
 This function uses a non-reentrant model


 *************** function _stepper0ISR *****************
 Defined at:
		line 30 in file "/home/dev-user/Projects/Personal/PIC/LibOutputDevices.X/stepper.c"
 Parameters:    Size  Location     Type
		None
 Auto vars:     Size  Location     Type
		None
 Return value:  Size  Location     Type
                  1    wreg      void 
 Registers used:
		wreg, status,2, status,0
 Tracked objects:
		On entry : 
		On exit  : 
		Unchanged: 
 Data sizes:     COMRAM   BANK0   BANK1   BANK2   BANK3   BANK4   BANK5   BANK6   BANK7   BANK8   BANK9  BANK10  BANK11  BANK12  BANK13  BANK14  BANK15  BANK16  BANK17  BANK18  BANK19  BANK20  BANK21  BANK22  BANK23  BANK24  BANK25  BANK26  BANK27  BANK28  BANK29  BANK30  BANK31
      Params:         0       0       0       0       0       0       0       0       0       0       0       0       0       0       0       0       0       0       0       0       0       0       0       0       0       0       0       0       0       0       0       0       0
      Locals:         0       0       0       0       0       0       0       0       0       0       0       0       0       0       0       0       0       0       0       0       0       0       0       0       0       0       0       0       0       0       0       0       0
      Temps:          0       0       0       0       0       0       0       0       0       0       0       0       0       0       0       0       0       0       0       0       0       0       0       0       0       0       0       0       0       0       0       0       0
      Totals:         0       0       0       0       0       0       0       0       0       0       0       0       0       0       0       0       0       0       0       0       0       0       0       0       0       0       0       0       0       0       0       0       0
Total ram usage:        0 bytes
 Hardware stack levels used:    1
 This function calls:
		Nothing
 This function is called by:
		Interrupt level 2
 This function uses a non-reentrant model


 *************** function _stepper1ISR *****************
 Defined at:
		line 243 in file "/home/dev-user/Projects/Personal/PIC/LibOutputDevices.X/stepper.c"
 Parameters:    Size  Location     Type
		None
 Auto vars:     Size  Location     Type
		None
 Return value:  Size  Location     Type
                  1    wreg      void 
 Registers used:
		wreg, status,2, status,0
 Tracked objects:
		On entry : 
		On exit  : 
		Unchanged: 
 Data sizes:     COMRAM   BANK0   BANK1   BANK2   BANK3   BANK4   BANK5   BANK6   BANK7   BANK8   BANK9  BANK10  BANK11  BANK12  BANK13  BANK14  BANK15  BANK16  BANK17  BANK18  BANK19  BANK20  BANK21  BANK22  BANK23  BANK24  BANK25  BANK26  BANK27  BANK28  BANK29  BANK30  BANK31
      Params:         0       0       0       0       0       0       0       0       0       0       0       0       0       0       0       0       0       0       0       0       0       0       0       0       0       0       0       0       0       0       0       0       0
      Locals:         0       0       0       0       0       0       0       0       0       0       0       0       0       0       0       0       0       0       0       0       0       0       0       0       0       0       0       0       0       0       0       0       0
      Temps:          0       0       0       0       0       0       0       0       0       0       0       0       0       0       0       0       0       0       0       0       0       0       0       0       0       0       0       0       0       0       0       0       0
      Totals:         0       0       0       0       0       0       0       0       0       0       0       0       0       0       0       0       0       0       0       0       0       0       0       0       0       0       0       0       0       0       0       0       0
Total ram usage:        0 bytes
 Hardware stack levels used:    1
 This function calls:
		Nothing
 This function is called by:
		Interrupt level 2
 This function uses a non-reentrant model


 *************** function _stepper2ISR *****************
 Defined at:
		line 454 in file "/home/dev-user/Projects/Personal/PIC/LibOutputDevices.X/stepper.c"
 Parameters:    Size  Location     Type
		None
 Auto vars:     Size  Location     Type
		None
 Return value:  Size  Location     Type
                  1    wreg      void 
 Registers used:
		wreg, status,2, status,0
 Tracked objects:
		On entry : 
		On exit  : 
		Unchanged: 
 Data sizes:     COMRAM   BANK0   BANK1   BANK2   BANK3   BANK4   BANK5   BANK6   BANK7   BANK8   BANK9  BANK10  BANK11  BANK12  BANK13  BANK14  BANK15  BANK16  BANK17  BANK18  BANK19  BANK20  BANK21  BANK22  BANK23  BANK24  BANK25  BANK26  BANK27  BANK28  BANK29  BANK30  BANK31
      Params:         0       0       0       0       0       0       0       0       0       0       0       0       0       0       0       0       0       0       0       0       0       0       0       0       0       0       0       0       0       0       0       0       0
      Locals:         0       0       0       0       0       0       0       0       0       0       0       0       0       0       0       0       0       0       0       0       0       0       0       0       0       0       0       0       0       0       0       0       0
      Temps:          0       0       0       0       0       0       0       0       0       0       0       0       0       0       0       0       0       0       0       0       0       0       0       0       0       0       0       0       0       0       0       0       0
      Totals:         0       0       0       0       0       0       0       0       0       0       0       0       0       0       0       0       0       0       0       0       0       0       0       0       0       0       0       0       0       0       0       0       0
Total ram usage:        0 bytes
 Hardware stack levels used:    1
 This function calls:
		Nothing
 This function is called by:
		Interrupt level 2
 This function uses a non-reentrant model



MODULE INFORMATION

Module		Function		Class		Link	Load	Size
/opt/microchip/xc8/v2.30/pic/sources/c99/common/strncmp.c
		_strncmp       		CODE           	3936	0000	274

/opt/microchip/xc8/v2.30/pic/sources/c99/common/strncmp.c estimated size: 274

/opt/microchip/xc8/v2.30/pic/sources/c99/common/nf_fputc.c
		_fputc         		CODE           	3D1E	0000	216

/opt/microchip/xc8/v2.30/pic/sources/c99/common/nf_fputc.c estimated size: 216

/home/dev-user/Projects/Personal/PIC/PIC18Test1.X/System.c
		_SysInit       		CODE           	3C30	0000	238
		_make_all_digital		CODE           	4F2A	0000	24
		_SetupClk      		CODE           	4E68	0000	40

/home/dev-user/Projects/Personal/PIC/PIC18Test1.X/System.c estimated size: 302

/home/dev-user/Projects/Personal/PIC/LibPeripherals.X/uart.c
		_uart1_tx_str  		CODE           	381A	0000	284
		_uart1_tx_str_crlf		CODE           	4938	0000	112
		_UART1Setup    		CODE           	317E	0000	512

/home/dev-user/Projects/Personal/PIC/LibPeripherals.X/uart.c estimated size: 908

/opt/microchip/xc8/v2.30/pic/sources/c99/common/strcat.c
		_strcat        		CODE           	4E90	0000	38

/opt/microchip/xc8/v2.30/pic/sources/c99/common/strcat.c estimated size: 38

/opt/microchip/xc8/v2.30/pic/sources/c99/common/atoi.c
		_atoi          		CODE           	337E	0000	440

/opt/microchip/xc8/v2.30/pic/sources/c99/common/atoi.c estimated size: 440

/opt/microchip/xc8/v2.30/pic/sources/c99/common/isalpha.c
		_isalpha       		CODE           	4CB8	0000	60

/opt/microchip/xc8/v2.30/pic/sources/c99/common/isalpha.c estimated size: 60

/opt/microchip/xc8/v2.30/pic/sources/c99/common/lomod.c
		___lomod       		CODE           	3FA6	0000	208

/opt/microchip/xc8/v2.30/pic/sources/c99/common/lomod.c estimated size: 208

/home/dev-user/Projects/Personal/PIC/PIC18Test1.X/interrupts.c
		_TMR4_ISR      		CODE           	4624	0000	152
		_DEFAULT_ISR   		CODE           	4F88	0000	2
		_RX_ISR        		CODE           	3538	0000	390
		_TX_ISR        		CODE           	4B34	0000	84

/home/dev-user/Projects/Personal/PIC/PIC18Test1.X/interrupts.c estimated size: 628

/opt/microchip/xc8/v2.30/pic/sources/c99/common/strlen.c
		_strlen        		CODE           	4CF4	0000	58

/opt/microchip/xc8/v2.30/pic/sources/c99/common/strlen.c estimated size: 58

/home/dev-user/Projects/Personal/PIC/LibPeripherals.X/i2c.c
		_I2C1Write     		CODE           	4AD4	0000	94
		_I2C1Enable    		CODE           	4F70	0000	6
		_I2C1WrRd      		CODE           	4076	0000	196
		_I2C1Setup     		CODE           	44D4	0000	172
		_I2C1Disable   		CODE           	4F66	0000	10

/home/dev-user/Projects/Personal/PIC/LibPeripherals.X/i2c.c estimated size: 478

/home/dev-user/Projects/Personal/PIC/PIC18Test1.X/main.c
		_main          		CODE           	36BE	0000	348

/home/dev-user/Projects/Personal/PIC/PIC18Test1.X/main.c estimated size: 348

/opt/microchip/xc8/v2.30/pic/sources/c99/common/strcpy.c
		_strcpy        		CODE           	49A8	0000	106

/opt/microchip/xc8/v2.30/pic/sources/c99/common/strcpy.c estimated size: 106

/opt/microchip/xc8/v2.30/pic/sources/c99/common/lwmod.c
		___lwmod       		CODE           	4A12	0000	100

/opt/microchip/xc8/v2.30/pic/sources/c99/common/lwmod.c estimated size: 100

/opt/microchip/xc8/v2.30/pic/sources/c99/common/__lldiv.c
		___lldiv       		CODE           	4580	0000	164

/opt/microchip/xc8/v2.30/pic/sources/c99/common/__lldiv.c estimated size: 164

/opt/microchip/xc8/v2.30/pic/sources/c99/common/putch.c
		_putch         		CODE           	4F86	0000	2

/opt/microchip/xc8/v2.30/pic/sources/c99/common/putch.c estimated size: 2

/opt/microchip/xc8/v2.30/pic/sources/c99/common/llmod.c
		___llmod       		CODE           	4752	0000	136

/opt/microchip/xc8/v2.30/pic/sources/c99/common/llmod.c estimated size: 136

/opt/microchip/xc8/v2.30/pic/sources/c99/common/isdigit.c
		_isdigit       		CODE           	4D9E	0000	56

/opt/microchip/xc8/v2.30/pic/sources/c99/common/isdigit.c estimated size: 56

/opt/microchip/xc8/v2.30/pic/sources/c99/common/doprnt.c
		_vfpfcnvrt     		CODE           	207A	0000	1768
		_pad           		CODE           	413A	0000	194
		_vfprintf      		CODE           	48C6	0000	114
		_utoa          		CODE           	2F76	0000	520
		_xtoa          		CODE           	2762	0000	738

/opt/microchip/xc8/v2.30/pic/sources/c99/common/doprnt.c estimated size: 3334

/opt/microchip/xc8/v2.30/pic/sources/c99/common/nf_sprintf.c
		_sprintf       		CODE           	4B88	0000	82

/opt/microchip/xc8/v2.30/pic/sources/c99/common/nf_sprintf.c estimated size: 82

/home/dev-user/Projects/Personal/PIC/LibOutputDevices.X/stepper.c
		_stepper0ISR   		CODE           	4EB8	0000	38
		_stepper1ISR   		CODE           	4EE0	0000	38
		_stepper2ISR   		CODE           	4F08	0000	34

/home/dev-user/Projects/Personal/PIC/LibOutputDevices.X/stepper.c estimated size: 110

/opt/microchip/xc8/v2.30/pic/sources/c99/common/lodiv.c
		___lodiv       		CODE           	3B40	0000	240

/opt/microchip/xc8/v2.30/pic/sources/c99/common/lodiv.c estimated size: 240

/opt/microchip/xc8/v2.30/pic/sources/c99/common/nf_fputs.c
		_fputs         		CODE           	4C74	0000	68

/opt/microchip/xc8/v2.30/pic/sources/c99/common/nf_fputs.c estimated size: 68

shared
		__initialization		CODE           	47DA	0000	114

shared estimated size: 114

/opt/microchip/xc8/v2.30/pic/sources/c99/common/lwdiv.c
		___lwdiv       		CODE           	4852	0000	116

/opt/microchip/xc8/v2.30/pic/sources/c99/common/lwdiv.c estimated size: 116

/opt/microchip/xc8/v2.30/pic/sources/c99/common/Umul16.c
		___wmul        		CODE           	4E3E	0000	42

/opt/microchip/xc8/v2.30/pic/sources/c99/common/Umul16.c estimated size: 42

/opt/microchip/xc8/v2.30/pic/sources/c99/common/islower.c
		_islower       		CODE           	4D2E	0000	56

/opt/microchip/xc8/v2.30/pic/sources/c99/common/islower.c estimated size: 56

/home/dev-user/Projects/Personal/PIC/LibMisc.X/IOExp_PCA9539A.c
		_IOExpSetup    		CODE           	41FC	0000	188
		_IOExpUpdateIn 		CODE           	4F42	0000	18
		_IOExpWriteVal 		CODE           	4420	0000	180
		_IOExpWriteDir 		CODE           	436C	0000	180
		_IOExpWriteInv 		CODE           	42B8	0000	180
		_IOExpUpdateAll		CODE           	46BC	0000	150
		_IOExpUpdateOut		CODE           	4E0A	0000	52
		_IOExpReadIVal 		CODE           	3A48	0000	248

/home/dev-user/Projects/Personal/PIC/LibMisc.X/IOExp_PCA9539A.c estimated size: 1196

/opt/microchip/xc8/v2.30/pic/sources/c99/common/isupper.c
		_isupper       		CODE           	4D66	0000	56

/opt/microchip/xc8/v2.30/pic/sources/c99/common/isupper.c estimated size: 56

/opt/microchip/xc8/v2.30/pic/sources/c99/common/toupper.c
		_toupper       		CODE           	4A76	0000	94

/opt/microchip/xc8/v2.30/pic/sources/c99/common/toupper.c estimated size: 94

/home/dev-user/Projects/Personal/PIC/LibOutputDevices.X/disp_7seg4dig.c
		_setupDisp     		CODE           	4DD6	0000	52
		_updateDisp    		CODE           	4C2C	0000	72
		_updateDispVal 		CODE           	2A44	0000	692
		_updateDispValHex		CODE           	2CF8	0000	638

/home/dev-user/Projects/Personal/PIC/LibOutputDevices.X/disp_7seg4dig.c estimated size: 1454

/opt/microchip/xc8/v2.30/pic/sources/c99/common/isspace.c
		_isspace       		CODE           	4BDA	0000	82

/opt/microchip/xc8/v2.30/pic/sources/c99/common/isspace.c estimated size: 82

/home/dev-user/Projects/Personal/PIC/LibPeripherals.X/timers.c
		_Tmr4Enable    		CODE           	4F7A	0000	4
		_Tmr6Enable    		CODE           	4F7E	0000	4
		_Tmr4Setup     		CODE           	3DF6	0000	216
		_Tmr4Disable   		CODE           	4F76	0000	4
		_Tmr6Setup     		CODE           	3ECE	0000	216
		_Tmr6Disable   		CODE           	4F82	0000	4

/home/dev-user/Projects/Personal/PIC/LibPeripherals.X/timers.c estimated size: 448

